Archive member included to satisfy reference by file (symbol)

/home/hazem/workspace/gcc-arm-none-eabi-5_4/bin/../lib/gcc/arm-none-eabi/5.4.1/../../../../arm-none-eabi/lib/armv6-m/libm.a(lib_a-s_ceil.o)
                              ./src/rtc-board.o (ceil)
/home/hazem/workspace/gcc-arm-none-eabi-5_4/bin/../lib/gcc/arm-none-eabi/5.4.1/../../../../arm-none-eabi/lib/armv6-m/libm.a(lib_a-s_floor.o)
                              ./src/sx1272.o (floor)
/home/hazem/workspace/gcc-arm-none-eabi-5_4/bin/../lib/gcc/arm-none-eabi/5.4.1/../../../../arm-none-eabi/lib/armv6-m/libm.a(lib_a-s_round.o)
                              ./src/rtc-board.o (round)
/home/hazem/workspace/gcc-arm-none-eabi-5_4/bin/../lib/gcc/arm-none-eabi/5.4.1/armv6-m/libgcc.a(_thumb1_case_uqi.o)
                              ./system/src/stm32l0xx/stm32l0xx_hal_rcc.o (__gnu_thumb1_case_uqi)
/home/hazem/workspace/gcc-arm-none-eabi-5_4/bin/../lib/gcc/arm-none-eabi/5.4.1/armv6-m/libgcc.a(_thumb1_case_uhi.o)
                              ./src/LoRaMac.o (__gnu_thumb1_case_uhi)
/home/hazem/workspace/gcc-arm-none-eabi-5_4/bin/../lib/gcc/arm-none-eabi/5.4.1/armv6-m/libgcc.a(_udivsi3.o)
                              ./system/src/stm32l0xx/stm32l0xx_hal.o (__aeabi_uidiv)
/home/hazem/workspace/gcc-arm-none-eabi-5_4/bin/../lib/gcc/arm-none-eabi/5.4.1/armv6-m/libgcc.a(_divsi3.o)
                              ./src/fifo.o (__aeabi_idivmod)
/home/hazem/workspace/gcc-arm-none-eabi-5_4/bin/../lib/gcc/arm-none-eabi/5.4.1/armv6-m/libgcc.a(_dvmd_tls.o)
                              /home/hazem/workspace/gcc-arm-none-eabi-5_4/bin/../lib/gcc/arm-none-eabi/5.4.1/armv6-m/libgcc.a(_udivsi3.o) (__aeabi_idiv0)
/home/hazem/workspace/gcc-arm-none-eabi-5_4/bin/../lib/gcc/arm-none-eabi/5.4.1/armv6-m/libgcc.a(_arm_cmpdf2.o)
                              ./src/rtc-board.o (__aeabi_dcmplt)
/home/hazem/workspace/gcc-arm-none-eabi-5_4/bin/../lib/gcc/arm-none-eabi/5.4.1/armv6-m/libgcc.a(_clzsi2.o)
                              ./src/spi-board.o (__clzsi2)
/home/hazem/workspace/gcc-arm-none-eabi-5_4/bin/../lib/gcc/arm-none-eabi/5.4.1/armv6-m/libgcc.a(_fixunssfsi.o)
                              ./src/delay.o (__aeabi_f2uiz)
/home/hazem/workspace/gcc-arm-none-eabi-5_4/bin/../lib/gcc/arm-none-eabi/5.4.1/armv6-m/libgcc.a(_fixunsdfsi.o)
                              ./src/LoRaMac.o (__aeabi_d2uiz)
/home/hazem/workspace/gcc-arm-none-eabi-5_4/bin/../lib/gcc/arm-none-eabi/5.4.1/armv6-m/libgcc.a(mulsf3.o)
                              ./src/delay.o (__aeabi_fmul)
/home/hazem/workspace/gcc-arm-none-eabi-5_4/bin/../lib/gcc/arm-none-eabi/5.4.1/armv6-m/libgcc.a(subsf3.o)
                              /home/hazem/workspace/gcc-arm-none-eabi-5_4/bin/../lib/gcc/arm-none-eabi/5.4.1/armv6-m/libgcc.a(_fixunssfsi.o) (__aeabi_fsub)
/home/hazem/workspace/gcc-arm-none-eabi-5_4/bin/../lib/gcc/arm-none-eabi/5.4.1/armv6-m/libgcc.a(fixsfsi.o)
                              /home/hazem/workspace/gcc-arm-none-eabi-5_4/bin/../lib/gcc/arm-none-eabi/5.4.1/armv6-m/libgcc.a(_fixunssfsi.o) (__aeabi_f2iz)
/home/hazem/workspace/gcc-arm-none-eabi-5_4/bin/../lib/gcc/arm-none-eabi/5.4.1/armv6-m/libgcc.a(adddf3.o)
                              ./src/LoRaMac.o (__aeabi_dadd)
/home/hazem/workspace/gcc-arm-none-eabi-5_4/bin/../lib/gcc/arm-none-eabi/5.4.1/armv6-m/libgcc.a(divdf3.o)
                              ./src/rtc-board.o (__aeabi_ddiv)
/home/hazem/workspace/gcc-arm-none-eabi-5_4/bin/../lib/gcc/arm-none-eabi/5.4.1/armv6-m/libgcc.a(eqdf2.o)
                              /home/hazem/workspace/gcc-arm-none-eabi-5_4/bin/../lib/gcc/arm-none-eabi/5.4.1/armv6-m/libgcc.a(_arm_cmpdf2.o) (__eqdf2)
/home/hazem/workspace/gcc-arm-none-eabi-5_4/bin/../lib/gcc/arm-none-eabi/5.4.1/armv6-m/libgcc.a(gedf2.o)
                              /home/hazem/workspace/gcc-arm-none-eabi-5_4/bin/../lib/gcc/arm-none-eabi/5.4.1/armv6-m/libgcc.a(_arm_cmpdf2.o) (__gedf2)
/home/hazem/workspace/gcc-arm-none-eabi-5_4/bin/../lib/gcc/arm-none-eabi/5.4.1/armv6-m/libgcc.a(ledf2.o)
                              /home/hazem/workspace/gcc-arm-none-eabi-5_4/bin/../lib/gcc/arm-none-eabi/5.4.1/armv6-m/libgcc.a(_arm_cmpdf2.o) (__ledf2)
/home/hazem/workspace/gcc-arm-none-eabi-5_4/bin/../lib/gcc/arm-none-eabi/5.4.1/armv6-m/libgcc.a(muldf3.o)
                              ./src/LoRaMac.o (__aeabi_dmul)
/home/hazem/workspace/gcc-arm-none-eabi-5_4/bin/../lib/gcc/arm-none-eabi/5.4.1/armv6-m/libgcc.a(subdf3.o)
                              ./src/rtc-board.o (__aeabi_dsub)
/home/hazem/workspace/gcc-arm-none-eabi-5_4/bin/../lib/gcc/arm-none-eabi/5.4.1/armv6-m/libgcc.a(fixdfsi.o)
                              ./src/rtc-board.o (__aeabi_d2iz)
/home/hazem/workspace/gcc-arm-none-eabi-5_4/bin/../lib/gcc/arm-none-eabi/5.4.1/armv6-m/libgcc.a(floatsidf.o)
                              ./src/LoRaMac.o (__aeabi_i2d)
/home/hazem/workspace/gcc-arm-none-eabi-5_4/bin/../lib/gcc/arm-none-eabi/5.4.1/armv6-m/libgcc.a(floatunsidf.o)
                              ./src/LoRaMac.o (__aeabi_ui2d)
[...]
Memory Configuration

Name             Origin             Length             Attributes
FLASH            0x08000000         0x00010000         xr
RAM              0x20000000         0x00002000         xrw
CCMRAM           0x10000000         0x00000000         xrw
FLASHB1          0x00000000         0x00000000         xr
EXTMEMB0         0x00000000         0x00000000         xr
EXTMEMB1         0x00000000         0x00000000         xr
EXTMEMB2         0x00000000         0x00000000         xr
EXTMEMB3         0x00000000         0x00000000         xr
*default*        0x00000000         0xffffffff

Linker script and memory map

LOAD ./system/src/stm32l0xx/stm32l0xx_hal.o
LOAD ./system/src/stm32l0xx/stm32l0xx_hal_adc.o
LOAD ./system/src/stm32l0xx/stm32l0xx_hal_adc_ex.o
LOAD ./system/src/stm32l0xx/stm32l0xx_hal_comp.o
LOAD ./system/src/stm32l0xx/stm32l0xx_hal_comp_ex.o
LOAD ./system/src/stm32l0xx/stm32l0xx_hal_cortex.o
LOAD ./system/src/stm32l0xx/stm32l0xx_hal_dma.o
LOAD ./system/src/stm32l0xx/stm32l0xx_hal_flash.o
LOAD ./system/src/stm32l0xx/stm32l0xx_hal_flash_ex.o
LOAD ./system/src/stm32l0xx/stm32l0xx_hal_flash_ramfunc.o
LOAD ./system/src/stm32l0xx/stm32l0xx_hal_gpio.o
LOAD ./system/src/stm32l0xx/stm32l0xx_hal_i2c.o
LOAD ./system/src/stm32l0xx/stm32l0xx_hal_i2c_ex.o
LOAD ./system/src/stm32l0xx/stm32l0xx_hal_lptim.o
LOAD ./system/src/stm32l0xx/stm32l0xx_hal_pwr.o
LOAD ./system/src/stm32l0xx/stm32l0xx_hal_pwr_ex.o
LOAD ./system/src/stm32l0xx/stm32l0xx_hal_rcc.o
LOAD ./system/src/stm32l0xx/stm32l0xx_hal_rcc_ex.o
LOAD ./system/src/stm32l0xx/stm32l0xx_hal_rtc.o
LOAD ./system/src/stm32l0xx/stm32l0xx_hal_rtc_ex.o
LOAD ./system/src/stm32l0xx/stm32l0xx_hal_spi.o
LOAD ./system/src/stm32l0xx/stm32l0xx_hal_tim.o
LOAD ./system/src/stm32l0xx/stm32l0xx_hal_tim_ex.o
LOAD ./system/src/newlib/_cxx.o
LOAD ./system/src/newlib/_exit.o
LOAD ./system/src/newlib/_sbrk.o
LOAD ./system/src/newlib/_startup.o
LOAD ./system/src/newlib/_syscalls.o
LOAD ./system/src/newlib/assert.o
LOAD ./system/src/diag/Trace.o
LOAD ./system/src/diag/trace_impl.o
LOAD ./system/src/cortexm/_initialize_hardware.o
LOAD ./system/src/cortexm/_reset_hardware.o
LOAD ./system/src/cortexm/exception_handlers.o
LOAD ./system/src/cmsis/startup_stm32l051xx.o
LOAD ./system/src/cmsis/system_stm32l0xx.o
LOAD ./src/LoRaMac-api-v3.o
LOAD ./src/LoRaMac.o
LOAD ./src/LoRaMacCrypto.o
LOAD ./src/adc-board.o
LOAD ./src/aes.o
LOAD ./src/board.o
LOAD ./src/cmac.o
LOAD ./src/delay.o
LOAD ./src/fifo.o
LOAD ./src/gpio-board.o
LOAD ./src/main_telemic.o
LOAD ./src/rtc-board.o
LOAD ./src/spi-board.o
LOAD ./src/stm32l0xx_hal_msp.o
LOAD ./src/stm32l0xx_it.o
LOAD ./src/sx1272-board.o
LOAD ./src/sx1272.o
LOAD ./src/sysIrqHandlers.o
LOAD ./src/timer.o
LOAD ./src/utilities.o
LOAD /home/hazem/workspace/gcc-arm-none-eabi-5_4/bin/../lib/gcc/arm-none-eabi/5.4.1/../../../../arm-none-eabi/lib/armv6-m/libstdc++_nano.a
LOAD /home/hazem/workspace/gcc-arm-none-eabi-5_4/bin/../lib/gcc/arm-none-eabi/5.4.1/../../../../arm-none-eabi/lib/armv6-m/libm.a
START GROUP
LOAD /home/hazem/workspace/gcc-arm-none-eabi-5_4/bin/../lib/gcc/arm-none-eabi/5.4.1/armv6-m/libgcc.a
LOAD /home/hazem/workspace/gcc-arm-none-eabi-5_4/bin/../lib/gcc/arm-none-eabi/5.4.1/../../../../arm-none-eabi/lib/armv6-m/libg_nano.a
LOAD /home/hazem/workspace/gcc-arm-none-eabi-5_4/bin/../lib/gcc/arm-none-eabi/5.4.1/../../../../arm-none-eabi/lib/armv6-m/libc_nano.a
END GROUP
START GROUP
LOAD /home/hazem/workspace/gcc-arm-none-eabi-5_4/bin/../lib/gcc/arm-none-eabi/5.4.1/armv6-m/libgcc.a
LOAD /home/hazem/workspace/gcc-arm-none-eabi-5_4/bin/../lib/gcc/arm-none-eabi/5.4.1/../../../../arm-none-eabi/lib/armv6-m/libc_nano.a
END GROUP
                0x20002000                __stack = (ORIGIN (RAM) + LENGTH (RAM))
                0x20002000                _estack = __stack
                0x00000400                __Main_Stack_Size = 0x400
                [!provide]                PROVIDE (_Main_Stack_Size, __Main_Stack_Size)
                0x20001c00                __Main_Stack_Limit = (__stack - __Main_Stack_Size)
                [!provide]                PROVIDE (_Main_Stack_Limit, __Main_Stack_Limit)
                0x00000100                _Minimum_Stack_Size = 0x100
                0x20000e0c                PROVIDE (_Heap_Begin, _end_noinit)
                0x20001c00                PROVIDE (_Heap_Limit, (__stack - __Main_Stack_Size))

.isr_vector     0x08000000      0x220
 FILL mask 0xff
                0x08000000                __vectors_start = ABSOLUTE (.)
                0x08000000                __vectors_start__ = ABSOLUTE (.)
 *(.isr_vector)
 .isr_vector    0x08000000       0xc0 ./system/src/cmsis/startup_stm32l051xx.o
                0x08000000                g_pfnVectors
 *(.cfmconfig)
 *(.after_vectors .after_vectors.*)
 .after_vectors
                0x080000c0      0x110 ./system/src/newlib/_startup.o
                0x080000c0                _start
 .after_vectors
                0x080001d0       0x50 ./system/src/cortexm/exception_handlers.o
                0x080001d0                Reset_Handler
                0x080001f2                HardFault_Handler_C

.inits          0x08000220       0x28
                0x08000220                __data_regions_array_start = .
                0x08000220        0x4 LONG 0x800b12c LOADADDR (.data)
                0x08000224        0x4 LONG 0x20000000 ADDR (.data)
                0x08000228        0x4 LONG 0x200001f0 (ADDR (.data) + SIZEOF (.data))
                0x0800022c        0x4 LONG 0x800b12c LOADADDR (.data_CCMRAM)
                0x08000230        0x4 LONG 0x10000000 ADDR (.data_CCMRAM)
                0x08000234        0x4 LONG 0x10000000 (ADDR (.data_CCMRAM) + SIZEOF (.data_CCMRAM))
                0x08000238                __data_regions_array_end = .
                0x08000238                __bss_regions_array_start = .
                0x08000238        0x4 LONG 0x200001f0 ADDR (.bss)
                0x0800023c        0x4 LONG 0x20000e0c (ADDR (.bss) + SIZEOF (.bss))
                0x08000240        0x4 LONG 0x10000000 ADDR (.bss_CCMRAM)
                0x08000244        0x4 LONG 0x10000000 (ADDR (.bss_CCMRAM) + SIZEOF (.bss_CCMRAM))
                0x08000248                __bss_regions_array_end = .
 *(.init)
 *(.fini)
                0x08000248                . = ALIGN (0x4)
                0x08000248                PROVIDE (__preinit_array_start, .)
 *(.preinit_array_sysinit .preinit_array_sysinit.*)
 *(.preinit_array_platform .preinit_array_platform.*)
 *(.preinit_array .preinit_array.*)
                0x08000248                PROVIDE (__preinit_array_end, .)
                0x08000248                . = ALIGN (0x4)
                0x08000248                PROVIDE (__init_array_start, .)
 *(SORT(.init_array.*))
 *(.init_array)
                0x08000248                PROVIDE (__init_array_end, .)
                0x08000248                . = ALIGN (0x4)
                0x08000248                PROVIDE (__fini_array_start, .)
 *(SORT(.fini_array.*))
 *(.fini_array)
                0x08000248                PROVIDE (__fini_array_end, .)

.flashtext
 *(.flashtext .flashtext.*)

.text           0x08000248     0xaee3
 *(.text .text.*)
 .text.HAL_InitTick
                0x08000248       0x28 ./system/src/stm32l0xx/stm32l0xx_hal.o
                0x08000248                HAL_InitTick
 .text.HAL_Init
                0x08000270       0x20 ./system/src/stm32l0xx/stm32l0xx_hal.o
                0x08000270                HAL_Init
 .text.HAL_IncTick
                0x08000290       0x10 ./system/src/stm32l0xx/stm32l0xx_hal.o
                0x08000290                HAL_IncTick
 .text.HAL_GetTick
                0x080002a0        0xc ./system/src/stm32l0xx/stm32l0xx_hal.o
                0x080002a0                HAL_GetTick
 .text.HAL_Delay
                0x080002ac       0x18 ./system/src/stm32l0xx/stm32l0xx_hal.o
                0x080002ac                HAL_Delay
 .text.HAL_GetREVID
                0x080002c4        0xc ./system/src/stm32l0xx/stm32l0xx_hal.o
                0x080002c4                HAL_GetREVID
 .text.HAL_GetDEVID
                0x080002d0       0x10 ./system/src/stm32l0xx/stm32l0xx_hal.o
                0x080002d0                HAL_GetDEVID
 .text.HAL_DBGMCU_DisableDBGSleepMode
                0x080002e0       0x10 ./system/src/stm32l0xx/stm32l0xx_hal.o
                0x080002e0                HAL_DBGMCU_DisableDBGSleepMode
 .text.HAL_DBGMCU_DisableDBGStopMode
                0x080002f0       0x10 ./system/src/stm32l0xx/stm32l0xx_hal.o
                0x080002f0                HAL_DBGMCU_DisableDBGStopMode
 .text.HAL_DBGMCU_DisableDBGStandbyMode
                0x08000300       0x10 ./system/src/stm32l0xx/stm32l0xx_hal.o
                0x08000300                HAL_DBGMCU_DisableDBGStandbyMode
 .text.HAL_COMP_Init
                0x08000310      0x2c8 ./system/src/stm32l0xx/stm32l0xx_hal_comp.o
                0x08000310                HAL_COMP_Init
 .text.HAL_NVIC_SetPriority
                0x080005d8       0x6c ./system/src/stm32l0xx/stm32l0xx_hal_cortex.o
                0x080005d8                HAL_NVIC_SetPriority
 .text.HAL_NVIC_EnableIRQ
                0x08000644       0x1c ./system/src/stm32l0xx/stm32l0xx_hal_cortex.o
                0x08000644                HAL_NVIC_EnableIRQ
 .text.HAL_NVIC_DisableIRQ
                0x08000660       0x1c ./system/src/stm32l0xx/stm32l0xx_hal_cortex.o
                0x08000660                HAL_NVIC_DisableIRQ
 .text.HAL_SYSTICK_Config
                0x0800067c       0x34 ./system/src/stm32l0xx/stm32l0xx_hal_cortex.o
                0x0800067c                HAL_SYSTICK_Config
 .text.HAL_SYSTICK_CLKSourceConfig
                0x080006b0       0x28 ./system/src/stm32l0xx/stm32l0xx_hal_cortex.o
                0x080006b0                HAL_SYSTICK_CLKSourceConfig
 .text.HAL_SYSTICK_Callback
                0x080006d8        0x2 ./system/src/stm32l0xx/stm32l0xx_hal_cortex.o
                0x080006d8                HAL_SYSTICK_Callback
 .text.HAL_SYSTICK_IRQHandler
                0x080006da        0x8 ./system/src/stm32l0xx/stm32l0xx_hal_cortex.o
                0x080006da                HAL_SYSTICK_IRQHandler
 *fill*         0x080006e2        0x2 
 .text.FLASH_SetErrorCode
                0x080006e4       0x84 ./system/src/stm32l0xx/stm32l0xx_hal_flash.o
 .text.FLASH_WaitForLastOperation
                0x08000768       0x70 ./system/src/stm32l0xx/stm32l0xx_hal_flash.o
                0x08000768                FLASH_WaitForLastOperation
 .text.HAL_FLASHEx_DATAEEPROM_Unlock
                0x080007d8       0x24 ./system/src/stm32l0xx/stm32l0xx_hal_flash_ex.o
                0x080007d8                HAL_FLASHEx_DATAEEPROM_Unlock
 .text.HAL_FLASHEx_DATAEEPROM_Lock
                0x080007fc       0x14 ./system/src/stm32l0xx/stm32l0xx_hal_flash_ex.o
                0x080007fc                HAL_FLASHEx_DATAEEPROM_Lock
 .text.HAL_FLASHEx_DATAEEPROM_Erase
                0x08000810       0x3c ./system/src/stm32l0xx/stm32l0xx_hal_flash_ex.o
                0x08000810                HAL_FLASHEx_DATAEEPROM_Erase
 .text.HAL_FLASHEx_DATAEEPROM_Program
                0x0800084c       0x70 ./system/src/stm32l0xx/stm32l0xx_hal_flash_ex.o
                0x0800084c                HAL_FLASHEx_DATAEEPROM_Program
 .text.HAL_GPIO_Init
                0x080008bc      0x264 ./system/src/stm32l0xx/stm32l0xx_hal_gpio.o
                0x080008bc                HAL_GPIO_Init
 .text.HAL_GPIO_DeInit
                0x08000b20      0x13c ./system/src/stm32l0xx/stm32l0xx_hal_gpio.o
                0x08000b20                HAL_GPIO_DeInit
 .text.HAL_GPIO_WritePin
                0x08000c5c       0x74 ./system/src/stm32l0xx/stm32l0xx_hal_gpio.o
                0x08000c5c                HAL_GPIO_WritePin
 .text.HAL_GPIO_EXTI_IRQHandler
                0x08000cd0       0x18 ./system/src/stm32l0xx/stm32l0xx_hal_gpio.o
                0x08000cd0                HAL_GPIO_EXTI_IRQHandler
 .text.HAL_PWR_DisablePVD
                0x08000ce8       0x10 ./system/src/stm32l0xx/stm32l0xx_hal_pwr.o
                0x08000ce8                HAL_PWR_DisablePVD
 .text.HAL_PWR_EnterSTOPMode
                0x08000cf8       0x50 ./system/src/stm32l0xx/stm32l0xx_hal_pwr.o
                0x08000cf8                HAL_PWR_EnterSTOPMode
 .text.HAL_PWREx_EnableFastWakeUp
                0x08000d48       0x14 ./system/src/stm32l0xx/stm32l0xx_hal_pwr_ex.o
                0x08000d48                HAL_PWREx_EnableFastWakeUp
 .text.HAL_PWREx_EnableUltraLowPower
                0x08000d5c       0x14 ./system/src/stm32l0xx/stm32l0xx_hal_pwr_ex.o
                0x08000d5c                HAL_PWREx_EnableUltraLowPower
 .text.HAL_RCC_GetSysClockFreq
                0x08000d70       0x84 ./system/src/stm32l0xx/stm32l0xx_hal_rcc.o
                0x08000d70                HAL_RCC_GetSysClockFreq
 .text.HAL_RCC_OscConfig
                0x08000df4      0x53c ./system/src/stm32l0xx/stm32l0xx_hal_rcc.o
                0x08000df4                HAL_RCC_OscConfig
 .text.HAL_RCC_ClockConfig
                0x08001330      0x210 ./system/src/stm32l0xx/stm32l0xx_hal_rcc.o
                0x08001330                HAL_RCC_ClockConfig
 .text.HAL_RCC_GetHCLKFreq
                0x08001540        0xc ./system/src/stm32l0xx/stm32l0xx_hal_rcc.o
                0x08001540                HAL_RCC_GetHCLKFreq
 .text.HAL_RCCEx_PeriphCLKConfig
                0x0800154c      0x1ac ./system/src/stm32l0xx/stm32l0xx_hal_rcc_ex.o
                0x0800154c                HAL_RCCEx_PeriphCLKConfig
 .text.HAL_RTC_DeactivateAlarm
                0x080016f8       0xcc ./system/src/stm32l0xx/stm32l0xx_hal_rtc.o
                0x080016f8                HAL_RTC_DeactivateAlarm
 .text.HAL_RTC_AlarmAEventCallback
                0x080017c4        0x2 ./system/src/stm32l0xx/stm32l0xx_hal_rtc.o
                0x080017c4                HAL_RTC_AlarmAEventCallback
 *fill*         0x080017c6        0x2 
 .text.HAL_RTC_AlarmIRQHandler
                0x080017c8       0x60 ./system/src/stm32l0xx/stm32l0xx_hal_rtc.o
                0x080017c8                HAL_RTC_AlarmIRQHandler
 .text.HAL_RTC_WaitForSynchro
                0x08001828       0x32 ./system/src/stm32l0xx/stm32l0xx_hal_rtc.o
                0x08001828                HAL_RTC_WaitForSynchro
 .text.RTC_EnterInitMode
                0x0800185a       0x36 ./system/src/stm32l0xx/stm32l0xx_hal_rtc.o
                0x0800185a                RTC_EnterInitMode
 .text.HAL_RTC_Init
                0x08001890      0x100 ./system/src/stm32l0xx/stm32l0xx_hal_rtc.o
                0x08001890                HAL_RTC_Init
 .text.RTC_ByteToBcd2
                0x08001990       0x16 ./system/src/stm32l0xx/stm32l0xx_hal_rtc.o
                0x08001990                RTC_ByteToBcd2
 .text.RTC_Bcd2ToByte
                0x080019a6       0x10 ./system/src/stm32l0xx/stm32l0xx_hal_rtc.o
                0x080019a6                RTC_Bcd2ToByte
 *fill*         0x080019b6        0x2 
 .text.HAL_RTC_SetTime
                0x080019b8      0x1a0 ./system/src/stm32l0xx/stm32l0xx_hal_rtc.o
                0x080019b8                HAL_RTC_SetTime
 .text.HAL_RTC_GetTime
                0x08001b58       0x60 ./system/src/stm32l0xx/stm32l0xx_hal_rtc.o
                0x08001b58                HAL_RTC_GetTime
 .text.HAL_RTC_SetDate
                0x08001bb8      0x148 ./system/src/stm32l0xx/stm32l0xx_hal_rtc.o
                0x08001bb8                HAL_RTC_SetDate
 .text.HAL_RTC_GetDate
                0x08001d00       0x50 ./system/src/stm32l0xx/stm32l0xx_hal_rtc.o
                0x08001d00                HAL_RTC_GetDate
 .text.HAL_RTC_SetAlarm_IT
                0x08001d50      0x2b8 ./system/src/stm32l0xx/stm32l0xx_hal_rtc.o
                0x08001d50                HAL_RTC_SetAlarm_IT
 .text.HAL_RTC_GetAlarm
                0x08002008       0xa4 ./system/src/stm32l0xx/stm32l0xx_hal_rtc.o
                0x08002008                HAL_RTC_GetAlarm
 .text.HAL_RTCEx_DeactivateWakeUpTimer
                0x080020ac       0x78 ./system/src/stm32l0xx/stm32l0xx_hal_rtc_ex.o
                0x080020ac                HAL_RTCEx_DeactivateWakeUpTimer
 .text.HAL_RTCEx_AlarmBEventCallback
                0x08002124        0x2 ./system/src/stm32l0xx/stm32l0xx_hal_rtc_ex.o
                0x08002124                HAL_RTCEx_AlarmBEventCallback
 *fill*         0x08002126        0x2 
 .text.HAL_SPI_Init
                0x08002128      0x148 ./system/src/stm32l0xx/stm32l0xx_hal_spi.o
                0x08002128                HAL_SPI_Init
 .text.HAL_SPI_DeInit
                0x08002270       0x2e ./system/src/stm32l0xx/stm32l0xx_hal_spi.o
                0x08002270                HAL_SPI_DeInit
 .text._exit    0x0800229e        0x2 ./system/src/newlib/_exit.o
                0x0800229e                _exit
 .text._sbrk    0x080022a0       0x40 ./system/src/newlib/_sbrk.o
                0x080022a0                _sbrk
 .text.__initialize_args
                0x080022e0       0x10 ./system/src/newlib/_syscalls.o
                0x080022e0                __initialize_args
 .text.trace_printf
                0x080022f0       0x2c ./system/src/diag/Trace.o
                0x080022f0                trace_printf
 .text.trace_write
                0x0800231c        0x6 ./system/src/diag/trace_impl.o
                0x0800231c                trace_write
 .text.__initialize_hardware_early
                0x08002322        0x8 ./system/src/cortexm/_initialize_hardware.o
                0x08002322                __initialize_hardware_early
 .text.__initialize_hardware
                0x0800232a        0x8 ./system/src/cortexm/_initialize_hardware.o
                0x0800232a                __initialize_hardware
 *fill*         0x08002332        0x2 
 .text.dumpExceptionStack
                0x08002334       0x88 ./system/src/cortexm/exception_handlers.o
                0x08002334                dumpExceptionStack
 .text.Default_Handler
                0x080023bc        0x2 ./system/src/cmsis/startup_stm32l051xx.o
                0x080023bc                ADC1_COMP_IRQHandler
                0x080023bc                TIM6_IRQHandler
                0x080023bc                PVD_IRQHandler
                0x080023bc                I2C1_IRQHandler
                0x080023bc                SPI1_IRQHandler
                0x080023bc                I2C2_IRQHandler
                0x080023bc                DMA1_Channel4_5_6_7_IRQHandler
                0x080023bc                RCC_IRQHandler
                0x080023bc                DMA1_Channel1_IRQHandler
                0x080023bc                Default_Handler
                0x080023bc                TIM22_IRQHandler
                0x080023bc                SPI2_IRQHandler
                0x080023bc                WWDG_IRQHandler
                0x080023bc                LPUART1_IRQHandler
                0x080023bc                TIM2_IRQHandler
                0x080023bc                DMA1_Channel2_3_IRQHandler
                0x080023bc                USART2_IRQHandler
                0x080023bc                FLASH_IRQHandler
                0x080023bc                USART1_IRQHandler
                0x080023bc                LPTIM1_IRQHandler
 *fill*         0x080023be        0x2 
 .text.SystemInit
                0x080023c0       0x5c ./system/src/cmsis/system_stm32l0xx.o
                0x080023c0                SystemInit
 .text.SystemCoreClockUpdate
                0x0800241c       0x8c ./system/src/cmsis/system_stm32l0xx.o
                0x0800241c                SystemCoreClockUpdate
 .text.McpsIndication
                0x080024a8       0x74 ./src/LoRaMac-api-v3.o
 .text.MlmeConfirm.part.1
                0x0800251c       0x20 ./src/LoRaMac-api-v3.o
 .text.McpsConfirm
                0x0800253c       0x3c ./src/LoRaMac-api-v3.o
 .text.MlmeConfirm
                0x08002578       0x54 ./src/LoRaMac-api-v3.o
 .text.LoRaMacInit
                0x080025cc       0x40 ./src/LoRaMac-api-v3.o
                0x080025cc                LoRaMacInit
 .text.LoRaMacSetAdrOn
                0x0800260c       0x14 ./src/LoRaMac-api-v3.o
                0x0800260c                LoRaMacSetAdrOn
 .text.LoRaMacJoinReq
                0x08002620       0x28 ./src/LoRaMac-api-v3.o
                0x08002620                LoRaMacJoinReq
 .text.LoRaMacLinkCheckReq
                0x08002648       0x16 ./src/LoRaMac-api-v3.o
                0x08002648                LoRaMacLinkCheckReq
 *fill*         0x0800265e        0x2 
 .text.LoRaMacSendFrame
                0x08002660       0x4c ./src/LoRaMac-api-v3.o
                0x08002660                LoRaMacSendFrame
 .text.LoRaMacSendConfirmedFrame
                0x080026ac       0x58 ./src/LoRaMac-api-v3.o
                0x080026ac                LoRaMacSendConfirmedFrame
 .text.LoRaMacSetPublicNetwork
                0x08002704       0x14 ./src/LoRaMac-api-v3.o
                0x08002704                LoRaMacSetPublicNetwork
 .text.RxWindowSetup
                0x08002718      0x104 ./src/LoRaMac.o
 .text.ValidatePayloadLength
                0x0800281c       0x28 ./src/LoRaMac.o
 .text.AdrNextDr
                0x08002844       0x54 ./src/LoRaMac.o
 .text.ResetMacParameters
                0x08002898       0xf0 ./src/LoRaMac.o
 .text.OnAckTimeoutTimerEvent
                0x08002988       0x4c ./src/LoRaMac.o
 .text.OnRxWindow2TimerEvent
                0x080029d4       0x60 ./src/LoRaMac.o
 .text.OnRadioTxTimeout
                0x08002a34       0x44 ./src/LoRaMac.o
 .text.PrepareRxDoneAbort
                0x08002a78       0x60 ./src/LoRaMac.o
 .text.OnRxWindow1TimerEvent
                0x08002ad8       0x88 ./src/LoRaMac.o
 .text.OnRadioTxDone
                0x08002b60      0x120 ./src/LoRaMac.o
 .text.SetPublicNetwork
                0x08002c80       0x34 ./src/LoRaMac.o
 .text.OnRadioRxTimeout
                0x08002cb4       0x5c ./src/LoRaMac.o
 .text.OnRadioRxError
                0x08002d10       0x5c ./src/LoRaMac.o
 .text.eepromCounters
                0x08002d6c       0x94 ./src/LoRaMac.o
                0x08002d6c                eepromCounters
 .text.PrepareFrame
                0x08002e00      0x388 ./src/LoRaMac.o
                0x08002e00                PrepareFrame
 .text.SendFrameOnChannel
                0x08003188      0x16c ./src/LoRaMac.o
                0x08003188                SendFrameOnChannel
 .text.ScheduleTx
                0x080032f4      0x290 ./src/LoRaMac.o
 .text.Send     0x08003584       0x40 ./src/LoRaMac.o
                0x08003584                Send
 .text.OnTxDelayedTimerEvent
                0x080035c4       0x54 ./src/LoRaMac.o
 .text.OnMacStateCheckTimerEvent
                0x08003618      0x24c ./src/LoRaMac.o
 .text.LoRaMacInitialization
                0x08003864      0x174 ./src/LoRaMac.o
                0x08003864                LoRaMacInitialization
 .text.LoRaMacMibGetRequestConfirm
                0x080039d8       0xf0 ./src/LoRaMac.o
                0x080039d8                LoRaMacMibGetRequestConfirm
 .text.LoRaMacMibSetRequestConfirm
                0x08003ac8      0x194 ./src/LoRaMac.o
                0x08003ac8                LoRaMacMibSetRequestConfirm
 .text.LoRaMacChannelAdd
                0x08003c5c      0x13c ./src/LoRaMac.o
                0x08003c5c                LoRaMacChannelAdd
 .text.LoRaMacChannelRemove
                0x08003d98       0x44 ./src/LoRaMac.o
                0x08003d98                LoRaMacChannelRemove
 .text.ProcessMacCommands
                0x08003ddc      0x418 ./src/LoRaMac.o
 .text.OnRadioRxDone
                0x080041f4      0x520 ./src/LoRaMac.o
 .text.LoRaMacMlmeRequest
                0x08004714      0x144 ./src/LoRaMac.o
                0x08004714                LoRaMacMlmeRequest
 .text.LoRaMacMcpsRequest
                0x08004858       0xe8 ./src/LoRaMac.o
                0x08004858                LoRaMacMcpsRequest
 .text.LoRaMacTestSetDutyCycleOn
                0x08004940        0xc ./src/LoRaMac.o
                0x08004940                LoRaMacTestSetDutyCycleOn
 .text.LoRaMacComputeMic
                0x0800494c       0x88 ./src/LoRaMacCrypto.o
                0x0800494c                LoRaMacComputeMic
 .text.LoRaMacPayloadEncrypt
                0x080049d4       0xd8 ./src/LoRaMacCrypto.o
                0x080049d4                LoRaMacPayloadEncrypt
 .text.LoRaMacPayloadDecrypt
                0x08004aac       0x1a ./src/LoRaMacCrypto.o
                0x08004aac                LoRaMacPayloadDecrypt
 *fill*         0x08004ac6        0x2 
 .text.LoRaMacJoinComputeMic
                0x08004ac8       0x50 ./src/LoRaMacCrypto.o
                0x08004ac8                LoRaMacJoinComputeMic
 .text.LoRaMacJoinDecrypt
                0x08004b18       0x44 ./src/LoRaMacCrypto.o
                0x08004b18                LoRaMacJoinDecrypt
 .text.LoRaMacJoinComputeSKeys
                0x08004b5c       0x98 ./src/LoRaMacCrypto.o
                0x08004b5c                LoRaMacJoinComputeSKeys
 .text.ADCMeasure
                0x08004bf4       0x88 ./src/adc-board.o
                0x08004bf4                ADCMeasure
 .text.xor_block
                0x08004c7c       0x82 ./src/aes.o
 .text.copy_and_key
                0x08004cfe       0x84 ./src/aes.o
 *fill*         0x08004d82        0x2 
 .text.aes_set_key
                0x08004d84      0x100 ./src/aes.o
                0x08004d84                aes_set_key
 .text.aes_encrypt
                0x08004e84      0x28c ./src/aes.o
                0x08004e84                aes_encrypt
 .text.OnCalibrateSystemWakeupTimeTimerEvent
                0x08005110        0xc ./src/board.o
 .text.BoardInitMcu
                0x0800511c      0x1c4 ./src/board.o
                0x0800511c                BoardInitMcu
 .text.BoardDeInitMcu
                0x080052e0       0x14 ./src/board.o
                0x080052e0                BoardDeInitMcu
 .text.BoardMeasureVdd
                0x080052f4       0x14 ./src/board.o
                0x080052f4                BoardMeasureVdd
 .text.BoardGetBatteryLevel
                0x08005308       0x44 ./src/board.o
                0x08005308                BoardGetBatteryLevel
 .text.Water_Level
                0x0800534c       0x9c ./src/board.o
                0x0800534c                Water_Level
 .text.SysTick_Handler
                0x080053e8        0xc ./src/board.o
                0x080053e8                SysTick_Handler
 .text.GetBoardPowerSource
                0x080053f4        0x4 ./src/board.o
                0x080053f4                GetBoardPowerSource
 .text.AES_CMAC_Init
                0x080053f8       0x20 ./src/cmac.o
                0x080053f8                AES_CMAC_Init
 .text.AES_CMAC_SetKey
                0x08005418        0xe ./src/cmac.o
                0x08005418                AES_CMAC_SetKey
 .text.AES_CMAC_Update
                0x08005426       0xbc ./src/cmac.o
                0x08005426                AES_CMAC_Update
 .text.AES_CMAC_Final
                0x080054e2      0x154 ./src/cmac.o
                0x080054e2                AES_CMAC_Final
 .text.DelayMs  0x08005636        0x8 ./src/delay.o
                0x08005636                DelayMs
 *fill*         0x0800563e        0x2 
 .text.GpioMcuSetInterrupt
                0x08005640       0xe0 ./src/gpio-board.o
                0x08005640                GpioMcuSetInterrupt
 .text.GpioMcuWrite
                0x08005720       0x28 ./src/gpio-board.o
                0x08005720                GpioMcuWrite
 .text.GpioMcuInit
                0x08005748      0x100 ./src/gpio-board.o
                0x08005748                GpioMcuInit
 .text.HAL_GPIO_EXTI_Callback
                0x08005848       0x2c ./src/gpio-board.o
                0x08005848                HAL_GPIO_EXTI_Callback
 .text.OnDownlinkTimerEvent
                0x08005874       0x18 ./src/main_telemic.o
 .text.OnTxNextPacketTimerEvent
                0x0800588c       0x18 ./src/main_telemic.o
 .text.OnJoinReqTimerEvent
                0x080058a4       0x18 ./src/main_telemic.o
 .text.OnMacEvent
                0x080058bc      0x150 ./src/main_telemic.o
 .text.SendFrame
                0x08005a0c       0x4c ./src/main_telemic.o
 .text.startup.main
                0x08005a58      0x218 ./src/main_telemic.o
                0x08005a58                main
 .text.assert_crash
                0x08005c70        0xc ./src/main_telemic.o
                0x08005c70                assert_crash
 .text.RtcGetCalendar
                0x08005c7c       0x74 ./src/rtc-board.o
 .text.RtcConvertCalendarTickToTimerTime
                0x08005cf0      0x12c ./src/rtc-board.o
 .text.TIM21_interruptHandle
                0x08005e1c       0x90 ./src/rtc-board.o
                0x08005e1c                TIM21_interruptHandle
 .text.RTCCalibration
                0x08005eac      0x18c ./src/rtc-board.o
                0x08005eac                RTCCalibration
 .text.RtcInit  0x08006038       0xa8 ./src/rtc-board.o
                0x08006038                RtcInit
 .text.RtcSetTimeout
                0x080060e0      0x264 ./src/rtc-board.o
                0x080060e0                RtcSetTimeout
 .text.RtcGetAdjustedTimeoutValue
                0x08006344       0x40 ./src/rtc-board.o
                0x08006344                RtcGetAdjustedTimeoutValue
 .text.RtcGetTimerValue
                0x08006384        0xa ./src/rtc-board.o
                0x08006384                RtcGetTimerValue
 *fill*         0x0800638e        0x2 
 .text.RtcGetElapsedAlarmTime
                0x08006390       0x20 ./src/rtc-board.o
                0x08006390                RtcGetElapsedAlarmTime
 .text.RtcComputeElapsedTime
                0x080063b0       0x1a ./src/rtc-board.o
                0x080063b0                RtcComputeElapsedTime
 *fill*         0x080063ca        0x2 
 .text.RtcEnterLowPowerStopMode
                0x080063cc       0x44 ./src/rtc-board.o
                0x080063cc                RtcEnterLowPowerStopMode
 .text.RtcRecoverMcuStatus
                0x08006410       0x40 ./src/rtc-board.o
                0x08006410                RtcRecoverMcuStatus
 .text.RTC_IRQHandler
                0x08006450       0xa0 ./src/rtc-board.o
                0x08006450                RTC_IRQHandler
 .text.SpiDeInit
                0x080064f0       0x5e ./src/spi-board.o
                0x080064f0                SpiDeInit
 *fill*         0x0800654e        0x2 
 .text.SpiFrequency
                0x08006550       0x48 ./src/spi-board.o
                0x08006550                SpiFrequency
 .text.SpiInit  0x08006598       0xd8 ./src/spi-board.o
                0x08006598                SpiInit
 .text.SpiGetFlag
                0x08006670        0xe ./src/spi-board.o
                0x08006670                SpiGetFlag
 .text.SpiInOut
                0x0800667e       0x44 ./src/spi-board.o
                0x0800667e                SpiInOut
 *fill*         0x080066c2        0x2 
 .text.HAL_MspInit
                0x080066c4       0x40 ./src/stm32l0xx_hal_msp.o
                0x080066c4                HAL_MspInit
 .text.HAL_COMP_MspInit
                0x08006704       0x28 ./src/stm32l0xx_hal_msp.o
                0x08006704                HAL_COMP_MspInit
 .text.HAL_RTC_MspInit
                0x0800672c       0x20 ./src/stm32l0xx_hal_msp.o
                0x0800672c                HAL_RTC_MspInit
 .text.HAL_SPI_MspInit
                0x0800674c       0x40 ./src/stm32l0xx_hal_msp.o
                0x0800674c                HAL_SPI_MspInit
 .text.HAL_SPI_MspDeInit
                0x0800678c       0x2c ./src/stm32l0xx_hal_msp.o
                0x0800678c                HAL_SPI_MspDeInit
 .text.NMI_Handler
                0x080067b8        0x2 ./src/stm32l0xx_it.o
                0x080067b8                NMI_Handler
 .text.HardFault_Handler
                0x080067ba        0x2 ./src/stm32l0xx_it.o
                0x080067ba                HardFault_Handler
 .text.SVC_Handler
                0x080067bc        0x2 ./src/stm32l0xx_it.o
                0x080067bc                SVC_Handler
 .text.PendSV_Handler
                0x080067be        0x2 ./src/stm32l0xx_it.o
                0x080067be                PendSV_Handler
 .text.EXTI4_15_IRQHandler
                0x080067c0       0x10 ./src/stm32l0xx_it.o
                0x080067c0                EXTI4_15_IRQHandler
 .text.EXTI2_3_IRQHandler
                0x080067d0        0x8 ./src/stm32l0xx_it.o
                0x080067d0                EXTI2_3_IRQHandler
 .text.EXTI0_1_IRQHandler
                0x080067d8        0x8 ./src/stm32l0xx_it.o
                0x080067d8                EXTI0_1_IRQHandler
 .text.TIM21_IRQHandler
                0x080067e0        0x8 ./src/stm32l0xx_it.o
                0x080067e0                TIM21_IRQHandler
 .text.SX1272CheckRfFrequency
                0x080067e8        0x4 ./src/sx1272-board.o
                0x080067e8                SX1272CheckRfFrequency
 .text.SX1272IoInit
                0x080067ec       0x30 ./src/sx1272-board.o
                0x080067ec                SX1272IoInit
 .text.SX1272IoIrqInit
                0x0800681c       0x14 ./src/sx1272-board.o
                0x0800681c                SX1272IoIrqInit
 .text.SX1272IoDeInit
                0x08006830       0x44 ./src/sx1272-board.o
                0x08006830                SX1272IoDeInit
 .text.SX1272GetPaSelect
                0x08006874        0x4 ./src/sx1272-board.o
                0x08006874                SX1272GetPaSelect
 .text.SX1272SetAntSwLowPower
                0x08006878       0x10 ./src/sx1272-board.o
                0x08006878                SX1272SetAntSwLowPower
 .text.GetFskBandwidthRegValue
                0x08006888       0x28 ./src/sx1272.o
 .text.SX1272OnDio4Irq
                0x080068b0       0x20 ./src/sx1272.o
                0x080068b0                SX1272OnDio4Irq
 .text.SX1272GetStatus
                0x080068d0        0xc ./src/sx1272.o
                0x080068d0                SX1272GetStatus
 .text.SX1272WriteBuffer
                0x080068dc       0x44 ./src/sx1272.o
                0x080068dc                SX1272WriteBuffer
 .text.SX1272Write
                0x08006920       0x12 ./src/sx1272.o
                0x08006920                SX1272Write
 *fill*         0x08006932        0x2 
 .text.SX1272SetChannel
                0x08006934       0x40 ./src/sx1272.o
                0x08006934                SX1272SetChannel
 .text.SX1272ReadBuffer
                0x08006974       0x44 ./src/sx1272.o
                0x08006974                SX1272ReadBuffer
 .text.SX1272Read
                0x080069b8       0x12 ./src/sx1272.o
                0x080069b8                SX1272Read
 *fill*         0x080069ca        0x2 
 .text.SX1272GetTimeOnAir
                0x080069cc      0x208 ./src/sx1272.o
                0x080069cc                SX1272GetTimeOnAir
 .text.SX1272ReadRssi
                0x08006bd4       0x2a ./src/sx1272.o
                0x08006bd4                SX1272ReadRssi
 .text.SX1272SetOpMode
                0x08006bfe       0x28 ./src/sx1272.o
                0x08006bfe                SX1272SetOpMode
 *fill*         0x08006c26        0x2 
 .text.SX1272SetSleep
                0x08006c28       0x2c ./src/sx1272.o
                0x08006c28                SX1272SetSleep
 .text.SX1272SetStby
                0x08006c54       0x2c ./src/sx1272.o
                0x08006c54                SX1272SetStby
 .text.SX1272SetRx
                0x08006c80      0x1e4 ./src/sx1272.o
                0x08006c80                SX1272SetRx
 .text.SX1272SetTx
                0x08006e64       0xac ./src/sx1272.o
                0x08006e64                SX1272SetTx
 .text.SX1272StartCad
                0x08006f10       0x3c ./src/sx1272.o
                0x08006f10                SX1272StartCad
 .text.SX1272SetModem
                0x08006f4c       0x74 ./src/sx1272.o
                0x08006f4c                SX1272SetModem
 .text.SX1272Init
                0x08006fc0       0x7c ./src/sx1272.o
                0x08006fc0                SX1272Init
 .text.SX1272IsChannelFree
                0x0800703c       0x36 ./src/sx1272.o
                0x0800703c                SX1272IsChannelFree
 .text.SX1272Random
                0x08007072       0x3c ./src/sx1272.o
                0x08007072                SX1272Random
 *fill*         0x080070ae        0x2 
 .text.SX1272SetRxConfig
                0x080070b0      0x2ac ./src/sx1272.o
                0x080070b0                SX1272SetRxConfig
 .text.SX1272SetTxConfig
                0x0800735c      0x2f8 ./src/sx1272.o
                0x0800735c                SX1272SetTxConfig
 .text.SX1272OnTimeoutIrq
                0x08007654       0x98 ./src/sx1272.o
                0x08007654                SX1272OnTimeoutIrq
 .text.SX1272OnDio2Irq
                0x080076ec       0xcc ./src/sx1272.o
                0x080076ec                SX1272OnDio2Irq
 .text.SX1272OnDio3Irq
                0x080077b8       0x54 ./src/sx1272.o
                0x080077b8                SX1272OnDio3Irq
 .text.SX1272WriteFifo
                0x0800780c        0xe ./src/sx1272.o
                0x0800780c                SX1272WriteFifo
 *fill*         0x0800781a        0x2 
 .text.SX1272Send
                0x0800781c      0x10c ./src/sx1272.o
                0x0800781c                SX1272Send
 .text.SX1272ReadFifo
                0x08007928        0xe ./src/sx1272.o
                0x08007928                SX1272ReadFifo
 *fill*         0x08007936        0x2 
 .text.SX1272OnDio0Irq
                0x08007938      0x274 ./src/sx1272.o
                0x08007938                SX1272OnDio0Irq
 .text.SX1272OnDio1Irq
                0x08007bac       0xec ./src/sx1272.o
                0x08007bac                SX1272OnDio1Irq
 .text.SX1272SetMaxPayloadLength
                0x08007c98       0x30 ./src/sx1272.o
                0x08007c98                SX1272SetMaxPayloadLength
 .text.RadioDio1Workaround
                0x08007cc8       0x2c ./src/sx1272.o
                0x08007cc8                RadioDio1Workaround
 .text.TimerSetTimeout.isra.0
                0x08007cf4       0x1c ./src/timer.o
 .text.TimerInsertNewHeadTimer
                0x08007d10       0x28 ./src/timer.o
 .text.TimerInit
                0x08007d38        0xe ./src/timer.o
                0x08007d38                TimerInit
 *fill*         0x08007d46        0x2 
 .text.TimerStart
                0x08007d48       0x98 ./src/timer.o
                0x08007d48                TimerStart
 .text.TimerIrqHandler
                0x08007de0       0x5c ./src/timer.o
                0x08007de0                TimerIrqHandler
 .text.TimerStop
                0x08007e3c       0x84 ./src/timer.o
                0x08007e3c                TimerStop
 .text.TimerSetValue
                0x08007ec0       0x10 ./src/timer.o
                0x08007ec0                TimerSetValue
 .text.TimerGetCurrentTime
                0x08007ed0        0x8 ./src/timer.o
                0x08007ed0                TimerGetCurrentTime
 .text.TimerGetElapsedTime
                0x08007ed8        0x8 ./src/timer.o
                0x08007ed8                TimerGetElapsedTime
 .text.TimerLowPowerHandler
                0x08007ee0       0x3c ./src/timer.o
                0x08007ee0                TimerLowPowerHandler
 .text.rand1    0x08007f1c       0x2c ./src/utilities.o
                0x08007f1c                rand1
 .text.srand1   0x08007f48        0xc ./src/utilities.o
                0x08007f48                srand1
 .text.randr    0x08007f54       0x16 ./src/utilities.o
                0x08007f54                randr
 .text.memcpy1  0x08007f6a       0x12 ./src/utilities.o
                0x08007f6a                memcpy1
 .text.memcpyr  0x08007f7c       0x18 ./src/utilities.o
                0x08007f7c                memcpyr
 .text.memset1  0x08007f94       0x18 ./src/utilities.o
                0x08007f94                memset1
 .text.ceil     0x08007fac      0x12c /home/hazem/workspace/gcc-arm-none-eabi-5_4/bin/../lib/gcc/arm-none-eabi/5.4.1/../../../../arm-none-eabi/lib/armv6-m/libm.a(lib_a-s_ceil.o)
                0x08007fac                ceil
 .text.floor    0x080080d8      0x130 /home/hazem/workspace/gcc-arm-none-eabi-5_4/bin/../lib/gcc/arm-none-eabi/5.4.1/../../../../arm-none-eabi/lib/armv6-m/libm.a(lib_a-s_floor.o)
                0x080080d8                floor
 .text.round    0x08008208       0xa8 /home/hazem/workspace/gcc-arm-none-eabi-5_4/bin/../lib/gcc/arm-none-eabi/5.4.1/../../../../arm-none-eabi/lib/armv6-m/libm.a(lib_a-s_round.o)
                0x08008208                round
 .text          0x080082b0       0x14 /home/hazem/workspace/gcc-arm-none-eabi-5_4/bin/../lib/gcc/arm-none-eabi/5.4.1/armv6-m/libgcc.a(_thumb1_case_uqi.o)
                0x080082b0                __gnu_thumb1_case_uqi
 .text          0x080082c4       0x14 /home/hazem/workspace/gcc-arm-none-eabi-5_4/bin/../lib/gcc/arm-none-eabi/5.4.1/armv6-m/libgcc.a(_thumb1_case_uhi.o)
                0x080082c4                __gnu_thumb1_case_uhi
 .text          0x080082d8      0x114 /home/hazem/workspace/gcc-arm-none-eabi-5_4/bin/../lib/gcc/arm-none-eabi/5.4.1/armv6-m/libgcc.a(_udivsi3.o)
                0x080082d8                __udivsi3
                0x080082d8                __aeabi_uidiv
                0x080083e4                __aeabi_uidivmod
 .text          0x080083ec      0x1d4 /home/hazem/workspace/gcc-arm-none-eabi-5_4/bin/../lib/gcc/arm-none-eabi/5.4.1/armv6-m/libgcc.a(_divsi3.o)
                0x080083ec                __aeabi_idiv
                0x080083ec                __divsi3
                0x080085b8                __aeabi_idivmod
 .text          0x080085c0        0x4 /home/hazem/workspace/gcc-arm-none-eabi-5_4/bin/../lib/gcc/arm-none-eabi/5.4.1/armv6-m/libgcc.a(_dvmd_tls.o)
                0x080085c0                __aeabi_ldiv0
                0x080085c0                __aeabi_idiv0
 .text          0x080085c4       0x7c /home/hazem/workspace/gcc-arm-none-eabi-5_4/bin/../lib/gcc/arm-none-eabi/5.4.1/armv6-m/libgcc.a(_arm_cmpdf2.o)
                0x080085c4                __aeabi_cdrcmple
                0x080085d4                __aeabi_cdcmple
                0x080085d4                __aeabi_cdcmpeq
                0x080085e4                __aeabi_dcmpeq
                0x080085f0                __aeabi_dcmplt
                0x08008604                __aeabi_dcmple
                0x08008618                __aeabi_dcmpgt
                0x0800862c                __aeabi_dcmpge
 .text          0x08008640       0x3c /home/hazem/workspace/gcc-arm-none-eabi-5_4/bin/../lib/gcc/arm-none-eabi/5.4.1/armv6-m/libgcc.a(_clzsi2.o)
                0x08008640                __clzsi2
 .text          0x0800867c       0x3c /home/hazem/workspace/gcc-arm-none-eabi-5_4/bin/../lib/gcc/arm-none-eabi/5.4.1/armv6-m/libgcc.a(_fixunsdfsi.o)
                0x0800867c                __fixunsdfsi
                0x0800867c                __aeabi_d2uiz
 .text          0x080086b8      0x658 /home/hazem/workspace/gcc-arm-none-eabi-5_4/bin/../lib/gcc/arm-none-eabi/5.4.1/armv6-m/libgcc.a(adddf3.o)
                0x080086b8                __aeabi_dadd
 .text          0x08008d10      0x62c /home/hazem/workspace/gcc-arm-none-eabi-5_4/bin/../lib/gcc/arm-none-eabi/5.4.1/armv6-m/libgcc.a(divdf3.o)
                0x08008d10                __aeabi_ddiv
 .text          0x0800933c       0x80 /home/hazem/workspace/gcc-arm-none-eabi-5_4/bin/../lib/gcc/arm-none-eabi/5.4.1/armv6-m/libgcc.a(eqdf2.o)
                0x0800933c                __eqdf2
                0x0800933c                __nedf2
 .text          0x080093bc       0xc8 /home/hazem/workspace/gcc-arm-none-eabi-5_4/bin/../lib/gcc/arm-none-eabi/5.4.1/armv6-m/libgcc.a(gedf2.o)
                0x080093bc                __gtdf2
                0x080093bc                __gedf2
 .text          0x08009484       0xd4 /home/hazem/workspace/gcc-arm-none-eabi-5_4/bin/../lib/gcc/arm-none-eabi/5.4.1/armv6-m/libgcc.a(ledf2.o)
                0x08009484                __ltdf2
                0x08009484                __ledf2
 .text          0x08009558      0x4f4 /home/hazem/workspace/gcc-arm-none-eabi-5_4/bin/../lib/gcc/arm-none-eabi/5.4.1/armv6-m/libgcc.a(muldf3.o)
                0x08009558                __aeabi_dmul
 .text          0x08009a4c      0x6a8 /home/hazem/workspace/gcc-arm-none-eabi-5_4/bin/../lib/gcc/arm-none-eabi/5.4.1/armv6-m/libgcc.a(subdf3.o)
                0x08009a4c                __aeabi_dsub
 .text          0x0800a0f4       0x6c /home/hazem/workspace/gcc-arm-none-eabi-5_4/bin/../lib/gcc/arm-none-eabi/5.4.1/armv6-m/libgcc.a(fixdfsi.o)
                0x0800a0f4                __aeabi_d2iz
 .text          0x0800a160       0x84 /home/hazem/workspace/gcc-arm-none-eabi-5_4/bin/../lib/gcc/arm-none-eabi/5.4.1/armv6-m/libgcc.a(floatsidf.o)
                0x0800a160                __aeabi_i2d
 .text          0x0800a1e4       0x70 /home/hazem/workspace/gcc-arm-none-eabi-5_4/bin/../lib/gcc/arm-none-eabi/5.4.1/armv6-m/libgcc.a(floatunsidf.o)
                0x0800a1e4                __aeabi_ui2d
 .text.__errno  0x0800a254        0xc /home/hazem/workspace/gcc-arm-none-eabi-5_4/bin/../lib/gcc/arm-none-eabi/5.4.1/../../../../arm-none-eabi/lib/armv6-m/libg_nano.a(lib_a-errno.o)
                0x0800a254                __errno
 .text.memcpy   0x0800a260       0x12 /home/hazem/workspace/gcc-arm-none-eabi-5_4/bin/../lib/gcc/arm-none-eabi/5.4.1/../../../../arm-none-eabi/lib/armv6-m/libg_nano.a(lib_a-memcpy-stub.o)
                0x0800a260                memcpy
 .text.memset   0x0800a272       0x10 /home/hazem/workspace/gcc-arm-none-eabi-5_4/bin/../lib/gcc/arm-none-eabi/5.4.1/../../../../arm-none-eabi/lib/armv6-m/libg_nano.a(lib_a-memset.o)
                0x0800a272                memset
 .text._vsnprintf_r
                0x0800a282       0x56 /home/hazem/workspace/gcc-arm-none-eabi-5_4/bin/../lib/gcc/arm-none-eabi/5.4.1/../../../../arm-none-eabi/lib/armv6-m/libg_nano.a(lib_a-vsnprintf.o)
                0x0800a282                _vsnprintf_r
                0x0800a282                _vsniprintf_r
 .text.vsnprintf
                0x0800a2d8       0x18 /home/hazem/workspace/gcc-arm-none-eabi-5_4/bin/../lib/gcc/arm-none-eabi/5.4.1/../../../../arm-none-eabi/lib/armv6-m/libg_nano.a(lib_a-vsnprintf.o)
                0x0800a2d8                vsnprintf
                0x0800a2d8                vsniprintf
 .text.__ssputs_r
                0x0800a2f0       0xc4 /home/hazem/workspace/gcc-arm-none-eabi-5_4/bin/../lib/gcc/arm-none-eabi/5.4.1/../../../../arm-none-eabi/lib/armv6-m/libg_nano.a(lib_a-nano-svfprintf.o)
                0x0800a2f0                __ssputs_r
 .text._svfprintf_r
                0x0800a3b4      0x1fc /home/hazem/workspace/gcc-arm-none-eabi-5_4/bin/../lib/gcc/arm-none-eabi/5.4.1/../../../../arm-none-eabi/lib/armv6-m/libg_nano.a(lib_a-nano-svfprintf.o)
                0x0800a3b4                _svfprintf_r
                0x0800a3b4                _svfiprintf_r
 .text._printf_common
                0x0800a5b0       0xdc /home/hazem/workspace/gcc-arm-none-eabi-5_4/bin/../lib/gcc/arm-none-eabi/5.4.1/../../../../arm-none-eabi/lib/armv6-m/libg_nano.a(lib_a-nano-vfprintf_i.o)
                0x0800a5b0                _printf_common
 .text._printf_i
                0x0800a68c      0x244 /home/hazem/workspace/gcc-arm-none-eabi-5_4/bin/../lib/gcc/arm-none-eabi/5.4.1/../../../../arm-none-eabi/lib/armv6-m/libg_nano.a(lib_a-nano-vfprintf_i.o)
                0x0800a68c                _printf_i
 .text.memchr   0x0800a8d0       0x16 /home/hazem/workspace/gcc-arm-none-eabi-5_4/bin/../lib/gcc/arm-none-eabi/5.4.1/../../../../arm-none-eabi/lib/armv6-m/libg_nano.a(lib_a-memchr-stub.o)
                0x0800a8d0                memchr
 .text.memmove  0x0800a8e6       0x2a /home/hazem/workspace/gcc-arm-none-eabi-5_4/bin/../lib/gcc/arm-none-eabi/5.4.1/../../../../arm-none-eabi/lib/armv6-m/libg_nano.a(lib_a-memmove.o)
                0x0800a8e6                memmove
 .text._free_r  0x0800a910       0x98 /home/hazem/workspace/gcc-arm-none-eabi-5_4/bin/../lib/gcc/arm-none-eabi/5.4.1/../../../../arm-none-eabi/lib/armv6-m/libg_nano.a(lib_a-nano-freer.o)
                0x0800a910                _free_r
 .text._malloc_r
                0x0800a9a8       0xc0 /home/hazem/workspace/gcc-arm-none-eabi-5_4/bin/../lib/gcc/arm-none-eabi/5.4.1/../../../../arm-none-eabi/lib/armv6-m/libg_nano.a(lib_a-nano-mallocr.o)
                0x0800a9a8                _malloc_r
 .text._realloc_r
                0x0800aa68       0x4c /home/hazem/workspace/gcc-arm-none-eabi-5_4/bin/../lib/gcc/arm-none-eabi/5.4.1/../../../../arm-none-eabi/lib/armv6-m/libg_nano.a(lib_a-nano-reallocr.o)
                0x0800aa68                _realloc_r
 .text._sbrk_r  0x0800aab4       0x24 /home/hazem/workspace/gcc-arm-none-eabi-5_4/bin/../lib/gcc/arm-none-eabi/5.4.1/../../../../arm-none-eabi/lib/armv6-m/libg_nano.a(lib_a-sbrkr.o)
                0x0800aab4                _sbrk_r
 .text.__malloc_lock
                0x0800aad8        0x2 /home/hazem/workspace/gcc-arm-none-eabi-5_4/bin/../lib/gcc/arm-none-eabi/5.4.1/../../../../arm-none-eabi/lib/armv6-m/libg_nano.a(lib_a-mlock.o)
                0x0800aad8                __malloc_lock
 .text.__malloc_unlock
                0x0800aada        0x2 /home/hazem/workspace/gcc-arm-none-eabi-5_4/bin/../lib/gcc/arm-none-eabi/5.4.1/../../../../arm-none-eabi/lib/armv6-m/libg_nano.a(lib_a-mlock.o)
                0x0800aada                __malloc_unlock
 .text._malloc_usable_size_r
                0x0800aadc       0x16 /home/hazem/workspace/gcc-arm-none-eabi-5_4/bin/../lib/gcc/arm-none-eabi/5.4.1/../../../../arm-none-eabi/lib/armv6-m/libg_nano.a(lib_a-nano-msizer.o)
                0x0800aadc                _malloc_usable_size_r
 *(.rodata .rodata.* .constdata .constdata.*)
 .rodata.str1.1
                0x0800aaf2       0x9f ./system/src/cortexm/exception_handlers.o
 .rodata.AHBPrescTable
                0x0800ab91       0x10 ./system/src/cmsis/system_stm32l0xx.o
                0x0800ab91                AHBPrescTable
 .rodata.PLLMulTable
                0x0800aba1        0x9 ./system/src/cmsis/system_stm32l0xx.o
                0x0800aba1                PLLMulTable
 .rodata.CSWTCH.17
                0x0800abaa        0xb ./src/LoRaMac-api-v3.o
 *fill*         0x0800abb5        0x3 
 .rodata        0x0800abb8        0x8 ./src/LoRaMac.o
 .rodata.Datarates
                0x0800abc0        0x8 ./src/LoRaMac.o
                0x0800abc0                Datarates
 .rodata.MaxPayloadOfDatarateRepeater
                0x0800abc8        0x8 ./src/LoRaMac.o
                0x0800abc8                MaxPayloadOfDatarateRepeater
 .rodata.TxPowers
                0x0800abd0        0x6 ./src/LoRaMac.o
                0x0800abd0                TxPowers
 .rodata.MaxPayloadOfDatarate
                0x0800abd6        0x8 ./src/LoRaMac.o
                0x0800abd6                MaxPayloadOfDatarate
 .rodata.gfm3_sbox
                0x0800abde      0x100 ./src/aes.o
 .rodata.sbox   0x0800acde      0x100 ./src/aes.o
 .rodata.gfm2_sbox
                0x0800adde      0x100 ./src/aes.o
 .rodata.CSWTCH.12
                0x0800aede        0x4 ./src/gpio-board.o
 *fill*         0x0800aee2        0x2 
 .rodata        0x0800aee4       0x28 ./src/main_telemic.o
 .rodata.DaysInMonthLeapYear
                0x0800af0c        0xc ./src/rtc-board.o
 .rodata.DaysInMonth
                0x0800af18        0xc ./src/rtc-board.o
 .rodata.Radio  0x0800af24       0x54 ./src/sx1272-board.o
                0x0800af24                Radio
 .rodata.RadioRegsInit
                0x0800af78       0x33 ./src/sx1272.o
                0x0800af78                RadioRegsInit
 *fill*         0x0800afab        0x1 
 .rodata.FskBandwidths
                0x0800afac       0xb0 ./src/sx1272.o
                0x0800afac                FskBandwidths
 *fill*         0x0800b05c        0x4 
 .rodata.CSWTCH.40
                0x0800b060       0x18 ./src/sx1272.o
 .rodata        0x0800b078       0x40 /home/hazem/workspace/gcc-arm-none-eabi-5_4/bin/../lib/gcc/arm-none-eabi/5.4.1/armv6-m/libgcc.a(divdf3.o)
 .rodata        0x0800b0b8       0x40 /home/hazem/workspace/gcc-arm-none-eabi-5_4/bin/../lib/gcc/arm-none-eabi/5.4.1/armv6-m/libgcc.a(muldf3.o)
 .rodata.str1.1
                0x0800b0f8       0x11 /home/hazem/workspace/gcc-arm-none-eabi-5_4/bin/../lib/gcc/arm-none-eabi/5.4.1/../../../../arm-none-eabi/lib/armv6-m/libg_nano.a(lib_a-nano-svfprintf.o)
 .rodata.str1.1
                0x0800b109       0x22 /home/hazem/workspace/gcc-arm-none-eabi-5_4/bin/../lib/gcc/arm-none-eabi/5.4.1/../../../../arm-none-eabi/lib/armv6-m/libg_nano.a(lib_a-nano-vfprintf_i.o)
 *(vtable)
 *(.eh_frame*)
 *(.glue_7)
 .glue_7        0x0800b12b        0x0 linker stubs
 *(.glue_7t)
 .glue_7t       0x0800b12b        0x0 linker stubs

.vfp11_veneer   0x0800b12c        0x0
 .vfp11_veneer  0x0800b12c        0x0 linker stubs

.v4_bx          0x0800b12c        0x0
 .v4_bx         0x0800b12c        0x0 linker stubs

.iplt           0x0800b12c        0x0
 .iplt          0x0800b12c        0x0 ./system/src/stm32l0xx/stm32l0xx_hal.o

.rel.dyn        0x0800b12c        0x0
 .rel.iplt      0x0800b12c        0x0 ./system/src/stm32l0xx/stm32l0xx_hal.o

.ARM.extab
 *(.ARM.extab* .gnu.linkonce.armextab.*)
                0x0800b12c                . = ALIGN (0x4)
                0x0800b12c                __exidx_start = .

.ARM.exidx
 *(.ARM.exidx* .gnu.linkonce.armexidx.*)
                0x0800b12c                __exidx_end = .
                0x0800b12c                . = ALIGN (0x4)
                0x0800b12c                _etext = .
                0x0800b12c                __etext = .

.data_CCMRAM    0x10000000        0x0 load address 0x0800b12c
 FILL mask 0xff
 *(.data.CCMRAM .data.CCMRAM.*)
                0x10000000                . = ALIGN (0x4)
                0x0800b12c                _sidata = LOADADDR (.data)

.data           0x20000000      0x1f0 load address 0x0800b12c
 FILL mask 0xff
                0x20000000                _sdata = .
                0x20000000                __data_start__ = .
 *(.data_begin .data_begin.*)
 .data_begin    0x20000000        0x4 ./system/src/newlib/_startup.o
 *(.data .data.*)
 .data.argv.4290
                0x20000004        0x8 ./system/src/newlib/_syscalls.o
 .data.SystemCoreClock
                0x2000000c        0x4 ./system/src/cmsis/system_stm32l0xx.o
                0x2000000c                SystemCoreClock
 .data.Channels
                0x20000010       0x80 ./src/LoRaMac.o
 .data.AckTimeoutRetriesCounter
                0x20000090        0x1 ./src/LoRaMac.o
 .data.AckTimeoutRetries
                0x20000091        0x1 ./src/LoRaMac.o
 .data.IsRxWindowsEnabled
                0x20000092        0x1 ./src/LoRaMac.o
 *fill*         0x20000093        0x1 ff
 .data.Bands    0x20000094       0x3c ./src/LoRaMac.o
 .data.UpLinkCounter
                0x200000d0        0x4 ./src/LoRaMac.o
 .data.MicBlockB0
                0x200000d4       0x10 ./src/LoRaMacCrypto.o
 .data.aBlock   0x200000e4       0x10 ./src/LoRaMacCrypto.o
 .data.DioIrq0  0x200000f4       0x40 ./src/board.o
                0x200000f4                DioIrq0
 .data.AppKey   0x20000134       0x10 ./src/main_telemic.o
 .data.IsTxConfirmed
                0x20000144        0x1 ./src/main_telemic.o
 .data.DevEui   0x20000145        0x8 ./src/main_telemic.o
 .data.AppDataSize
                0x2000014d        0x1 ./src/main_telemic.o
 .data.AppEui   0x2000014e        0x8 ./src/main_telemic.o
 .data.TxNextPacket
                0x20000156        0x1 ./src/main_telemic.o
 .data.AppPort  0x20000157        0x1 ./src/main_telemic.o
 .data.calibratedRTC_ALARM_TICK_DURATION
                0x20000158        0x8 ./src/rtc-board.o
                0x20000158                calibratedRTC_ALARM_TICK_DURATION
 .data.calibratedRTC_ALARM_TICK_PER_MS
                0x20000160        0x8 ./src/rtc-board.o
                0x20000160                calibratedRTC_ALARM_TICK_PER_MS
 .data.firstCompare
                0x20000168        0x1 ./src/rtc-board.o
                0x20000168                firstCompare
 *fill*         0x20000169        0x3 ff
 .data.DioIrq   0x2000016c       0x18 ./src/sx1272.o
                0x2000016c                DioIrq
 .data.next     0x20000184        0x4 ./src/utilities.o
 .data.impure_data
                0x20000188       0x60 /home/hazem/workspace/gcc-arm-none-eabi-5_4/bin/../lib/gcc/arm-none-eabi/5.4.1/../../../../arm-none-eabi/lib/armv6-m/libg_nano.a(lib_a-impure.o)
 .data._impure_ptr
                0x200001e8        0x4 /home/hazem/workspace/gcc-arm-none-eabi-5_4/bin/../lib/gcc/arm-none-eabi/5.4.1/../../../../arm-none-eabi/lib/armv6-m/libg_nano.a(lib_a-impure.o)
                0x200001e8                _impure_ptr
 *(.data_end .data_end.*)
 .data_end      0x200001ec        0x4 ./system/src/newlib/_startup.o
                0x200001f0                . = ALIGN (0x4)
                0x200001f0                _edata = .
                0x200001f0                __data_end__ = .

.igot.plt       0x200001f0        0x0 load address 0x0800b31c
 .igot.plt      0x200001f0        0x0 ./system/src/stm32l0xx/stm32l0xx_hal.o

.bss_CCMRAM     0x10000000        0x0
 *(.bss.CCMRAM .bss.CCMRAM.*)

.bss            0x200001f0      0xc1c
                0x200001f0                __bss_start__ = .
                0x200001f0                _sbss = .
 *(.bss_begin .bss_begin.*)
 .bss_begin     0x200001f0        0x4 ./system/src/newlib/_startup.o
 *(.bss .bss.*)
 .bss.current_heap_end.3974
                0x200001f4        0x4 ./system/src/newlib/_sbrk.o
 .bss.name.4289
                0x200001f8        0x1 ./system/src/newlib/_syscalls.o
 .bss.buf.5179  0x200001f9       0x80 ./system/src/diag/Trace.o
 *fill*         0x20000279        0x3 
 .bss.LoRaMacCallback
                0x2000027c        0x4 ./src/LoRaMac-api-v3.o
 .bss.LoRaMacPrimitives
                0x20000280        0xc ./src/LoRaMac-api-v3.o
 .bss.LoRaMacEventInfo
                0x2000028c       0x18 ./src/LoRaMac-api-v3.o
 .bss.LoRaMacCallbacks
                0x200002a4        0x8 ./src/LoRaMac-api-v3.o
 .bss.LoRaMacEventFlags
                0x200002ac        0x1 ./src/LoRaMac-api-v3.o
 *fill*         0x200002ad        0x1 
 .bss.AggregatedDCycle
                0x200002ae        0x2 ./src/LoRaMac.o
 .bss.McpsIndication
                0x200002b0       0x18 ./src/LoRaMac.o
 .bss.AggregatedTimeOff
                0x200002c8        0x4 ./src/LoRaMac.o
 .bss.RxSlot    0x200002cc        0x1 ./src/LoRaMac.o
 .bss.LastTxChannel
                0x200002cd        0x1 ./src/LoRaMac.o
 .bss.AdrCtrlOn
                0x200002ce        0x1 ./src/LoRaMac.o
 *fill*         0x200002cf        0x1 
 .bss.DownLinkCounter
                0x200002d0        0x4 ./src/LoRaMac.o
 .bss.SrvAckRequested
                0x200002d4        0x1 ./src/LoRaMac.o
 *fill*         0x200002d5        0x3 
 .bss.RxWindow2Delay
                0x200002d8        0x4 ./src/LoRaMac.o
 .bss.MaxDCycle
                0x200002dc        0x1 ./src/LoRaMac.o
 *fill*         0x200002dd        0x1 
 .bss.JoinRequestTrials
                0x200002de        0x2 ./src/LoRaMac.o
 .bss.Channel   0x200002e0        0x1 ./src/LoRaMac.o
 *fill*         0x200002e1        0x3 
 .bss.LoRaMacAppEui
                0x200002e4        0x4 ./src/LoRaMac.o
 .bss.LoRaMacPrimitives
                0x200002e8        0x4 ./src/LoRaMac.o
 .bss.LoRaMacCallbacks
                0x200002ec        0x4 ./src/LoRaMac.o
 .bss.MacCommandsBuffer
                0x200002f0        0xf ./src/LoRaMac.o
 *fill*         0x200002ff        0x1 
 .bss.TxTimeOnAir
                0x20000300        0x4 ./src/LoRaMac.o
                0x20000300                TxTimeOnAir
 .bss.LoRaMacState
                0x20000304        0x4 ./src/LoRaMac.o
                0x20000304                LoRaMacState
 .bss.McpsConfirm
                0x20000308       0x10 ./src/LoRaMac.o
 .bss.IsUpLinkCounterFixed
                0x20000318        0x1 ./src/LoRaMac.o
 .bss.ChannelsNbRepCounter
                0x20000319        0x1 ./src/LoRaMac.o
 .bss.LoRaMacPayload
                0x2000031a       0xff ./src/LoRaMac.o
 .bss.MacCommandsInNextTx
                0x20000419        0x1 ./src/LoRaMac.o
 .bss.DutyCycleOn
                0x2000041a        0x1 ./src/LoRaMac.o
 .bss.MacCommandsBufferIndex
                0x2000041b        0x1 ./src/LoRaMac.o
 .bss.MacStateCheckTimer
                0x2000041c       0x14 ./src/LoRaMac.o
 .bss.MacCommandsBufferToRepeat
                0x20000430        0xf ./src/LoRaMac.o
 .bss.LoRaMacRxPayload
                0x2000043f       0xff ./src/LoRaMac.o
 .bss.NodeAckRequested
                0x2000053e        0x1 ./src/LoRaMac.o
 *fill*         0x2000053f        0x1 
 .bss.LoRaMacBufferPktLen
                0x20000540        0x2 ./src/LoRaMac.o
 .bss.IsLoRaMacNetworkJoined
                0x20000542        0x1 ./src/LoRaMac.o
 *fill*         0x20000543        0x1 
 .bss.TxDelayedTimer
                0x20000544       0x14 ./src/LoRaMac.o
 .bss.RxWindowTimer1
                0x20000558       0x14 ./src/LoRaMac.o
 .bss.RxWindowTimer2
                0x2000056c       0x14 ./src/LoRaMac.o
 .bss.LoRaMacNetID
                0x20000580        0x4 ./src/LoRaMac.o
 .bss.RadioEvents
                0x20000584       0x1c ./src/LoRaMac.o
 .bss.AdrAckCounter
                0x200005a0        0x4 ./src/LoRaMac.o
 .bss.PublicNetwork
                0x200005a4        0x1 ./src/LoRaMac.o
 *fill*         0x200005a5        0x1 
 .bss.LoRaMacDevNonce
                0x200005a6        0x2 ./src/LoRaMac.o
 .bss.LoRaMacDevAddr
                0x200005a8        0x4 ./src/LoRaMac.o
 .bss.MlmeConfirm
                0x200005ac        0xc ./src/LoRaMac.o
 .bss.AckTimeoutRetry
                0x200005b8        0x1 ./src/LoRaMac.o
 .bss.LoRaMacNwkSKey
                0x200005b9       0x10 ./src/LoRaMac.o
 .bss.LoRaMacBuffer
                0x200005c9       0xff ./src/LoRaMac.o
 .bss.MacCommandsBufferToRepeatIndex
                0x200006c8        0x1 ./src/LoRaMac.o
 *fill*         0x200006c9        0x3 
 .bss.MulticastChannels
                0x200006cc        0x4 ./src/LoRaMac.o
 .bss.LoRaMacAppKey
                0x200006d0        0x4 ./src/LoRaMac.o
 .bss.LoRaMacDevEui
                0x200006d4        0x4 ./src/LoRaMac.o
 .bss.RxWindow1Delay
                0x200006d8        0x4 ./src/LoRaMac.o
 .bss.LoRaMacDeviceClass
                0x200006dc        0x1 ./src/LoRaMac.o
 .bss.LoRaMacAppSKey
                0x200006dd       0x10 ./src/LoRaMac.o
 .bss.RepeaterSupport
                0x200006ed        0x1 ./src/LoRaMac.o
 *fill*         0x200006ee        0x2 
 .bss.AggregatedLastTxDoneTime
                0x200006f0        0x4 ./src/LoRaMac.o
 .bss.AckTimeoutTimer
                0x200006f4       0x14 ./src/LoRaMac.o
 .bss.AesCmacCtx
                0x20000708      0x118 ./src/LoRaMacCrypto.o
 .bss.sBlock    0x20000820       0x10 ./src/LoRaMacCrypto.o
 .bss.AesContext
                0x20000830       0xf1 ./src/LoRaMacCrypto.o
 .bss.Mic       0x20000921       0x10 ./src/LoRaMacCrypto.o
 .bss.SystemWakeupTimeCalibrated
                0x20000931        0x1 ./src/board.o
 .bss.McuInitialized
                0x20000932        0x1 ./src/board.o
 *fill*         0x20000933        0x1 
 .bss.CalibrateSystemWakeupTimeTimer
                0x20000934       0x14 ./src/board.o
 .bss.GpioIrq   0x20000948       0x40 ./src/gpio-board.o
 .bss.Led3StateChanged
                0x20000988        0x1 ./src/main_telemic.o
                0x20000988                Led3StateChanged
 *fill*         0x20000989        0x3 
 .bss.JoinReqTimer
                0x2000098c       0x14 ./src/main_telemic.o
 .bss.IsNetworkJoined
                0x200009a0        0x1 ./src/main_telemic.o
 .bss.ScheduleNextTx
                0x200009a1        0x1 ./src/main_telemic.o
 *fill*         0x200009a2        0x2 
 .bss.DownlinkTimer
                0x200009a4       0x14 ./src/main_telemic.o
 .bss.AppData   0x200009b8       0x40 ./src/main_telemic.o
 .bss.LoRaMacCallbacks
                0x200009f8        0x8 ./src/main_telemic.o
 .bss.TxNextPacketTimer
                0x20000a00       0x14 ./src/main_telemic.o
 .bss.RxDone    0x20000a14        0x1 ./src/main_telemic.o
                0x20000a14                RxDone
 *fill*         0x20000a15        0x3 
 .bss.RtcHandle
                0x20000a18       0x24 ./src/rtc-board.o
                0x20000a18                RtcHandle
 .bss.LowPowerDisableDuringTask
                0x20000a3c        0x1 ./src/rtc-board.o
 .bss.NonScheduledWakeUp
                0x20000a3d        0x1 ./src/rtc-board.o
                0x20000a3d                NonScheduledWakeUp
 *fill*         0x20000a3e        0x2 
 .bss.TimeoutValueError
                0x20000a40        0x4 ./src/rtc-board.o
 .bss.Century   0x20000a44        0x2 ./src/rtc-board.o
 .bss.rtcCalibrationCompleted
                0x20000a46        0x1 ./src/rtc-board.o
                0x20000a46                rtcCalibrationCompleted
 .bss.RtcInitalized
                0x20000a47        0x1 ./src/rtc-board.o
 .bss.WakeUpTimeInitialized
                0x20000a48        0x1 ./src/rtc-board.o
 .bss.CallendarRollOverReady
                0x20000a49        0x1 ./src/rtc-board.o
 *fill*         0x20000a4a        0x2 
 .bss.McuWakeUpTime
                0x20000a4c        0x4 ./src/rtc-board.o
                0x20000a4c                McuWakeUpTime
 .bss.RtcTimerEventAllowsLowPower
                0x20000a50        0x1 ./src/rtc-board.o
 .bss.RadioIsActive
                0x20000a51        0x1 ./src/sx1272-board.o
 *fill*         0x20000a52        0x2 
 .bss.RadioEvents
                0x20000a54        0x4 ./src/sx1272.o
 .bss.RxTxBuffer
                0x20000a58      0x100 ./src/sx1272.o
 .bss.HasLoopedThroughMain
                0x20000b58        0x1 ./src/timer.o
                0x20000b58                HasLoopedThroughMain
 *fill*         0x20000b59        0x3 
 .bss.TimerListHead
                0x20000b5c        0x4 ./src/timer.o
 .bss.__malloc_sbrk_start
                0x20000b60        0x4 /home/hazem/workspace/gcc-arm-none-eabi-5_4/bin/../lib/gcc/arm-none-eabi/5.4.1/../../../../arm-none-eabi/lib/armv6-m/libg_nano.a(lib_a-nano-mallocr.o)
                0x20000b60                __malloc_sbrk_start
 .bss.__malloc_free_list
                0x20000b64        0x4 /home/hazem/workspace/gcc-arm-none-eabi-5_4/bin/../lib/gcc/arm-none-eabi/5.4.1/../../../../arm-none-eabi/lib/armv6-m/libg_nano.a(lib_a-nano-mallocr.o)
                0x20000b64                __malloc_free_list
 *(COMMON)
 COMMON         0x20000b68        0x4 ./system/src/stm32l0xx/stm32l0xx_hal.o
                0x20000b68                uwTick
 COMMON         0x20000b6c       0x18 ./system/src/stm32l0xx/stm32l0xx_hal_flash.o
                0x20000b6c                ProcFlash
 COMMON         0x20000b84        0x4 ./system/src/newlib/_syscalls.o
                0x20000b84                errno
 COMMON         0x20000b88       0x64 ./src/LoRaMac.o
                0x20000b88                LoRaMacFlags
                0x20000b8c                LoRaMacParamsDefaults
                0x20000bbc                LoRaMacParams
 COMMON         0x20000bec       0x68 ./src/board.o
                0x20000bec                hcomp
                0x20000c10                htim21
                0x20000c48                HLpin
 COMMON         0x20000c54       0x18 ./src/main_telemic.o
                0x20000c54                counter
                0x20000c58                ComplianceTest
 COMMON         0x20000c6c       0x28 ./src/rtc-board.o
                0x20000c6c                prevTicks
                0x20000c70                globalTickCounted
                0x20000c74                RtcCalendarContext
                0x20000c90                globalTickSum
 COMMON         0x20000c94      0x174 ./src/sx1272.o
                0x20000c94                SX1272
                0x20000dcc                TxTimeoutTimer
                0x20000de0                RxTimeoutSyncWord
                0x20000df4                RxTimeoutTimer
 *(.bss_end .bss_end.*)
 .bss_end       0x20000e08        0x4 ./system/src/newlib/_startup.o
                0x20000e0c                . = ALIGN (0x4)
                0x20000e0c                __bss_end__ = .
                0x20000e0c                _ebss = .

.noinit_CCMRAM
 *(.noinit.CCMRAM .noinit.CCMRAM.*)

.noinit         0x20000e0c        0x0
                0x20000e0c                _noinit = .
 *(.noinit .noinit.*)
                0x20000e0c                . = ALIGN (0x4)
                0x20000e0c                _end_noinit = .
                [!provide]                PROVIDE (end, _end_noinit)
                [!provide]                PROVIDE (_end, _end_noinit)
                [!provide]                PROVIDE (__end, _end_noinit)
                [!provide]                PROVIDE (__end__, _end_noinit)

._check_stack   0x20000e0c      0x100
                0x20000f0c                . = (. + _Minimum_Stack_Size)
 *fill*         0x20000e0c      0x100 

.b1text
 *(.b1text)
 *(.b1rodata)
 *(.b1rodata.*)

.eb0text
 *(.eb0text)
 *(.eb0rodata)
 *(.eb0rodata.*)

.eb1text
 *(.eb1text)
 *(.eb1rodata)
 *(.eb1rodata.*)

.eb2text
 *(.eb2text)
 *(.eb2rodata)
 *(.eb2rodata.*)

.eb3text
 *(.eb3text)
 *(.eb3rodata)
 *(.eb3rodata.*)

.stab
 *(.stab)

.stabstr
 *(.stabstr)

.stab.excl
 *(.stab.excl)

.stab.exclstr
 *(.stab.exclstr)

.stab.index
 *(.stab.index)

.stab.indexstr
 *(.stab.indexstr)

.comment        0x00000000       0x6e
 *(.comment)
 .comment       0x00000000       0x6e ./system/src/stm32l0xx/stm32l0xx_hal.o
                                 0x6f (size before relaxing)
 .comment       0x0000006e       0x6f ./system/src/stm32l0xx/stm32l0xx_hal_comp.o
 .comment       0x0000006e       0x6f ./system/src/stm32l0xx/stm32l0xx_hal_cortex.o
 .comment       0x0000006e       0x6f ./system/src/stm32l0xx/stm32l0xx_hal_flash.o
 .comment       0x0000006e       0x6f ./system/src/stm32l0xx/stm32l0xx_hal_flash_ex.o
 .comment       0x0000006e       0x6f ./system/src/stm32l0xx/stm32l0xx_hal_gpio.o
 .comment       0x0000006e       0x6f ./system/src/stm32l0xx/stm32l0xx_hal_pwr.o
 .comment       0x0000006e       0x6f ./system/src/stm32l0xx/stm32l0xx_hal_pwr_ex.o
 .comment       0x0000006e       0x6f ./system/src/stm32l0xx/stm32l0xx_hal_rcc.o
 .comment       0x0000006e       0x6f ./system/src/stm32l0xx/stm32l0xx_hal_rcc_ex.o
 .comment       0x0000006e       0x6f ./system/src/stm32l0xx/stm32l0xx_hal_rtc.o
 .comment       0x0000006e       0x6f ./system/src/stm32l0xx/stm32l0xx_hal_rtc_ex.o
 .comment       0x0000006e       0x6f ./system/src/stm32l0xx/stm32l0xx_hal_spi.o
 .comment       0x0000006e       0x6f ./system/src/newlib/_exit.o
 .comment       0x0000006e       0x6f ./system/src/newlib/_sbrk.o
 .comment       0x0000006e       0x6f ./system/src/newlib/_startup.o
 .comment       0x0000006e       0x6f ./system/src/newlib/_syscalls.o
 .comment       0x0000006e       0x6f ./system/src/diag/Trace.o
 .comment       0x0000006e       0x6f ./system/src/diag/trace_impl.o
 .comment       0x0000006e       0x6f ./system/src/cortexm/_initialize_hardware.o
 .comment       0x0000006e       0x6f ./system/src/cortexm/exception_handlers.o
 .comment       0x0000006e       0x6f ./system/src/cmsis/system_stm32l0xx.o
 .comment       0x0000006e       0x6f ./src/LoRaMac-api-v3.o
 .comment       0x0000006e       0x6f ./src/LoRaMac.o
 .comment       0x0000006e       0x6f ./src/LoRaMacCrypto.o
 .comment       0x0000006e       0x6f ./src/adc-board.o
 .comment       0x0000006e       0x6f ./src/aes.o
 .comment       0x0000006e       0x6f ./src/board.o
 .comment       0x0000006e       0x6f ./src/cmac.o
 .comment       0x0000006e       0x6f ./src/delay.o
 .comment       0x0000006e       0x6f ./src/gpio-board.o
 .comment       0x0000006e       0x6f ./src/main_telemic.o
 .comment       0x0000006e       0x6f ./src/rtc-board.o
 .comment       0x0000006e       0x6f ./src/spi-board.o
 .comment       0x0000006e       0x6f ./src/stm32l0xx_hal_msp.o
 .comment       0x0000006e       0x6f ./src/stm32l0xx_it.o
 .comment       0x0000006e       0x6f ./src/sx1272-board.o
 .comment       0x0000006e       0x6f ./src/sx1272.o
 .comment       0x0000006e       0x6f ./src/timer.o
 .comment       0x0000006e       0x6f ./src/utilities.o

.ARM.attributes
                0x00000000       0x30
 .ARM.attributes
                0x00000000       0x32 ./system/src/stm32l0xx/stm32l0xx_hal.o
 .ARM.attributes
                0x00000032       0x32 ./system/src/stm32l0xx/stm32l0xx_hal_comp.o
 .ARM.attributes
                0x00000064       0x32 ./system/src/stm32l0xx/stm32l0xx_hal_cortex.o
 .ARM.attributes
                0x00000096       0x32 ./system/src/stm32l0xx/stm32l0xx_hal_flash.o
 .ARM.attributes
                0x000000c8       0x32 ./system/src/stm32l0xx/stm32l0xx_hal_flash_ex.o
 .ARM.attributes
                0x000000fa       0x32 ./system/src/stm32l0xx/stm32l0xx_hal_gpio.o
 .ARM.attributes
                0x0000012c       0x32 ./system/src/stm32l0xx/stm32l0xx_hal_pwr.o
 .ARM.attributes
                0x0000015e       0x32 ./system/src/stm32l0xx/stm32l0xx_hal_pwr_ex.o
 .ARM.attributes
                0x00000190       0x32 ./system/src/stm32l0xx/stm32l0xx_hal_rcc.o
 .ARM.attributes
                0x000001c2       0x32 ./system/src/stm32l0xx/stm32l0xx_hal_rcc_ex.o
 .ARM.attributes
                0x000001f4       0x32 ./system/src/stm32l0xx/stm32l0xx_hal_rtc.o
 .ARM.attributes
                0x00000226       0x32 ./system/src/stm32l0xx/stm32l0xx_hal_rtc_ex.o
 .ARM.attributes
                0x00000258       0x32 ./system/src/stm32l0xx/stm32l0xx_hal_spi.o
 .ARM.attributes
                0x0000028a       0x32 ./system/src/newlib/_exit.o
 .ARM.attributes
                0x000002bc       0x32 ./system/src/newlib/_sbrk.o
 .ARM.attributes
                0x000002ee       0x32 ./system/src/newlib/_startup.o
 .ARM.attributes
                0x00000320       0x32 ./system/src/newlib/_syscalls.o
 .ARM.attributes
                0x00000352       0x32 ./system/src/diag/Trace.o
 .ARM.attributes
                0x00000384       0x32 ./system/src/diag/trace_impl.o
 .ARM.attributes
                0x000003b6       0x32 ./system/src/cortexm/_initialize_hardware.o
 .ARM.attributes
                0x000003e8       0x32 ./system/src/cortexm/exception_handlers.o
 .ARM.attributes
                0x0000041a       0x22 ./system/src/cmsis/startup_stm32l051xx.o
 .ARM.attributes
                0x0000043c       0x32 ./system/src/cmsis/system_stm32l0xx.o
 .ARM.attributes
                0x0000046e       0x32 ./src/LoRaMac-api-v3.o
 .ARM.attributes
                0x000004a0       0x32 ./src/LoRaMac.o
 .ARM.attributes
                0x000004d2       0x32 ./src/LoRaMacCrypto.o
 .ARM.attributes
                0x00000504       0x32 ./src/adc-board.o
 .ARM.attributes
                0x00000536       0x32 ./src/aes.o
 .ARM.attributes
                0x00000568       0x32 ./src/board.o
 .ARM.attributes
                0x0000059a       0x32 ./src/cmac.o
 .ARM.attributes
                0x000005cc       0x32 ./src/delay.o
 .ARM.attributes
                0x000005fe       0x32 ./src/gpio-board.o
 .ARM.attributes
                0x00000630       0x32 ./src/main_telemic.o
 .ARM.attributes
                0x00000662       0x32 ./src/rtc-board.o
 .ARM.attributes
                0x00000694       0x32 ./src/spi-board.o
 .ARM.attributes
                0x000006c6       0x32 ./src/stm32l0xx_hal_msp.o
 .ARM.attributes
                0x000006f8       0x32 ./src/stm32l0xx_it.o
 .ARM.attributes
                0x0000072a       0x32 ./src/sx1272-board.o
 .ARM.attributes
                0x0000075c       0x32 ./src/sx1272.o
 .ARM.attributes
                0x0000078e       0x32 ./src/timer.o
 .ARM.attributes
                0x000007c0       0x32 ./src/utilities.o
 .ARM.attributes
                0x000007f2       0x2c /home/hazem/workspace/gcc-arm-none-eabi-5_4/bin/../lib/gcc/arm-none-eabi/5.4.1/../../../../arm-none-eabi/lib/armv6-m/libm.a(lib_a-s_ceil.o)
 .ARM.attributes
                0x0000081e       0x2c /home/hazem/workspace/gcc-arm-none-eabi-5_4/bin/../lib/gcc/arm-none-eabi/5.4.1/../../../../arm-none-eabi/lib/armv6-m/libm.a(lib_a-s_floor.o)
 .ARM.attributes
                0x0000084a       0x2c /home/hazem/workspace/gcc-arm-none-eabi-5_4/bin/../lib/gcc/arm-none-eabi/5.4.1/../../../../arm-none-eabi/lib/armv6-m/libm.a(lib_a-s_round.o)
 .ARM.attributes
                0x00000876       0x1e /home/hazem/workspace/gcc-arm-none-eabi-5_4/bin/../lib/gcc/arm-none-eabi/5.4.1/armv6-m/libgcc.a(_thumb1_case_uqi.o)
 .ARM.attributes
                0x00000894       0x1e /home/hazem/workspace/gcc-arm-none-eabi-5_4/bin/../lib/gcc/arm-none-eabi/5.4.1/armv6-m/libgcc.a(_thumb1_case_uhi.o)
 .ARM.attributes
                0x000008b2       0x1e /home/hazem/workspace/gcc-arm-none-eabi-5_4/bin/../lib/gcc/arm-none-eabi/5.4.1/armv6-m/libgcc.a(_udivsi3.o)
 .ARM.attributes
                0x000008d0       0x1e /home/hazem/workspace/gcc-arm-none-eabi-5_4/bin/../lib/gcc/arm-none-eabi/5.4.1/armv6-m/libgcc.a(_divsi3.o)
 .ARM.attributes
                0x000008ee       0x1e /home/hazem/workspace/gcc-arm-none-eabi-5_4/bin/../lib/gcc/arm-none-eabi/5.4.1/armv6-m/libgcc.a(_dvmd_tls.o)
 .ARM.attributes
                0x0000090c       0x1e /home/hazem/workspace/gcc-arm-none-eabi-5_4/bin/../lib/gcc/arm-none-eabi/5.4.1/armv6-m/libgcc.a(_arm_cmpdf2.o)
 .ARM.attributes
                0x0000092a       0x1e /home/hazem/workspace/gcc-arm-none-eabi-5_4/bin/../lib/gcc/arm-none-eabi/5.4.1/armv6-m/libgcc.a(_clzsi2.o)
 .ARM.attributes
                0x00000948       0x2c /home/hazem/workspace/gcc-arm-none-eabi-5_4/bin/../lib/gcc/arm-none-eabi/5.4.1/armv6-m/libgcc.a(_fixunsdfsi.o)
 .ARM.attributes
                0x00000974       0x2c /home/hazem/workspace/gcc-arm-none-eabi-5_4/bin/../lib/gcc/arm-none-eabi/5.4.1/armv6-m/libgcc.a(adddf3.o)
 .ARM.attributes
                0x000009a0       0x2c /home/hazem/workspace/gcc-arm-none-eabi-5_4/bin/../lib/gcc/arm-none-eabi/5.4.1/armv6-m/libgcc.a(divdf3.o)
 .ARM.attributes
                0x000009cc       0x2c /home/hazem/workspace/gcc-arm-none-eabi-5_4/bin/../lib/gcc/arm-none-eabi/5.4.1/armv6-m/libgcc.a(eqdf2.o)
 .ARM.attributes
                0x000009f8       0x2c /home/hazem/workspace/gcc-arm-none-eabi-5_4/bin/../lib/gcc/arm-none-eabi/5.4.1/armv6-m/libgcc.a(gedf2.o)
 .ARM.attributes
                0x00000a24       0x2c /home/hazem/workspace/gcc-arm-none-eabi-5_4/bin/../lib/gcc/arm-none-eabi/5.4.1/armv6-m/libgcc.a(ledf2.o)
 .ARM.attributes
                0x00000a50       0x2c /home/hazem/workspace/gcc-arm-none-eabi-5_4/bin/../lib/gcc/arm-none-eabi/5.4.1/armv6-m/libgcc.a(muldf3.o)
 .ARM.attributes
                0x00000a7c       0x2c /home/hazem/workspace/gcc-arm-none-eabi-5_4/bin/../lib/gcc/arm-none-eabi/5.4.1/armv6-m/libgcc.a(subdf3.o)
 .ARM.attributes
                0x00000aa8       0x2c /home/hazem/workspace/gcc-arm-none-eabi-5_4/bin/../lib/gcc/arm-none-eabi/5.4.1/armv6-m/libgcc.a(fixdfsi.o)
 .ARM.attributes
                0x00000ad4       0x2c /home/hazem/workspace/gcc-arm-none-eabi-5_4/bin/../lib/gcc/arm-none-eabi/5.4.1/armv6-m/libgcc.a(floatsidf.o)
 .ARM.attributes
                0x00000b00       0x2c /home/hazem/workspace/gcc-arm-none-eabi-5_4/bin/../lib/gcc/arm-none-eabi/5.4.1/armv6-m/libgcc.a(floatunsidf.o)
 .ARM.attributes
                0x00000b2c       0x2c /home/hazem/workspace/gcc-arm-none-eabi-5_4/bin/../lib/gcc/arm-none-eabi/5.4.1/../../../../arm-none-eabi/lib/armv6-m/libg_nano.a(lib_a-errno.o)
 .ARM.attributes
                0x00000b58       0x2c /home/hazem/workspace/gcc-arm-none-eabi-5_4/bin/../lib/gcc/arm-none-eabi/5.4.1/../../../../arm-none-eabi/lib/armv6-m/libg_nano.a(lib_a-impure.o)
 .ARM.attributes
                0x00000b84       0x2c /home/hazem/workspace/gcc-arm-none-eabi-5_4/bin/../lib/gcc/arm-none-eabi/5.4.1/../../../../arm-none-eabi/lib/armv6-m/libg_nano.a(lib_a-memcpy-stub.o)
 .ARM.attributes
                0x00000bb0       0x2c /home/hazem/workspace/gcc-arm-none-eabi-5_4/bin/../lib/gcc/arm-none-eabi/5.4.1/../../../../arm-none-eabi/lib/armv6-m/libg_nano.a(lib_a-memset.o)
 .ARM.attributes
                0x00000bdc       0x2c /home/hazem/workspace/gcc-arm-none-eabi-5_4/bin/../lib/gcc/arm-none-eabi/5.4.1/../../../../arm-none-eabi/lib/armv6-m/libg_nano.a(lib_a-vsnprintf.o)
 .ARM.attributes
                0x00000c08       0x2c /home/hazem/workspace/gcc-arm-none-eabi-5_4/bin/../lib/gcc/arm-none-eabi/5.4.1/../../../../arm-none-eabi/lib/armv6-m/libg_nano.a(lib_a-nano-svfprintf.o)
 .ARM.attributes
                0x00000c34       0x2c /home/hazem/workspace/gcc-arm-none-eabi-5_4/bin/../lib/gcc/arm-none-eabi/5.4.1/../../../../arm-none-eabi/lib/armv6-m/libg_nano.a(lib_a-nano-vfprintf_i.o)
 .ARM.attributes
                0x00000c60       0x2c /home/hazem/workspace/gcc-arm-none-eabi-5_4/bin/../lib/gcc/arm-none-eabi/5.4.1/../../../../arm-none-eabi/lib/armv6-m/libg_nano.a(lib_a-memchr-stub.o)
 .ARM.attributes
                0x00000c8c       0x2c /home/hazem/workspace/gcc-arm-none-eabi-5_4/bin/../lib/gcc/arm-none-eabi/5.4.1/../../../../arm-none-eabi/lib/armv6-m/libg_nano.a(lib_a-memmove.o)
 .ARM.attributes
                0x00000cb8       0x2c /home/hazem/workspace/gcc-arm-none-eabi-5_4/bin/../lib/gcc/arm-none-eabi/5.4.1/../../../../arm-none-eabi/lib/armv6-m/libg_nano.a(lib_a-nano-freer.o)
 .ARM.attributes
                0x00000ce4       0x2c /home/hazem/workspace/gcc-arm-none-eabi-5_4/bin/../lib/gcc/arm-none-eabi/5.4.1/../../../../arm-none-eabi/lib/armv6-m/libg_nano.a(lib_a-nano-mallocr.o)
 .ARM.attributes
                0x00000d10       0x2c /home/hazem/workspace/gcc-arm-none-eabi-5_4/bin/../lib/gcc/arm-none-eabi/5.4.1/../../../../arm-none-eabi/lib/armv6-m/libg_nano.a(lib_a-nano-reallocr.o)
 .ARM.attributes
                0x00000d3c       0x2c /home/hazem/workspace/gcc-arm-none-eabi-5_4/bin/../lib/gcc/arm-none-eabi/5.4.1/../../../../arm-none-eabi/lib/armv6-m/libg_nano.a(lib_a-sbrkr.o)
 .ARM.attributes
                0x00000d68       0x2c /home/hazem/workspace/gcc-arm-none-eabi-5_4/bin/../lib/gcc/arm-none-eabi/5.4.1/../../../../arm-none-eabi/lib/armv6-m/libg_nano.a(lib_a-mlock.o)
 .ARM.attributes
                0x00000d94       0x2c /home/hazem/workspace/gcc-arm-none-eabi-5_4/bin/../lib/gcc/arm-none-eabi/5.4.1/../../../../arm-none-eabi/lib/armv6-m/libg_nano.a(lib_a-nano-msizer.o)

.debug
 *(.debug)

.line
 *(.line)

.debug_srcinfo
 *(.debug_srcinfo)

.debug_sfnames
 *(.debug_sfnames)

.debug_aranges  0x00000000     0x11d0
 *(.debug_aranges)
 .debug_aranges
                0x00000000       0xd8 ./system/src/stm32l0xx/stm32l0xx_hal.o
 .debug_aranges
                0x000000d8       0x60 ./system/src/stm32l0xx/stm32l0xx_hal_comp.o
 .debug_aranges
                0x00000138       0x80 ./system/src/stm32l0xx/stm32l0xx_hal_cortex.o
 .debug_aranges
                0x000001b8       0x88 ./system/src/stm32l0xx/stm32l0xx_hal_flash.o
 .debug_aranges
                0x00000240       0x98 ./system/src/stm32l0xx/stm32l0xx_hal_flash_ex.o
 .debug_aranges
                0x000002d8       0x58 ./system/src/stm32l0xx/stm32l0xx_hal_gpio.o
 .debug_aranges
                0x00000330       0xa0 ./system/src/stm32l0xx/stm32l0xx_hal_pwr.o
 .debug_aranges
                0x000003d0       0x48 ./system/src/stm32l0xx/stm32l0xx_hal_pwr_ex.o
 .debug_aranges
                0x00000418       0x80 ./system/src/stm32l0xx/stm32l0xx_hal_rcc.o
 .debug_aranges
                0x00000498       0x58 ./system/src/stm32l0xx/stm32l0xx_hal_rcc_ex.o
 .debug_aranges
                0x000004f0       0xa8 ./system/src/stm32l0xx/stm32l0xx_hal_rtc.o
 .debug_aranges
                0x00000598      0x100 ./system/src/stm32l0xx/stm32l0xx_hal_rtc_ex.o
 .debug_aranges
                0x00000698      0x108 ./system/src/stm32l0xx/stm32l0xx_hal_spi.o
 .debug_aranges
                0x000007a0       0x28 ./system/src/newlib/_exit.o
 .debug_aranges
                0x000007c8       0x20 ./system/src/newlib/_sbrk.o
 .debug_aranges
                0x000007e8       0x40 ./system/src/newlib/_startup.o
 .debug_aranges
                0x00000828       0x30 ./system/src/newlib/_syscalls.o
 .debug_aranges
                0x00000858       0x38 ./system/src/diag/Trace.o
 .debug_aranges
                0x00000890       0x28 ./system/src/diag/trace_impl.o
 .debug_aranges
                0x000008b8       0x28 ./system/src/cortexm/_initialize_hardware.o
 .debug_aranges
                0x000008e0       0x58 ./system/src/cortexm/exception_handlers.o
 .debug_aranges
                0x00000938       0x28 ./system/src/cmsis/startup_stm32l051xx.o
 .debug_aranges
                0x00000960       0x28 ./system/src/cmsis/system_stm32l0xx.o
 .debug_aranges
                0x00000988      0x128 ./src/LoRaMac-api-v3.o
 .debug_aranges
                0x00000ab0      0x130 ./src/LoRaMac.o
 .debug_aranges
                0x00000be0       0x48 ./src/LoRaMacCrypto.o
 .debug_aranges
                0x00000c28       0x20 ./src/adc-board.o
 .debug_aranges
                0x00000c48       0x40 ./src/aes.o
 .debug_aranges
                0x00000c88       0x70 ./src/board.o
 .debug_aranges
                0x00000cf8       0x38 ./src/cmac.o
 .debug_aranges
                0x00000d30       0x28 ./src/delay.o
 .debug_aranges
                0x00000d58       0x50 ./src/gpio-board.o
 .debug_aranges
                0x00000da8       0x50 ./src/main_telemic.o
 .debug_aranges
                0x00000df8       0x98 ./src/rtc-board.o
 .debug_aranges
                0x00000e90       0x48 ./src/spi-board.o
 .debug_aranges
                0x00000ed8       0x80 ./src/stm32l0xx_hal_msp.o
 .debug_aranges
                0x00000f58       0x38 ./src/stm32l0xx_it.o
 .debug_aranges
                0x00000f90       0x48 ./src/sx1272-board.o
 .debug_aranges
                0x00000fd8      0x128 ./src/sx1272.o
 .debug_aranges
                0x00001100       0x80 ./src/timer.o
 .debug_aranges
                0x00001180       0x50 ./src/utilities.o

.debug_pubnames
 *(.debug_pubnames)

.debug_info     0x00000000    0x1b3d4
 *(.debug_info .gnu.linkonce.wi.*)
 .debug_info    0x00000000      0x73f ./system/src/stm32l0xx/stm32l0xx_hal.o
 .debug_info    0x0000073f      0x77f ./system/src/stm32l0xx/stm32l0xx_hal_comp.o
 .debug_info    0x00000ebe      0x93e ./system/src/stm32l0xx/stm32l0xx_hal_cortex.o
 .debug_info    0x000017fc      0x576 ./system/src/stm32l0xx/stm32l0xx_hal_flash.o
 .debug_info    0x00001d72      0xc5d ./system/src/stm32l0xx/stm32l0xx_hal_flash_ex.o
 .debug_info    0x000029cf      0x6bd ./system/src/stm32l0xx/stm32l0xx_hal_gpio.o
 .debug_info    0x0000308c      0x62c ./system/src/stm32l0xx/stm32l0xx_hal_pwr.o
 .debug_info    0x000036b8      0x196 ./system/src/stm32l0xx/stm32l0xx_hal_pwr_ex.o
 .debug_info    0x0000384e      0xb1e ./system/src/stm32l0xx/stm32l0xx_hal_rcc.o
 .debug_info    0x0000436c      0x4f0 ./system/src/stm32l0xx/stm32l0xx_hal_rcc_ex.o
 .debug_info    0x0000485c      0xfa8 ./system/src/stm32l0xx/stm32l0xx_hal_rtc.o
 .debug_info    0x00005804      0xfca ./system/src/stm32l0xx/stm32l0xx_hal_rtc_ex.o
 .debug_info    0x000067ce     0x14cc ./system/src/stm32l0xx/stm32l0xx_hal_spi.o
 .debug_info    0x00007c9a       0xef ./system/src/newlib/_exit.o
 .debug_info    0x00007d89      0x11f ./system/src/newlib/_sbrk.o
 .debug_info    0x00007ea8      0x448 ./system/src/newlib/_startup.o
 .debug_info    0x000082f0      0x1c7 ./system/src/newlib/_syscalls.o
 .debug_info    0x000084b7      0x2e1 ./system/src/diag/Trace.o
 .debug_info    0x00008798       0xf8 ./system/src/diag/trace_impl.o
 .debug_info    0x00008890       0xcb ./system/src/cortexm/_initialize_hardware.o
 .debug_info    0x0000895b      0x327 ./system/src/cortexm/exception_handlers.o
 .debug_info    0x00008c82       0x8c ./system/src/cmsis/startup_stm32l051xx.o
 .debug_info    0x00008d0e      0x357 ./system/src/cmsis/system_stm32l0xx.o
 .debug_info    0x00009065     0x1a98 ./src/LoRaMac-api-v3.o
 .debug_info    0x0000aafd     0x3aa8 ./src/LoRaMac.o
 .debug_info    0x0000e5a5      0x847 ./src/LoRaMacCrypto.o
 .debug_info    0x0000edec      0x318 ./src/adc-board.o
 .debug_info    0x0000f104      0x61d ./src/aes.o
 .debug_info    0x0000f721     0x1900 ./src/board.o
 .debug_info    0x00011021      0x502 ./src/cmac.o
 .debug_info    0x00011523      0x13f ./src/delay.o
 .debug_info    0x00011662      0xa34 ./src/gpio-board.o
 .debug_info    0x00012096      0xbaf ./src/main_telemic.o
 .debug_info    0x00012c45     0x1f8c ./src/rtc-board.o
 .debug_info    0x00014bd1      0xd4c ./src/spi-board.o
 .debug_info    0x0001591d     0x1502 ./src/stm32l0xx_hal_msp.o
 .debug_info    0x00016e1f      0x1d0 ./src/stm32l0xx_it.o
 .debug_info    0x00016fef     0x10a4 ./src/sx1272-board.o
 .debug_info    0x00018093     0x29bc ./src/sx1272.o
 .debug_info    0x0001aa4f      0x702 ./src/timer.o
 .debug_info    0x0001b151      0x283 ./src/utilities.o

.debug_abbrev   0x00000000     0x4e90
 *(.debug_abbrev)
 .debug_abbrev  0x00000000      0x20c ./system/src/stm32l0xx/stm32l0xx_hal.o
 .debug_abbrev  0x0000020c      0x23f ./system/src/stm32l0xx/stm32l0xx_hal_comp.o
 .debug_abbrev  0x0000044b      0x2a7 ./system/src/stm32l0xx/stm32l0xx_hal_cortex.o
 .debug_abbrev  0x000006f2      0x23d ./system/src/stm32l0xx/stm32l0xx_hal_flash.o
 .debug_abbrev  0x0000092f      0x2c4 ./system/src/stm32l0xx/stm32l0xx_hal_flash_ex.o
 .debug_abbrev  0x00000bf3      0x1b5 ./system/src/stm32l0xx/stm32l0xx_hal_gpio.o
 .debug_abbrev  0x00000da8      0x189 ./system/src/stm32l0xx/stm32l0xx_hal_pwr.o
 .debug_abbrev  0x00000f31       0xdf ./system/src/stm32l0xx/stm32l0xx_hal_pwr_ex.o
 .debug_abbrev  0x00001010      0x292 ./system/src/stm32l0xx/stm32l0xx_hal_rcc.o
 .debug_abbrev  0x000012a2      0x19f ./system/src/stm32l0xx/stm32l0xx_hal_rcc_ex.o
 .debug_abbrev  0x00001441      0x1eb ./system/src/stm32l0xx/stm32l0xx_hal_rtc.o
 .debug_abbrev  0x0000162c      0x1ed ./system/src/stm32l0xx/stm32l0xx_hal_rtc_ex.o
 .debug_abbrev  0x00001819      0x2c8 ./system/src/stm32l0xx/stm32l0xx_hal_spi.o
 .debug_abbrev  0x00001ae1       0x8e ./system/src/newlib/_exit.o
 .debug_abbrev  0x00001b6f       0xb9 ./system/src/newlib/_sbrk.o
 .debug_abbrev  0x00001c28      0x1c4 ./system/src/newlib/_startup.o
 .debug_abbrev  0x00001dec       0xec ./system/src/newlib/_syscalls.o
 .debug_abbrev  0x00001ed8      0x156 ./system/src/diag/Trace.o
 .debug_abbrev  0x0000202e       0x9c ./system/src/diag/trace_impl.o
 .debug_abbrev  0x000020ca       0x63 ./system/src/cortexm/_initialize_hardware.o
 .debug_abbrev  0x0000212d      0x15c ./system/src/cortexm/exception_handlers.o
 .debug_abbrev  0x00002289       0x12 ./system/src/cmsis/startup_stm32l051xx.o
 .debug_abbrev  0x0000229b       0xf3 ./system/src/cmsis/system_stm32l0xx.o
 .debug_abbrev  0x0000238e      0x3a4 ./src/LoRaMac-api-v3.o
 .debug_abbrev  0x00002732      0x4cc ./src/LoRaMac.o
 .debug_abbrev  0x00002bfe      0x16c ./src/LoRaMacCrypto.o
 .debug_abbrev  0x00002d6a       0xec ./src/adc-board.o
 .debug_abbrev  0x00002e56      0x20c ./src/aes.o
 .debug_abbrev  0x00003062      0x370 ./src/board.o
 .debug_abbrev  0x000033d2      0x159 ./src/cmac.o
 .debug_abbrev  0x0000352b       0xe0 ./src/delay.o
 .debug_abbrev  0x0000360b      0x230 ./src/gpio-board.o
 .debug_abbrev  0x0000383b      0x2de ./src/main_telemic.o
 .debug_abbrev  0x00003b19      0x426 ./src/rtc-board.o
 .debug_abbrev  0x00003f3f      0x260 ./src/spi-board.o
 .debug_abbrev  0x0000419f      0x1da ./src/stm32l0xx_hal_msp.o
 .debug_abbrev  0x00004379      0x126 ./src/stm32l0xx_it.o
 .debug_abbrev  0x0000449f      0x1df ./src/sx1272-board.o
 .debug_abbrev  0x0000467e      0x3ee ./src/sx1272.o
 .debug_abbrev  0x00004a6c      0x327 ./src/timer.o
 .debug_abbrev  0x00004d93       0xfd ./src/utilities.o

.debug_line     0x00000000    0x13e74
 *(.debug_line)
 .debug_line    0x00000000      0x8bc ./system/src/stm32l0xx/stm32l0xx_hal.o
 .debug_line    0x000008bc      0x8e7 ./system/src/stm32l0xx/stm32l0xx_hal_comp.o
 .debug_line    0x000011a3      0x8c4 ./system/src/stm32l0xx/stm32l0xx_hal_cortex.o
 .debug_line    0x00001a67      0x893 ./system/src/stm32l0xx/stm32l0xx_hal_flash.o
 .debug_line    0x000022fa      0xa01 ./system/src/stm32l0xx/stm32l0xx_hal_flash_ex.o
 .debug_line    0x00002cfb      0x9c6 ./system/src/stm32l0xx/stm32l0xx_hal_gpio.o
 .debug_line    0x000036c1      0x89a ./system/src/stm32l0xx/stm32l0xx_hal_pwr.o
 .debug_line    0x00003f5b      0x72c ./system/src/stm32l0xx/stm32l0xx_hal_pwr_ex.o
 .debug_line    0x00004687      0xa8e ./system/src/stm32l0xx/stm32l0xx_hal_rcc.o
 .debug_line    0x00005115      0x8a9 ./system/src/stm32l0xx/stm32l0xx_hal_rcc_ex.o
 .debug_line    0x000059be      0xc74 ./system/src/stm32l0xx/stm32l0xx_hal_rtc.o
 .debug_line    0x00006632      0xf27 ./system/src/stm32l0xx/stm32l0xx_hal_rtc_ex.o
 .debug_line    0x00007559     0x1012 ./system/src/stm32l0xx/stm32l0xx_hal_spi.o
 .debug_line    0x0000856b      0x308 ./system/src/newlib/_exit.o
 .debug_line    0x00008873      0x2c6 ./system/src/newlib/_sbrk.o
 .debug_line    0x00008b39      0x371 ./system/src/newlib/_startup.o
 .debug_line    0x00008eaa      0x3cb ./system/src/newlib/_syscalls.o
 .debug_line    0x00009275      0x384 ./system/src/diag/Trace.o
 .debug_line    0x000095f9      0x3bd ./system/src/diag/trace_impl.o
 .debug_line    0x000099b6      0x1a1 ./system/src/cortexm/_initialize_hardware.o
 .debug_line    0x00009b57      0x478 ./system/src/cortexm/exception_handlers.o
 .debug_line    0x00009fcf       0x8c ./system/src/cmsis/startup_stm32l051xx.o
 .debug_line    0x0000a05b      0x1b1 ./system/src/cmsis/system_stm32l0xx.o
 .debug_line    0x0000a20c      0xb4c ./src/LoRaMac-api-v3.o
 .debug_line    0x0000ad58     0x1377 ./src/LoRaMac.o
 .debug_line    0x0000c0cf      0x373 ./src/LoRaMacCrypto.o
 .debug_line    0x0000c442      0x7e9 ./src/adc-board.o
 .debug_line    0x0000cc2b      0x3f7 ./src/aes.o
 .debug_line    0x0000d022      0x914 ./src/board.o
 .debug_line    0x0000d936      0x193 ./src/cmac.o
 .debug_line    0x0000dac9      0x7c7 ./src/delay.o
 .debug_line    0x0000e290      0x8ca ./src/gpio-board.o
 .debug_line    0x0000eb5a      0x95b ./src/main_telemic.o
 .debug_line    0x0000f4b5      0xb13 ./src/rtc-board.o
 .debug_line    0x0000ffc8      0x8a4 ./src/spi-board.o
 .debug_line    0x0001086c      0x7c3 ./src/stm32l0xx_hal_msp.o
 .debug_line    0x0001102f      0x6e0 ./src/stm32l0xx_it.o
 .debug_line    0x0001170f      0x81d ./src/sx1272-board.o
 .debug_line    0x00011f2c      0xdae ./src/sx1272.o