Archive member included to satisfy reference by file (symbol)

/home/hazem/lora/gcc-arm-none-eabi-5_4-2016q3/bin/../lib/gcc/arm-none-eabi/5.4.1/../../../../arm-none-eabi/lib/armv6-m/libm.a(lib_a-s_ceil.o)
                              ./src/sx1272.o (ceil)
/home/hazem/lora/gcc-arm-none-eabi-5_4-2016q3/bin/../lib/gcc/arm-none-eabi/5.4.1/../../../../arm-none-eabi/lib/armv6-m/libm.a(lib_a-s_floor.o)
                              ./src/sx1272.o (floor)
/home/hazem/lora/gcc-arm-none-eabi-5_4-2016q3/bin/../lib/gcc/arm-none-eabi/5.4.1/../../../../arm-none-eabi/lib/armv6-m/libm.a(lib_a-s_round.o)
                              ./src/rtc-board.o (round)
/home/hazem/lora/gcc-arm-none-eabi-5_4-2016q3/bin/../lib/gcc/arm-none-eabi/5.4.1/armv6-m/libgcc.a(_thumb1_case_uqi.o)
                              ./system/src/stm32l0xx/stm32l0xx_hal_rcc.o (__gnu_thumb1_case_uqi)
/home/hazem/lora/gcc-arm-none-eabi-5_4-2016q3/bin/../lib/gcc/arm-none-eabi/5.4.1/armv6-m/libgcc.a(_thumb1_case_uhi.o)
                              ./src/LoRaMac.o (__gnu_thumb1_case_uhi)
/home/hazem/lora/gcc-arm-none-eabi-5_4-2016q3/bin/../lib/gcc/arm-none-eabi/5.4.1/armv6-m/libgcc.a(_udivsi3.o)
                              ./system/src/stm32l0xx/stm32l0xx_hal.o (__aeabi_uidiv)
/home/hazem/lora/gcc-arm-none-eabi-5_4-2016q3/bin/../lib/gcc/arm-none-eabi/5.4.1/armv6-m/libgcc.a(_divsi3.o)
                              ./src/fifo.o (__aeabi_idivmod)
/home/hazem/lora/gcc-arm-none-eabi-5_4-2016q3/bin/../lib/gcc/arm-none-eabi/5.4.1/armv6-m/libgcc.a(_dvmd_tls.o)
                              /home/hazem/lora/gcc-arm-none-eabi-5_4-2016q3/bin/../lib/gcc/arm-none-eabi/5.4.1/armv6-m/libgcc.a(_udivsi3.o) (__aeabi_idiv0)
/home/hazem/lora/gcc-arm-none-eabi-5_4-2016q3/bin/../lib/gcc/arm-none-eabi/5.4.1/armv6-m/libgcc.a(_arm_cmpdf2.o)
                              ./src/sx1272.o (__aeabi_dcmpgt)
/home/hazem/lora/gcc-arm-none-eabi-5_4-2016q3/bin/../lib/gcc/arm-none-eabi/5.4.1/armv6-m/libgcc.a(_clzsi2.o)
                              ./src/spi-board.o (__clzsi2)
/home/hazem/lora/gcc-arm-none-eabi-5_4-2016q3/bin/../lib/gcc/arm-none-eabi/5.4.1/armv6-m/libgcc.a(_fixunssfsi.o)
                              ./src/delay.o (__aeabi_f2uiz)
/home/hazem/lora/gcc-arm-none-eabi-5_4-2016q3/bin/../lib/gcc/arm-none-eabi/5.4.1/armv6-m/libgcc.a(_fixunsdfsi.o)
                              ./src/LoRaMac.o (__aeabi_d2uiz)
/home/hazem/lora/gcc-arm-none-eabi-5_4-2016q3/bin/../lib/gcc/arm-none-eabi/5.4.1/armv6-m/libgcc.a(mulsf3.o)
                              ./src/delay.o (__aeabi_fmul)
/home/hazem/lora/gcc-arm-none-eabi-5_4-2016q3/bin/../lib/gcc/arm-none-eabi/5.4.1/armv6-m/libgcc.a(subsf3.o)
                              /home/hazem/lora/gcc-arm-none-eabi-5_4-2016q3/bin/../lib/gcc/arm-none-eabi/5.4.1/armv6-m/libgcc.a(_fixunssfsi.o) (__aeabi_fsub)
/home/hazem/lora/gcc-arm-none-eabi-5_4-2016q3/bin/../lib/gcc/arm-none-eabi/5.4.1/armv6-m/libgcc.a(fixsfsi.o)
                              /home/hazem/lora/gcc-arm-none-eabi-5_4-2016q3/bin/../lib/gcc/arm-none-eabi/5.4.1/armv6-m/libgcc.a(_fixunssfsi.o) (__aeabi_f2iz)
/home/hazem/lora/gcc-arm-none-eabi-5_4-2016q3/bin/../lib/gcc/arm-none-eabi/5.4.1/armv6-m/libgcc.a(adddf3.o)
                              ./src/LoRaMac.o (__aeabi_dadd)
/home/hazem/lora/gcc-arm-none-eabi-5_4-2016q3/bin/../lib/gcc/arm-none-eabi/5.4.1/armv6-m/libgcc.a(divdf3.o)
                              ./src/sx1272.o (__aeabi_ddiv)
/home/hazem/lora/gcc-arm-none-eabi-5_4-2016q3/bin/../lib/gcc/arm-none-eabi/5.4.1/armv6-m/libgcc.a(eqdf2.o)
                              /home/hazem/lora/gcc-arm-none-eabi-5_4-2016q3/bin/../lib/gcc/arm-none-eabi/5.4.1/armv6-m/libgcc.a(_arm_cmpdf2.o) (__eqdf2)
/home/hazem/lora/gcc-arm-none-eabi-5_4-2016q3/bin/../lib/gcc/arm-none-eabi/5.4.1/armv6-m/libgcc.a(gedf2.o)
                              /home/hazem/lora/gcc-arm-none-eabi-5_4-2016q3/bin/../lib/gcc/arm-none-eabi/5.4.1/armv6-m/libgcc.a(_arm_cmpdf2.o) (__gedf2)
/home/hazem/lora/gcc-arm-none-eabi-5_4-2016q3/bin/../lib/gcc/arm-none-eabi/5.4.1/armv6-m/libgcc.a(ledf2.o)
                              /home/hazem/lora/gcc-arm-none-eabi-5_4-2016q3/bin/../lib/gcc/arm-none-eabi/5.4.1/armv6-m/libgcc.a(_arm_cmpdf2.o) (__ledf2)
/home/hazem/lora/gcc-arm-none-eabi-5_4-2016q3/bin/../lib/gcc/arm-none-eabi/5.4.1/armv6-m/libgcc.a(muldf3.o)
                              ./src/LoRaMac.o (__aeabi_dmul)
/home/hazem/lora/gcc-arm-none-eabi-5_4-2016q3/bin/../lib/gcc/arm-none-eabi/5.4.1/armv6-m/libgcc.a(subdf3.o)
                              ./src/rtc-board.o (__aeabi_dsub)
/home/hazem/lora/gcc-arm-none-eabi-5_4-2016q3/bin/../lib/gcc/arm-none-eabi/5.4.1/armv6-m/libgcc.a(fixdfsi.o)
                              ./src/rtc-board.o (__aeabi_d2iz)
/home/hazem/lora/gcc-arm-none-eabi-5_4-2016q3/bin/../lib/gcc/arm-none-eabi/5.4.1/armv6-m/libgcc.a(floatsidf.o)
                              ./src/LoRaMac.o (__aeabi_i2d)
/home/hazem/lora/gcc-arm-none-eabi-5_4-2016q3/bin/../lib/gcc/arm-none-eabi/5.4.1/armv6-m/libgcc.a(floatunsidf.o)
[...]
Memory Configuration

Name             Origin             Length             Attributes
FLASH            0x08000000         0x00010000         xr
RAM              0x20000000         0x00002000         xrw
CCMRAM           0x10000000         0x00000000         xrw
FLASHB1          0x00000000         0x00000000         xr
EXTMEMB0         0x00000000         0x00000000         xr
EXTMEMB1         0x00000000         0x00000000         xr
EXTMEMB2         0x00000000         0x00000000         xr
EXTMEMB3         0x00000000         0x00000000         xr
*default*        0x00000000         0xffffffff

Linker script and memory map

LOAD ./system/src/stm32l0xx/stm32l0xx_hal.o
LOAD ./system/src/stm32l0xx/stm32l0xx_hal_adc.o
LOAD ./system/src/stm32l0xx/stm32l0xx_hal_adc_ex.o
LOAD ./system/src/stm32l0xx/stm32l0xx_hal_comp.o
LOAD ./system/src/stm32l0xx/stm32l0xx_hal_comp_ex.o
LOAD ./system/src/stm32l0xx/stm32l0xx_hal_cortex.o
LOAD ./system/src/stm32l0xx/stm32l0xx_hal_dma.o
LOAD ./system/src/stm32l0xx/stm32l0xx_hal_flash.o
LOAD ./system/src/stm32l0xx/stm32l0xx_hal_flash_ex.o
LOAD ./system/src/stm32l0xx/stm32l0xx_hal_flash_ramfunc.o
LOAD ./system/src/stm32l0xx/stm32l0xx_hal_gpio.o
LOAD ./system/src/stm32l0xx/stm32l0xx_hal_i2c.o
LOAD ./system/src/stm32l0xx/stm32l0xx_hal_i2c_ex.o
LOAD ./system/src/stm32l0xx/stm32l0xx_hal_lptim.o
LOAD ./system/src/stm32l0xx/stm32l0xx_hal_pwr.o
LOAD ./system/src/stm32l0xx/stm32l0xx_hal_pwr_ex.o
LOAD ./system/src/stm32l0xx/stm32l0xx_hal_rcc.o
LOAD ./system/src/stm32l0xx/stm32l0xx_hal_rcc_ex.o
LOAD ./system/src/stm32l0xx/stm32l0xx_hal_rtc.o
LOAD ./system/src/stm32l0xx/stm32l0xx_hal_rtc_ex.o
LOAD ./system/src/stm32l0xx/stm32l0xx_hal_spi.o
LOAD ./system/src/stm32l0xx/stm32l0xx_hal_tim.o
LOAD ./system/src/stm32l0xx/stm32l0xx_hal_tim_ex.o
LOAD ./system/src/newlib/_cxx.o
LOAD ./system/src/newlib/_exit.o
LOAD ./system/src/newlib/_sbrk.o
LOAD ./system/src/newlib/_startup.o
LOAD ./system/src/newlib/_syscalls.o
LOAD ./system/src/newlib/assert.o
LOAD ./system/src/diag/Trace.o
LOAD ./system/src/diag/trace_impl.o
LOAD ./system/src/cortexm/_initialize_hardware.o
LOAD ./system/src/cortexm/_reset_hardware.o
LOAD ./system/src/cortexm/exception_handlers.o
LOAD ./system/src/cmsis/startup_stm32l051xx.o
LOAD ./system/src/cmsis/system_stm32l0xx.o
LOAD ./src/LoRaMac-api-v3.o
LOAD ./src/LoRaMac.o
LOAD ./src/LoRaMacCrypto.o
LOAD ./src/adc-board.o
LOAD ./src/aes.o
LOAD ./src/board.o
LOAD ./src/cmac.o
LOAD ./src/delay.o
LOAD ./src/fifo.o
LOAD ./src/gpio-board.o
LOAD ./src/main_telemic.o
LOAD ./src/rtc-board.o
LOAD ./src/spi-board.o
LOAD ./src/stm32l0xx_hal_msp.o
LOAD ./src/stm32l0xx_it.o
LOAD ./src/sx1272-board.o
LOAD ./src/sx1272.o
LOAD ./src/sysIrqHandlers.o
LOAD ./src/timer.o
LOAD ./src/utilities.o
LOAD /home/hazem/lora/gcc-arm-none-eabi-5_4-2016q3/bin/../lib/gcc/arm-none-eabi/5.4.1/../../../../arm-none-eabi/lib/armv6-m/libstdc++_nano.a
LOAD /home/hazem/lora/gcc-arm-none-eabi-5_4-2016q3/bin/../lib/gcc/arm-none-eabi/5.4.1/../../../../arm-none-eabi/lib/armv6-m/libm.a
START GROUP
LOAD /home/hazem/lora/gcc-arm-none-eabi-5_4-2016q3/bin/../lib/gcc/arm-none-eabi/5.4.1/armv6-m/libgcc.a
LOAD /home/hazem/lora/gcc-arm-none-eabi-5_4-2016q3/bin/../lib/gcc/arm-none-eabi/5.4.1/../../../../arm-none-eabi/lib/armv6-m/libg_nano.a
LOAD /home/hazem/lora/gcc-arm-none-eabi-5_4-2016q3/bin/../lib/gcc/arm-none-eabi/5.4.1/../../../../arm-none-eabi/lib/armv6-m/libc_nano.a
END GROUP
START GROUP
LOAD /home/hazem/lora/gcc-arm-none-eabi-5_4-2016q3/bin/../lib/gcc/arm-none-eabi/5.4.1/armv6-m/libgcc.a
LOAD /home/hazem/lora/gcc-arm-none-eabi-5_4-2016q3/bin/../lib/gcc/arm-none-eabi/5.4.1/../../../../arm-none-eabi/lib/armv6-m/libc_nano.a
END GROUP
                0x20002000                __stack = (ORIGIN (RAM) + LENGTH (RAM))
                0x20002000                _estack = __stack
                0x00000400                __Main_Stack_Size = 0x400
                [!provide]                PROVIDE (_Main_Stack_Size, __Main_Stack_Size)
                0x20001c00                __Main_Stack_Limit = (__stack - __Main_Stack_Size)
                [!provide]                PROVIDE (_Main_Stack_Limit, __Main_Stack_Limit)
                0x00000100                _Minimum_Stack_Size = 0x100
                0x20000c90                PROVIDE (_Heap_Begin, _end_noinit)
                0x20001c00                PROVIDE (_Heap_Limit, (__stack - __Main_Stack_Size))

.isr_vector     0x08000000      0x1b0
 FILL mask 0xff
                0x08000000                __vectors_start = ABSOLUTE (.)
                0x08000000                __vectors_start__ = ABSOLUTE (.)
 *(.isr_vector)
 .isr_vector    0x08000000       0xc0 ./system/src/cmsis/startup_stm32l051xx.o
                0x08000000                g_pfnVectors
 *(.cfmconfig)
 *(.after_vectors .after_vectors.*)
 .after_vectors
                0x080000c0       0xc0 ./system/src/newlib/_startup.o
                0x080000c0                _start
 .after_vectors
                0x08000180       0x30 ./system/src/cortexm/exception_handlers.o
                0x08000180                Reset_Handler
                0x0800019e                HardFault_Handler_C

.inits          0x080001b0       0x28
                0x080001b0                __data_regions_array_start = .
                0x080001b0        0x4 LONG 0x8009104 LOADADDR (.data)
                0x080001b4        0x4 LONG 0x20000000 ADDR (.data)
                0x080001b8        0x4 LONG 0x20000138 (ADDR (.data) + SIZEOF (.data))
                0x080001bc        0x4 LONG 0x8009104 LOADADDR (.data_CCMRAM)
                0x080001c0        0x4 LONG 0x10000000 ADDR (.data_CCMRAM)
                0x080001c4        0x4 LONG 0x10000000 (ADDR (.data_CCMRAM) + SIZEOF (.data_CCMRAM))
                0x080001c8                __data_regions_array_end = .
                0x080001c8                __bss_regions_array_start = .
                0x080001c8        0x4 LONG 0x20000138 ADDR (.bss)
                0x080001cc        0x4 LONG 0x20000c90 (ADDR (.bss) + SIZEOF (.bss))
                0x080001d0        0x4 LONG 0x10000000 ADDR (.bss_CCMRAM)
                0x080001d4        0x4 LONG 0x10000000 (ADDR (.bss_CCMRAM) + SIZEOF (.bss_CCMRAM))
                0x080001d8                __bss_regions_array_end = .
 *(.init)
 *(.fini)
                0x080001d8                . = ALIGN (0x4)
                0x080001d8                PROVIDE (__preinit_array_start, .)
 *(.preinit_array_sysinit .preinit_array_sysinit.*)
 *(.preinit_array_platform .preinit_array_platform.*)
 *(.preinit_array .preinit_array.*)
                0x080001d8                PROVIDE (__preinit_array_end, .)
                0x080001d8                . = ALIGN (0x4)
                0x080001d8                PROVIDE (__init_array_start, .)
 *(SORT(.init_array.*))
 *(.init_array)
                0x080001d8                PROVIDE (__init_array_end, .)
                0x080001d8                . = ALIGN (0x4)
                0x080001d8                PROVIDE (__fini_array_start, .)
 *(SORT(.fini_array.*))
 *(.fini_array)
                0x080001d8                PROVIDE (__fini_array_end, .)

.flashtext
 *(.flashtext .flashtext.*)

.text           0x080001d8     0x8f2c
 *(.text .text.*)
 .text.HAL_InitTick
                0x080001d8       0x28 ./system/src/stm32l0xx/stm32l0xx_hal.o
                0x080001d8                HAL_InitTick
 .text.HAL_Init
                0x08000200       0x20 ./system/src/stm32l0xx/stm32l0xx_hal.o
                0x08000200                HAL_Init
 .text.HAL_IncTick
                0x08000220       0x10 ./system/src/stm32l0xx/stm32l0xx_hal.o
                0x08000220                HAL_IncTick
 .text.HAL_GetTick
                0x08000230        0xc ./system/src/stm32l0xx/stm32l0xx_hal.o
                0x08000230                HAL_GetTick
 .text.HAL_Delay
                0x0800023c       0x18 ./system/src/stm32l0xx/stm32l0xx_hal.o
                0x0800023c                HAL_Delay
 .text.HAL_GetREVID
                0x08000254        0xc ./system/src/stm32l0xx/stm32l0xx_hal.o
                0x08000254                HAL_GetREVID
 .text.HAL_GetDEVID
                0x08000260       0x10 ./system/src/stm32l0xx/stm32l0xx_hal.o
                0x08000260                HAL_GetDEVID
 .text.HAL_DBGMCU_DisableDBGSleepMode
                0x08000270       0x10 ./system/src/stm32l0xx/stm32l0xx_hal.o
                0x08000270                HAL_DBGMCU_DisableDBGSleepMode
 .text.HAL_DBGMCU_DisableDBGStopMode
                0x08000280       0x10 ./system/src/stm32l0xx/stm32l0xx_hal.o
                0x08000280                HAL_DBGMCU_DisableDBGStopMode
 .text.HAL_DBGMCU_DisableDBGStandbyMode
                0x08000290       0x10 ./system/src/stm32l0xx/stm32l0xx_hal.o
                0x08000290                HAL_DBGMCU_DisableDBGStandbyMode
 .text.HAL_COMP_Init
                0x080002a0      0x1e4 ./system/src/stm32l0xx/stm32l0xx_hal_comp.o
                0x080002a0                HAL_COMP_Init
 .text.HAL_COMP_GetOutputLevel
                0x08000484        0xa ./system/src/stm32l0xx/stm32l0xx_hal_comp.o
                0x08000484                HAL_COMP_GetOutputLevel
 *fill*         0x0800048e        0x2 
 .text.HAL_NVIC_SetPriority
                0x08000490       0x60 ./system/src/stm32l0xx/stm32l0xx_hal_cortex.o
                0x08000490                HAL_NVIC_SetPriority
 .text.HAL_NVIC_EnableIRQ
                0x080004f0       0x14 ./system/src/stm32l0xx/stm32l0xx_hal_cortex.o
                0x080004f0                HAL_NVIC_EnableIRQ
 .text.HAL_SYSTICK_Config
                0x08000504       0x34 ./system/src/stm32l0xx/stm32l0xx_hal_cortex.o
                0x08000504                HAL_SYSTICK_Config
 .text.HAL_SYSTICK_CLKSourceConfig
                0x08000538       0x1c ./system/src/stm32l0xx/stm32l0xx_hal_cortex.o
                0x08000538                HAL_SYSTICK_CLKSourceConfig
 .text.HAL_SYSTICK_Callback
                0x08000554        0x2 ./system/src/stm32l0xx/stm32l0xx_hal_cortex.o
                0x08000554                HAL_SYSTICK_Callback
 .text.HAL_SYSTICK_IRQHandler
                0x08000556        0x8 ./system/src/stm32l0xx/stm32l0xx_hal_cortex.o
                0x08000556                HAL_SYSTICK_IRQHandler
 *fill*         0x0800055e        0x2 
 .text.HAL_GPIO_Init
                0x08000560      0x16c ./system/src/stm32l0xx/stm32l0xx_hal_gpio.o
                0x08000560                HAL_GPIO_Init
 .text.HAL_GPIO_DeInit
                0x080006cc       0xf8 ./system/src/stm32l0xx/stm32l0xx_hal_gpio.o
                0x080006cc                HAL_GPIO_DeInit
 .text.HAL_GPIO_WritePin
                0x080007c4        0xc ./system/src/stm32l0xx/stm32l0xx_hal_gpio.o
                0x080007c4                HAL_GPIO_WritePin
 .text.HAL_PWR_DisablePVD
                0x080007d0       0x10 ./system/src/stm32l0xx/stm32l0xx_hal_pwr.o
                0x080007d0                HAL_PWR_DisablePVD
 .text.HAL_PWR_EnterSTOPMode
                0x080007e0       0x38 ./system/src/stm32l0xx/stm32l0xx_hal_pwr.o
                0x080007e0                HAL_PWR_EnterSTOPMode
 .text.HAL_PWREx_EnableFastWakeUp
                0x08000818       0x14 ./system/src/stm32l0xx/stm32l0xx_hal_pwr_ex.o
                0x08000818                HAL_PWREx_EnableFastWakeUp
 .text.HAL_PWREx_EnableUltraLowPower
                0x0800082c       0x14 ./system/src/stm32l0xx/stm32l0xx_hal_pwr_ex.o
                0x0800082c                HAL_PWREx_EnableUltraLowPower
 .text.HAL_RCC_GetSysClockFreq
                0x08000840       0x84 ./system/src/stm32l0xx/stm32l0xx_hal_rcc.o
                0x08000840                HAL_RCC_GetSysClockFreq
 .text.HAL_RCC_OscConfig
                0x080008c4      0x454 ./system/src/stm32l0xx/stm32l0xx_hal_rcc.o
                0x080008c4                HAL_RCC_OscConfig
 .text.HAL_RCC_ClockConfig
                0x08000d18      0x16c ./system/src/stm32l0xx/stm32l0xx_hal_rcc.o
                0x08000d18                HAL_RCC_ClockConfig
 .text.HAL_RCC_GetHCLKFreq
                0x08000e84        0xc ./system/src/stm32l0xx/stm32l0xx_hal_rcc.o
                0x08000e84                HAL_RCC_GetHCLKFreq
 .text.HAL_RCCEx_PeriphCLKConfig
                0x08000e90      0x164 ./system/src/stm32l0xx/stm32l0xx_hal_rcc_ex.o
                0x08000e90                HAL_RCCEx_PeriphCLKConfig
 .text.HAL_RTC_DeactivateAlarm
                0x08000ff4       0xc0 ./system/src/stm32l0xx/stm32l0xx_hal_rtc.o
                0x08000ff4                HAL_RTC_DeactivateAlarm
 .text.HAL_RTC_WaitForSynchro
                0x080010b4       0x34 ./system/src/stm32l0xx/stm32l0xx_hal_rtc.o
                0x080010b4                HAL_RTC_WaitForSynchro
 .text.RTC_EnterInitMode
                0x080010e8       0x38 ./system/src/stm32l0xx/stm32l0xx_hal_rtc.o
                0x080010e8                RTC_EnterInitMode
 .text.HAL_RTC_Init
                0x08001120       0x94 ./system/src/stm32l0xx/stm32l0xx_hal_rtc.o
                0x08001120                HAL_RTC_Init
 .text.RTC_ByteToBcd2
                0x080011b4       0x16 ./system/src/stm32l0xx/stm32l0xx_hal_rtc.o
                0x080011b4                RTC_ByteToBcd2
 *fill*         0x080011ca        0x2 
 .text.HAL_RTC_SetTime
                0x080011cc       0xfc ./system/src/stm32l0xx/stm32l0xx_hal_rtc.o
                0x080011cc                HAL_RTC_SetTime
 .text.HAL_RTC_SetDate
                0x080012c8       0xe0 ./system/src/stm32l0xx/stm32l0xx_hal_rtc.o
                0x080012c8                HAL_RTC_SetDate
 .text.HAL_RTC_SetAlarm_IT
                0x080013a8      0x194 ./system/src/stm32l0xx/stm32l0xx_hal_rtc.o
                0x080013a8                HAL_RTC_SetAlarm_IT
 .text.RTC_Bcd2ToByte
                0x0800153c       0x10 ./system/src/stm32l0xx/stm32l0xx_hal_rtc.o
                0x0800153c                RTC_Bcd2ToByte
 .text.HAL_RTC_GetTime
                0x0800154c       0x54 ./system/src/stm32l0xx/stm32l0xx_hal_rtc.o
                0x0800154c                HAL_RTC_GetTime
 .text.HAL_RTCEx_DeactivateWakeUpTimer
                0x080015a0       0x78 ./system/src/stm32l0xx/stm32l0xx_hal_rtc_ex.o
                0x080015a0                HAL_RTCEx_DeactivateWakeUpTimer
 .text.HAL_SPI_Init
                0x08001618       0x80 ./system/src/stm32l0xx/stm32l0xx_hal_spi.o
                0x08001618                HAL_SPI_Init
 .text.HAL_SPI_DeInit
                0x08001698       0x2e ./system/src/stm32l0xx/stm32l0xx_hal_spi.o
                0x08001698                HAL_SPI_DeInit
 .text._exit    0x080016c6        0x6 ./system/src/newlib/_exit.o
                0x080016c6                _exit
 .text.__initialize_args
                0x080016cc       0x10 ./system/src/newlib/_syscalls.o
                0x080016cc                __initialize_args
 .text.__initialize_hardware_early
                0x080016dc        0x8 ./system/src/cortexm/_initialize_hardware.o
                0x080016dc                __initialize_hardware_early
 .text.__initialize_hardware
                0x080016e4        0x8 ./system/src/cortexm/_initialize_hardware.o
                0x080016e4                __initialize_hardware
 .text.__reset_hardware
                0x080016ec       0x1c ./system/src/cortexm/_reset_hardware.o
                0x080016ec                __reset_hardware
 .text.Default_Handler
                0x08001708        0x2 ./system/src/cmsis/startup_stm32l051xx.o
                0x08001708                ADC1_COMP_IRQHandler
                0x08001708                TIM6_IRQHandler
                0x08001708                PVD_IRQHandler
                0x08001708                I2C1_IRQHandler
                0x08001708                SPI1_IRQHandler
                0x08001708                EXTI2_3_IRQHandler
                0x08001708                I2C2_IRQHandler
                0x08001708                RTC_IRQHandler
                0x08001708                DMA1_Channel4_5_6_7_IRQHandler
                0x08001708                EXTI4_15_IRQHandler
                0x08001708                RCC_IRQHandler
                0x08001708                DMA1_Channel1_IRQHandler
                0x08001708                Default_Handler
                0x08001708                TIM22_IRQHandler
                0x08001708                EXTI0_1_IRQHandler
                0x08001708                SPI2_IRQHandler
                0x08001708                TIM21_IRQHandler
                0x08001708                WWDG_IRQHandler
                0x08001708                LPUART1_IRQHandler
                0x08001708                TIM2_IRQHandler
                0x08001708                DMA1_Channel2_3_IRQHandler
                0x08001708                USART2_IRQHandler
                0x08001708                FLASH_IRQHandler
                0x08001708                USART1_IRQHandler
                0x08001708                LPTIM1_IRQHandler
 *fill*         0x0800170a        0x2 
 .text.SystemInit
                0x0800170c       0x5c ./system/src/cmsis/system_stm32l0xx.o
                0x0800170c                SystemInit
 .text.SystemCoreClockUpdate
                0x08001768       0x8c ./system/src/cmsis/system_stm32l0xx.o
                0x08001768                SystemCoreClockUpdate
 .text.McpsIndication
                0x080017f4       0x74 ./src/LoRaMac-api-v3.o
 .text.MlmeConfirm.part.1
                0x08001868       0x20 ./src/LoRaMac-api-v3.o
 .text.McpsConfirm
                0x08001888       0x3c ./src/LoRaMac-api-v3.o
 .text.MlmeConfirm
                0x080018c4       0x54 ./src/LoRaMac-api-v3.o
 .text.LoRaMacInit
                0x08001918       0x40 ./src/LoRaMac-api-v3.o
                0x08001918                LoRaMacInit
 .text.LoRaMacSetAdrOn
                0x08001958       0x14 ./src/LoRaMac-api-v3.o
                0x08001958                LoRaMacSetAdrOn
 .text.LoRaMacInitNwkIds
                0x0800196c       0x4c ./src/LoRaMac-api-v3.o
                0x0800196c                LoRaMacInitNwkIds
 .text.LoRaMacSendFrame
                0x080019b8       0x4c ./src/LoRaMac-api-v3.o
                0x080019b8                LoRaMacSendFrame
 .text.LoRaMacSetPublicNetwork
                0x08001a04       0x14 ./src/LoRaMac-api-v3.o
                0x08001a04                LoRaMacSetPublicNetwork
 .text.RxWindowSetup
                0x08001a18      0x104 ./src/LoRaMac.o
 .text.ValidatePayloadLength
                0x08001b1c       0x28 ./src/LoRaMac.o
 .text.AdrNextDr
                0x08001b44       0x54 ./src/LoRaMac.o
 .text.ResetMacParameters
                0x08001b98       0xf0 ./src/LoRaMac.o
 .text.OnAckTimeoutTimerEvent
                0x08001c88       0x4c ./src/LoRaMac.o
 .text.OnRxWindow2TimerEvent
                0x08001cd4       0x60 ./src/LoRaMac.o
 .text.OnRadioTxTimeout
                0x08001d34       0x44 ./src/LoRaMac.o
 .text.PrepareRxDoneAbort
                0x08001d78       0x60 ./src/LoRaMac.o
 .text.OnRxWindow1TimerEvent
                0x08001dd8       0x88 ./src/LoRaMac.o
 .text.OnRadioTxDone
                0x08001e60      0x120 ./src/LoRaMac.o
 .text.SetPublicNetwork
                0x08001f80       0x34 ./src/LoRaMac.o
 .text.OnRadioRxTimeout
                0x08001fb4       0x5c ./src/LoRaMac.o
 .text.OnRadioRxError
                0x08002010       0x5c ./src/LoRaMac.o
 .text.PrepareFrame
                0x0800206c      0x388 ./src/LoRaMac.o
                0x0800206c                PrepareFrame
 .text.SendFrameOnChannel
                0x080023f4      0x16c ./src/LoRaMac.o
                0x080023f4                SendFrameOnChannel
 .text.ScheduleTx
                0x08002560      0x29c ./src/LoRaMac.o
 .text.Send     0x080027fc       0x40 ./src/LoRaMac.o
                0x080027fc                Send
 .text.OnTxDelayedTimerEvent
                0x0800283c       0x54 ./src/LoRaMac.o
 .text.OnMacStateCheckTimerEvent
                0x08002890      0x23c ./src/LoRaMac.o
 .text.LoRaMacInitialization
                0x08002acc      0x16c ./src/LoRaMac.o
                0x08002acc                LoRaMacInitialization
 .text.LoRaMacMibGetRequestConfirm
                0x08002c38       0xf0 ./src/LoRaMac.o
                0x08002c38                LoRaMacMibGetRequestConfirm
 .text.LoRaMacMibSetRequestConfirm
                0x08002d28      0x18c ./src/LoRaMac.o
                0x08002d28                LoRaMacMibSetRequestConfirm
 .text.LoRaMacChannelAdd
                0x08002eb4      0x130 ./src/LoRaMac.o
                0x08002eb4                LoRaMacChannelAdd
 .text.LoRaMacChannelRemove
                0x08002fe4       0x44 ./src/LoRaMac.o
                0x08002fe4                LoRaMacChannelRemove
 .text.ProcessMacCommands
                0x08003028      0x418 ./src/LoRaMac.o
 .text.OnRadioRxDone
                0x08003440      0x520 ./src/LoRaMac.o
 .text.LoRaMacMcpsRequest
                0x08003960       0xe8 ./src/LoRaMac.o
                0x08003960                LoRaMacMcpsRequest
 .text.LoRaMacTestSetDutyCycleOn
                0x08003a48        0xc ./src/LoRaMac.o
                0x08003a48                LoRaMacTestSetDutyCycleOn
 .text.LoRaMacComputeMic
                0x08003a54       0x88 ./src/LoRaMacCrypto.o
                0x08003a54                LoRaMacComputeMic
 .text.LoRaMacPayloadEncrypt
                0x08003adc       0xe0 ./src/LoRaMacCrypto.o
                0x08003adc                LoRaMacPayloadEncrypt
 .text.LoRaMacPayloadDecrypt
                0x08003bbc       0x1a ./src/LoRaMacCrypto.o
                0x08003bbc                LoRaMacPayloadDecrypt
 *fill*         0x08003bd6        0x2 
 .text.LoRaMacJoinComputeMic
                0x08003bd8       0x50 ./src/LoRaMacCrypto.o
                0x08003bd8                LoRaMacJoinComputeMic
 .text.LoRaMacJoinDecrypt
                0x08003c28       0x44 ./src/LoRaMacCrypto.o
                0x08003c28                LoRaMacJoinDecrypt
 .text.LoRaMacJoinComputeSKeys
                0x08003c6c       0x98 ./src/LoRaMacCrypto.o
                0x08003c6c                LoRaMacJoinComputeSKeys
 .text.xor_block
                0x08003d04       0x82 ./src/aes.o
 .text.copy_and_key
                0x08003d86       0x84 ./src/aes.o
 *fill*         0x08003e0a        0x2 
 .text.aes_set_key
                0x08003e0c      0x10c ./src/aes.o
                0x08003e0c                aes_set_key
 .text.aes_encrypt
                0x08003f18      0x28c ./src/aes.o
                0x08003f18                aes_encrypt
 .text.OnCalibrateSystemWakeupTimeTimerEvent
                0x080041a4        0xc ./src/board.o
 .text.BoardDeInitMcu
                0x080041b0       0x14 ./src/board.o
                0x080041b0                BoardDeInitMcu
 .text.BoardGetRandomSeed
                0x080041c4       0x20 ./src/board.o
                0x080041c4                BoardGetRandomSeed
 .text.COMP_Init
                0x080041e4       0x34 ./src/board.o
                0x080041e4                COMP_Init
 .text.BoardInitMcu
                0x08004218      0x180 ./src/board.o
                0x08004218                BoardInitMcu
 .text.SysTick_Handler
                0x08004398        0xc ./src/board.o
                0x08004398                SysTick_Handler
 .text.GetBoardPowerSource
                0x080043a4        0x4 ./src/board.o
                0x080043a4                GetBoardPowerSource
 .text.AES_CMAC_Init
                0x080043a8       0x20 ./src/cmac.o
                0x080043a8                AES_CMAC_Init
 .text.AES_CMAC_SetKey
                0x080043c8        0xe ./src/cmac.o
                0x080043c8                AES_CMAC_SetKey
 .text.AES_CMAC_Update
                0x080043d6       0xbc ./src/cmac.o
                0x080043d6                AES_CMAC_Update
 .text.AES_CMAC_Final
                0x08004492      0x158 ./src/cmac.o
                0x08004492                AES_CMAC_Final
 .text.DelayMs  0x080045ea        0x8 ./src/delay.o
                0x080045ea                DelayMs
 *fill*         0x080045f2        0x2 
 .text.GpioMcuSetInterrupt
                0x080045f4       0xe0 ./src/gpio-board.o
                0x080045f4                GpioMcuSetInterrupt
 .text.GpioMcuWrite
                0x080046d4       0x16 ./src/gpio-board.o
                0x080046d4                GpioMcuWrite
 *fill*         0x080046ea        0x2 
 .text.GpioMcuInit
                0x080046ec      0x100 ./src/gpio-board.o
                0x080046ec                GpioMcuInit
 .text.OnMacEvent
                0x080047ec       0x1c ./src/main_telemic.o
 .text.OnTxNextPacketTimerEvent
                0x08004808       0x18 ./src/main_telemic.o
 .text.SendFrame
                0x08004820       0x30 ./src/main_telemic.o
 .text.startup.main
                0x08004850      0x1ac ./src/main_telemic.o
                0x08004850                main
 .text.RtcConvertCalendarTickToTimerTime
                0x080049fc      0x140 ./src/rtc-board.o
 .text.RtcInit  0x08004b3c       0x7c ./src/rtc-board.o
                0x08004b3c                RtcInit
 .text.RtcSetTimeout
                0x08004bb8      0x220 ./src/rtc-board.o
                0x08004bb8                RtcSetTimeout
 .text.RtcGetAdjustedTimeoutValue
                0x08004dd8       0x40 ./src/rtc-board.o
                0x08004dd8                RtcGetAdjustedTimeoutValue
 .text.RtcGetTimerValue
                0x08004e18        0xa ./src/rtc-board.o
                0x08004e18                RtcGetTimerValue
 *fill*         0x08004e22        0x2 
 .text.RtcGetElapsedAlarmTime
                0x08004e24       0x20 ./src/rtc-board.o
                0x08004e24                RtcGetElapsedAlarmTime
 .text.RtcComputeElapsedTime
                0x08004e44       0x1a ./src/rtc-board.o
                0x08004e44                RtcComputeElapsedTime
 *fill*         0x08004e5e        0x2 
 .text.RtcEnterLowPowerStopMode
                0x08004e60       0x44 ./src/rtc-board.o
                0x08004e60                RtcEnterLowPowerStopMode
 .text.SpiDeInit
                0x08004ea4       0x5e ./src/spi-board.o
                0x08004ea4                SpiDeInit
 *fill*         0x08004f02        0x2 
 .text.SpiFrequency
                0x08004f04       0x48 ./src/spi-board.o
                0x08004f04                SpiFrequency
 .text.SpiInit  0x08004f4c       0xd4 ./src/spi-board.o
                0x08004f4c                SpiInit
 .text.SpiGetFlag
                0x08005020        0xe ./src/spi-board.o
                0x08005020                SpiGetFlag
 .text.SpiInOut
                0x0800502e       0x36 ./src/spi-board.o
                0x0800502e                SpiInOut
 .text.HAL_MspInit
                0x08005064       0x40 ./src/stm32l0xx_hal_msp.o
                0x08005064                HAL_MspInit
 .text.HAL_COMP_MspInit
                0x080050a4       0x28 ./src/stm32l0xx_hal_msp.o
                0x080050a4                HAL_COMP_MspInit
 .text.HAL_RTC_MspInit
                0x080050cc       0x20 ./src/stm32l0xx_hal_msp.o
                0x080050cc                HAL_RTC_MspInit
 .text.HAL_SPI_MspInit
                0x080050ec       0x40 ./src/stm32l0xx_hal_msp.o
                0x080050ec                HAL_SPI_MspInit
 .text.HAL_SPI_MspDeInit
                0x0800512c       0x2c ./src/stm32l0xx_hal_msp.o
                0x0800512c                HAL_SPI_MspDeInit
 .text.NMI_Handler
                0x08005158        0x2 ./src/stm32l0xx_it.o
                0x08005158                NMI_Handler
 .text.HardFault_Handler
                0x0800515a        0x2 ./src/stm32l0xx_it.o
                0x0800515a                HardFault_Handler
 .text.SVC_Handler
                0x0800515c        0x2 ./src/stm32l0xx_it.o
                0x0800515c                SVC_Handler
 .text.PendSV_Handler
                0x0800515e        0x2 ./src/stm32l0xx_it.o
                0x0800515e                PendSV_Handler
 .text.SX1272CheckRfFrequency
                0x08005160        0x4 ./src/sx1272-board.o
                0x08005160                SX1272CheckRfFrequency
 .text.SX1272IoInit
                0x08005164       0x44 ./src/sx1272-board.o
                0x08005164                SX1272IoInit
 .text.SX1272IoIrqInit
                0x080051a8       0x14 ./src/sx1272-board.o
                0x080051a8                SX1272IoIrqInit
 .text.SX1272IoDeInit
                0x080051bc       0x44 ./src/sx1272-board.o
                0x080051bc                SX1272IoDeInit
 .text.SX1272GetPaSelect
                0x08005200        0x4 ./src/sx1272-board.o
                0x08005200                SX1272GetPaSelect
 .text.SX1272SetAntSwLowPower
                0x08005204       0x10 ./src/sx1272-board.o
                0x08005204                SX1272SetAntSwLowPower
 .text.GetFskBandwidthRegValue
                0x08005214       0x28 ./src/sx1272.o
 .text.SX1272OnDio4Irq
                0x0800523c       0x20 ./src/sx1272.o
                0x0800523c                SX1272OnDio4Irq
 .text.SX1272GetStatus
                0x0800525c        0xc ./src/sx1272.o
                0x0800525c                SX1272GetStatus
 .text.SX1272Reset
                0x08005268       0x3c ./src/sx1272.o
                0x08005268                SX1272Reset
 .text.SX1272WriteBuffer
                0x080052a4       0x44 ./src/sx1272.o
                0x080052a4                SX1272WriteBuffer
 .text.SX1272Write
                0x080052e8       0x12 ./src/sx1272.o
                0x080052e8                SX1272Write
 *fill*         0x080052fa        0x2 
 .text.SX1272SetChannel
                0x080052fc       0x40 ./src/sx1272.o
                0x080052fc                SX1272SetChannel
 .text.SX1272ReadBuffer
                0x0800533c       0x44 ./src/sx1272.o
                0x0800533c                SX1272ReadBuffer
 .text.SX1272Read
                0x08005380       0x12 ./src/sx1272.o
                0x08005380                SX1272Read
 *fill*         0x08005392        0x2 
 .text.SX1272GetTimeOnAir
                0x08005394      0x208 ./src/sx1272.o
                0x08005394                SX1272GetTimeOnAir
 .text.SX1272ReadRssi
                0x0800559c       0x2a ./src/sx1272.o
                0x0800559c                SX1272ReadRssi
 .text.SX1272SetOpMode
                0x080055c6       0x28 ./src/sx1272.o
                0x080055c6                SX1272SetOpMode
 *fill*         0x080055ee        0x2 
 .text.SX1272SetSleep
                0x080055f0       0x2c ./src/sx1272.o
                0x080055f0                SX1272SetSleep
 .text.SX1272SetStby
                0x0800561c       0x2c ./src/sx1272.o
                0x0800561c                SX1272SetStby
 .text.SX1272SetRx
                0x08005648      0x1e4 ./src/sx1272.o
                0x08005648                SX1272SetRx
 .text.SX1272SetTx
                0x0800582c       0xac ./src/sx1272.o
                0x0800582c                SX1272SetTx
 .text.SX1272StartCad
                0x080058d8       0x3c ./src/sx1272.o
                0x080058d8                SX1272StartCad
 .text.SX1272SetModem
                0x08005914       0x68 ./src/sx1272.o
                0x08005914                SX1272SetModem
 .text.SX1272Init
                0x0800597c       0x80 ./src/sx1272.o
                0x0800597c                SX1272Init
 .text.SX1272IsChannelFree
                0x080059fc       0x36 ./src/sx1272.o
                0x080059fc                SX1272IsChannelFree
 .text.SX1272Random
                0x08005a32       0x3c ./src/sx1272.o
                0x08005a32                SX1272Random
 *fill*         0x08005a6e        0x2 
 .text.SX1272SetRxConfig
                0x08005a70      0x2ac ./src/sx1272.o
                0x08005a70                SX1272SetRxConfig
 .text.SX1272SetTxConfig
                0x08005d1c      0x2f8 ./src/sx1272.o
                0x08005d1c                SX1272SetTxConfig
 .text.SX1272OnTimeoutIrq
                0x08006014       0x98 ./src/sx1272.o
                0x08006014                SX1272OnTimeoutIrq
 .text.SX1272OnDio2Irq
                0x080060ac       0xcc ./src/sx1272.o
                0x080060ac                SX1272OnDio2Irq
 .text.SX1272OnDio3Irq
                0x08006178       0x54 ./src/sx1272.o
                0x08006178                SX1272OnDio3Irq
 .text.SX1272WriteFifo
                0x080061cc        0xe ./src/sx1272.o
                0x080061cc                SX1272WriteFifo
 *fill*         0x080061da        0x2 
 .text.SX1272Send
                0x080061dc      0x10c ./src/sx1272.o
                0x080061dc                SX1272Send
 .text.SX1272ReadFifo
                0x080062e8        0xe ./src/sx1272.o
                0x080062e8                SX1272ReadFifo
 *fill*         0x080062f6        0x2 
 .text.SX1272OnDio0Irq
                0x080062f8      0x274 ./src/sx1272.o
                0x080062f8                SX1272OnDio0Irq
 .text.SX1272OnDio1Irq
                0x0800656c       0xec ./src/sx1272.o
                0x0800656c                SX1272OnDio1Irq
 .text.SX1272SetMaxPayloadLength
                0x08006658       0x30 ./src/sx1272.o
                0x08006658                SX1272SetMaxPayloadLength
 .text.TimerSetTimeout.isra.0
                0x08006688       0x1c ./src/timer.o
 .text.TimerInsertNewHeadTimer
                0x080066a4       0x28 ./src/timer.o
 .text.TimerInit
                0x080066cc        0xe ./src/timer.o
                0x080066cc                TimerInit
 *fill*         0x080066da        0x2 
 .text.TimerStart
                0x080066dc       0x98 ./src/timer.o
                0x080066dc                TimerStart
 .text.TimerStop
                0x08006774       0x84 ./src/timer.o
                0x08006774                TimerStop
 .text.TimerSetValue
                0x080067f8       0x10 ./src/timer.o
                0x080067f8                TimerSetValue
 .text.TimerGetCurrentTime
                0x08006808        0x8 ./src/timer.o
                0x08006808                TimerGetCurrentTime
 .text.TimerGetElapsedTime
                0x08006810        0x8 ./src/timer.o
                0x08006810                TimerGetElapsedTime
 .text.TimerLowPowerHandler
                0x08006818       0x3c ./src/timer.o
                0x08006818                TimerLowPowerHandler
 .text.rand1    0x08006854       0x2c ./src/utilities.o
                0x08006854                rand1
 .text.srand1   0x08006880        0xc ./src/utilities.o
                0x08006880                srand1
 .text.randr    0x0800688c       0x16 ./src/utilities.o
                0x0800688c                randr
 .text.memcpy1  0x080068a2       0x12 ./src/utilities.o
                0x080068a2                memcpy1
 .text.memcpyr  0x080068b4       0x18 ./src/utilities.o
                0x080068b4                memcpyr
 .text.memset1  0x080068cc       0x18 ./src/utilities.o
                0x080068cc                memset1
 .text.ceil     0x080068e4      0x12c /home/hazem/lora/gcc-arm-none-eabi-5_4-2016q3/bin/../lib/gcc/arm-none-eabi/5.4.1/../../../../arm-none-eabi/lib/armv6-m/libm.a(lib_a-s_ceil.o)
                0x080068e4                ceil
 .text.floor    0x08006a10      0x130 /home/hazem/lora/gcc-arm-none-eabi-5_4-2016q3/bin/../lib/gcc/arm-none-eabi/5.4.1/../../../../arm-none-eabi/lib/armv6-m/libm.a(lib_a-s_floor.o)
                0x08006a10                floor
 .text.round    0x08006b40       0xa8 /home/hazem/lora/gcc-arm-none-eabi-5_4-2016q3/bin/../lib/gcc/arm-none-eabi/5.4.1/../../../../arm-none-eabi/lib/armv6-m/libm.a(lib_a-s_round.o)
                0x08006b40                round
 .text          0x08006be8       0x14 /home/hazem/lora/gcc-arm-none-eabi-5_4-2016q3/bin/../lib/gcc/arm-none-eabi/5.4.1/armv6-m/libgcc.a(_thumb1_case_uqi.o)
                0x08006be8                __gnu_thumb1_case_uqi
 .text          0x08006bfc       0x14 /home/hazem/lora/gcc-arm-none-eabi-5_4-2016q3/bin/../lib/gcc/arm-none-eabi/5.4.1/armv6-m/libgcc.a(_thumb1_case_uhi.o)
                0x08006bfc                __gnu_thumb1_case_uhi
 .text          0x08006c10      0x114 /home/hazem/lora/gcc-arm-none-eabi-5_4-2016q3/bin/../lib/gcc/arm-none-eabi/5.4.1/armv6-m/libgcc.a(_udivsi3.o)
                0x08006c10                __udivsi3
                0x08006c10                __aeabi_uidiv
                0x08006d1c                __aeabi_uidivmod
 .text          0x08006d24      0x1d4 /home/hazem/lora/gcc-arm-none-eabi-5_4-2016q3/bin/../lib/gcc/arm-none-eabi/5.4.1/armv6-m/libgcc.a(_divsi3.o)
                0x08006d24                __aeabi_idiv
                0x08006d24                __divsi3
                0x08006ef0                __aeabi_idivmod
 .text          0x08006ef8        0x4 /home/hazem/lora/gcc-arm-none-eabi-5_4-2016q3/bin/../lib/gcc/arm-none-eabi/5.4.1/armv6-m/libgcc.a(_dvmd_tls.o)
                0x08006ef8                __aeabi_ldiv0
                0x08006ef8                __aeabi_idiv0
 .text          0x08006efc       0x7c /home/hazem/lora/gcc-arm-none-eabi-5_4-2016q3/bin/../lib/gcc/arm-none-eabi/5.4.1/armv6-m/libgcc.a(_arm_cmpdf2.o)
                0x08006efc                __aeabi_cdrcmple
                0x08006f0c                __aeabi_cdcmple
                0x08006f0c                __aeabi_cdcmpeq
                0x08006f1c                __aeabi_dcmpeq
                0x08006f28                __aeabi_dcmplt
                0x08006f3c                __aeabi_dcmple
                0x08006f50                __aeabi_dcmpgt
                0x08006f64                __aeabi_dcmpge
 .text          0x08006f78       0x3c /home/hazem/lora/gcc-arm-none-eabi-5_4-2016q3/bin/../lib/gcc/arm-none-eabi/5.4.1/armv6-m/libgcc.a(_clzsi2.o)
                0x08006f78                __clzsi2
 .text          0x08006fb4       0x3c /home/hazem/lora/gcc-arm-none-eabi-5_4-2016q3/bin/../lib/gcc/arm-none-eabi/5.4.1/armv6-m/libgcc.a(_fixunsdfsi.o)
                0x08006fb4                __fixunsdfsi
                0x08006fb4                __aeabi_d2uiz
 .text          0x08006ff0      0x658 /home/hazem/lora/gcc-arm-none-eabi-5_4-2016q3/bin/../lib/gcc/arm-none-eabi/5.4.1/armv6-m/libgcc.a(adddf3.o)
                0x08006ff0                __aeabi_dadd
 .text          0x08007648      0x62c /home/hazem/lora/gcc-arm-none-eabi-5_4-2016q3/bin/../lib/gcc/arm-none-eabi/5.4.1/armv6-m/libgcc.a(divdf3.o)
                0x08007648                __aeabi_ddiv
 .text          0x08007c74       0x80 /home/hazem/lora/gcc-arm-none-eabi-5_4-2016q3/bin/../lib/gcc/arm-none-eabi/5.4.1/armv6-m/libgcc.a(eqdf2.o)
                0x08007c74                __eqdf2
                0x08007c74                __nedf2
 .text          0x08007cf4       0xc8 /home/hazem/lora/gcc-arm-none-eabi-5_4-2016q3/bin/../lib/gcc/arm-none-eabi/5.4.1/armv6-m/libgcc.a(gedf2.o)
                0x08007cf4                __gtdf2
                0x08007cf4                __gedf2
 .text          0x08007dbc       0xd4 /home/hazem/lora/gcc-arm-none-eabi-5_4-2016q3/bin/../lib/gcc/arm-none-eabi/5.4.1/armv6-m/libgcc.a(ledf2.o)
                0x08007dbc                __ltdf2
                0x08007dbc                __ledf2
 .text          0x08007e90      0x4f4 /home/hazem/lora/gcc-arm-none-eabi-5_4-2016q3/bin/../lib/gcc/arm-none-eabi/5.4.1/armv6-m/libgcc.a(muldf3.o)
                0x08007e90                __aeabi_dmul
 .text          0x08008384      0x6a8 /home/hazem/lora/gcc-arm-none-eabi-5_4-2016q3/bin/../lib/gcc/arm-none-eabi/5.4.1/armv6-m/libgcc.a(subdf3.o)
                0x08008384                __aeabi_dsub
 .text          0x08008a2c       0x6c /home/hazem/lora/gcc-arm-none-eabi-5_4-2016q3/bin/../lib/gcc/arm-none-eabi/5.4.1/armv6-m/libgcc.a(fixdfsi.o)
                0x08008a2c                __aeabi_d2iz
 .text          0x08008a98       0x84 /home/hazem/lora/gcc-arm-none-eabi-5_4-2016q3/bin/../lib/gcc/arm-none-eabi/5.4.1/armv6-m/libgcc.a(floatsidf.o)
                0x08008a98                __aeabi_i2d
 .text          0x08008b1c       0x70 /home/hazem/lora/gcc-arm-none-eabi-5_4-2016q3/bin/../lib/gcc/arm-none-eabi/5.4.1/armv6-m/libgcc.a(floatunsidf.o)
                0x08008b1c                __aeabi_ui2d
 .text.memset   0x08008b8c       0x10 /home/hazem/lora/gcc-arm-none-eabi-5_4-2016q3/bin/../lib/gcc/arm-none-eabi/5.4.1/../../../../arm-none-eabi/lib/armv6-m/libg_nano.a(lib_a-memset.o)
                0x08008b8c                memset
 *(.rodata .rodata.* .constdata .constdata.*)
 .rodata.AHBPrescTable
                0x08008b9c       0x10 ./system/src/cmsis/system_stm32l0xx.o
                0x08008b9c                AHBPrescTable
 .rodata.PLLMulTable
                0x08008bac        0x9 ./system/src/cmsis/system_stm32l0xx.o
                0x08008bac                PLLMulTable
 .rodata.CSWTCH.17
                0x08008bb5        0xb ./src/LoRaMac-api-v3.o
 .rodata.Datarates
                0x08008bc0        0x8 ./src/LoRaMac.o
                0x08008bc0                Datarates
 .rodata.MaxPayloadOfDatarateRepeater
                0x08008bc8        0x8 ./src/LoRaMac.o
                0x08008bc8                MaxPayloadOfDatarateRepeater
 .rodata.TxPowers
                0x08008bd0        0x6 ./src/LoRaMac.o
                0x08008bd0                TxPowers
 .rodata.MaxPayloadOfDatarate
                0x08008bd6        0x8 ./src/LoRaMac.o
                0x08008bd6                MaxPayloadOfDatarate
 .rodata.gfm3_sbox
                0x08008bde      0x100 ./src/aes.o
 .rodata.sbox   0x08008cde      0x100 ./src/aes.o
 .rodata.gfm2_sbox
                0x08008dde      0x100 ./src/aes.o
 .rodata.CSWTCH.12
                0x08008ede        0x4 ./src/gpio-board.o
 *fill*         0x08008ee2        0x2 
 .rodata        0x08008ee4       0x38 ./src/main_telemic.o
 .rodata.DaysInMonth
                0x08008f1c        0xc ./src/rtc-board.o
 .rodata.DaysInMonthLeapYear
                0x08008f28        0xc ./src/rtc-board.o
 .rodata.Radio  0x08008f34       0x54 ./src/sx1272-board.o
                0x08008f34                Radio
 .rodata.CSWTCH.39
                0x08008f88       0x18 ./src/sx1272.o
 .rodata.RadioRegsInit
                0x08008fa0       0x33 ./src/sx1272.o
                0x08008fa0                RadioRegsInit
 *fill*         0x08008fd3        0x1 
 .rodata.FskBandwidths
                0x08008fd4       0xb0 ./src/sx1272.o
                0x08008fd4                FskBandwidths
 .rodata        0x08009084       0x40 /home/hazem/lora/gcc-arm-none-eabi-5_4-2016q3/bin/../lib/gcc/arm-none-eabi/5.4.1/armv6-m/libgcc.a(divdf3.o)
 .rodata        0x080090c4       0x40 /home/hazem/lora/gcc-arm-none-eabi-5_4-2016q3/bin/../lib/gcc/arm-none-eabi/5.4.1/armv6-m/libgcc.a(muldf3.o)
 *(vtable)
 *(.eh_frame*)
 *(.glue_7)
 .glue_7        0x08009104        0x0 linker stubs
 *(.glue_7t)
 .glue_7t       0x08009104        0x0 linker stubs

.vfp11_veneer   0x08009104        0x0
 .vfp11_veneer  0x08009104        0x0 linker stubs

.v4_bx          0x08009104        0x0
 .v4_bx         0x08009104        0x0 linker stubs

.iplt           0x08009104        0x0
 .iplt          0x08009104        0x0 ./system/src/stm32l0xx/stm32l0xx_hal.o

.rel.dyn        0x08009104        0x0
 .rel.iplt      0x08009104        0x0 ./system/src/stm32l0xx/stm32l0xx_hal.o

.ARM.extab
 *(.ARM.extab* .gnu.linkonce.armextab.*)
                0x08009104                . = ALIGN (0x4)
                0x08009104                __exidx_start = .

.ARM.exidx
 *(.ARM.exidx* .gnu.linkonce.armexidx.*)
                0x08009104                __exidx_end = .
                0x08009104                . = ALIGN (0x4)
                0x08009104                _etext = .
                0x08009104                __etext = .

.data_CCMRAM    0x10000000        0x0 load address 0x08009104
 FILL mask 0xff
 *(.data.CCMRAM .data.CCMRAM.*)
                0x10000000                . = ALIGN (0x4)
                0x08009104                _sidata = LOADADDR (.data)

.data           0x20000000      0x138 load address 0x08009104
 FILL mask 0xff
                0x20000000                _sdata = .
                0x20000000                __data_start__ = .
 *(.data_begin .data_begin.*)
 *(.data .data.*)
 .data.argv.4290
                0x20000000        0x8 ./system/src/newlib/_syscalls.o
 .data.SystemCoreClock
                0x20000008        0x4 ./system/src/cmsis/system_stm32l0xx.o
                0x20000008                SystemCoreClock
 .data.Channels
                0x2000000c       0x80 ./src/LoRaMac.o
 .data.AckTimeoutRetriesCounter
                0x2000008c        0x1 ./src/LoRaMac.o
 .data.AckTimeoutRetries
                0x2000008d        0x1 ./src/LoRaMac.o
 .data.IsRxWindowsEnabled
                0x2000008e        0x1 ./src/LoRaMac.o
 *fill*         0x2000008f        0x1 ff
 .data.Bands    0x20000090       0x3c ./src/LoRaMac.o
 .data.UpLinkCounter
                0x200000cc        0x4 ./src/LoRaMac.o
 .data.MicBlockB0
                0x200000d0       0x10 ./src/LoRaMacCrypto.o
 .data.aBlock   0x200000e0       0x10 ./src/LoRaMacCrypto.o
 .data.DioIrq0  0x200000f0        0x8 ./src/board.o
                0x200000f0                DioIrq0
 .data.AppDataSize
                0x200000f8        0x1 ./src/main_telemic.o
 .data.NwkSKey  0x200000f9       0x10 ./src/main_telemic.o
 .data.TxNextPacket
                0x20000109        0x1 ./src/main_telemic.o
 .data.AppSKey  0x2000010a       0x10 ./src/main_telemic.o
 *fill*         0x2000011a        0x2 ff
 .data.DioIrq   0x2000011c       0x18 ./src/sx1272.o
                0x2000011c                DioIrq
 .data.next     0x20000134        0x4 ./src/utilities.o
 *(.data_end .data_end.*)
                0x20000138                . = ALIGN (0x4)
                0x20000138                _edata = .
                0x20000138                __data_end__ = .

.igot.plt       0x20000138        0x0 load address 0x0800923c
 .igot.plt      0x20000138        0x0 ./system/src/stm32l0xx/stm32l0xx_hal.o

.bss_CCMRAM     0x10000000        0x0
 *(.bss.CCMRAM .bss.CCMRAM.*)

.bss            0x20000138      0xb58
                0x20000138                __bss_start__ = .
                0x20000138                _sbss = .
 *(.bss_begin .bss_begin.*)
 *(.bss .bss.*)
 .bss.name.4289
                0x20000138        0x1 ./system/src/newlib/_syscalls.o
 *fill*         0x20000139        0x3 
 .bss.LoRaMacCallback
                0x2000013c        0x4 ./src/LoRaMac-api-v3.o
 .bss.LoRaMacPrimitives
                0x20000140        0xc ./src/LoRaMac-api-v3.o
 .bss.LoRaMacEventInfo
                0x2000014c       0x18 ./src/LoRaMac-api-v3.o
 .bss.LoRaMacCallbacks
                0x20000164        0x8 ./src/LoRaMac-api-v3.o
 .bss.LoRaMacEventFlags
                0x2000016c        0x1 ./src/LoRaMac-api-v3.o
 .bss.LastTxChannel
                0x2000016d        0x1 ./src/LoRaMac.o
 *fill*         0x2000016e        0x2 
 .bss.McpsIndication
                0x20000170       0x18 ./src/LoRaMac.o
 .bss.AggregatedDCycle
                0x20000188        0x2 ./src/LoRaMac.o
 *fill*         0x2000018a        0x2 
 .bss.LoRaMacAppKey
                0x2000018c        0x4 ./src/LoRaMac.o
 .bss.AggregatedTimeOff
                0x20000190        0x4 ./src/LoRaMac.o
 .bss.RxSlot    0x20000194        0x1 ./src/LoRaMac.o
 *fill*         0x20000195        0x3 
 .bss.MlmeConfirm
                0x20000198        0xc ./src/LoRaMac.o
 .bss.AdrCtrlOn
                0x200001a4        0x1 ./src/LoRaMac.o
 *fill*         0x200001a5        0x3 
 .bss.DownLinkCounter
                0x200001a8        0x4 ./src/LoRaMac.o
 .bss.SrvAckRequested
                0x200001ac        0x1 ./src/LoRaMac.o
 *fill*         0x200001ad        0x3 
 .bss.RxWindow2Delay
                0x200001b0        0x4 ./src/LoRaMac.o
 .bss.MaxDCycle
                0x200001b4        0x1 ./src/LoRaMac.o
 *fill*         0x200001b5        0x1 
 .bss.JoinRequestTrials
                0x200001b6        0x2 ./src/LoRaMac.o
 .bss.Channel   0x200001b8        0x1 ./src/LoRaMac.o
 *fill*         0x200001b9        0x3 
 .bss.LoRaMacAppEui
                0x200001bc        0x4 ./src/LoRaMac.o
 .bss.LoRaMacPrimitives
                0x200001c0        0x4 ./src/LoRaMac.o
 .bss.LoRaMacCallbacks
                0x200001c4        0x4 ./src/LoRaMac.o
 .bss.MacCommandsBuffer
                0x200001c8        0xf ./src/LoRaMac.o
 *fill*         0x200001d7        0x1 
 .bss.TxTimeOnAir
                0x200001d8        0x4 ./src/LoRaMac.o
                0x200001d8                TxTimeOnAir
 .bss.LoRaMacState
                0x200001dc        0x4 ./src/LoRaMac.o
                0x200001dc                LoRaMacState
 .bss.McpsConfirm
                0x200001e0       0x10 ./src/LoRaMac.o
 .bss.IsUpLinkCounterFixed
                0x200001f0        0x1 ./src/LoRaMac.o
 .bss.ChannelsNbRepCounter
                0x200001f1        0x1 ./src/LoRaMac.o
 .bss.LoRaMacPayload
                0x200001f2       0xff ./src/LoRaMac.o
 .bss.MacCommandsInNextTx
                0x200002f1        0x1 ./src/LoRaMac.o
 .bss.DutyCycleOn
                0x200002f2        0x1 ./src/LoRaMac.o
 .bss.MacCommandsBufferIndex
                0x200002f3        0x1 ./src/LoRaMac.o
 .bss.MacStateCheckTimer
                0x200002f4       0x14 ./src/LoRaMac.o
 .bss.MacCommandsBufferToRepeat
                0x20000308        0xf ./src/LoRaMac.o
 .bss.LoRaMacRxPayload
                0x20000317       0xff ./src/LoRaMac.o
 .bss.NodeAckRequested
                0x20000416        0x1 ./src/LoRaMac.o
 *fill*         0x20000417        0x1 
 .bss.LoRaMacBufferPktLen
                0x20000418        0x2 ./src/LoRaMac.o
 .bss.IsLoRaMacNetworkJoined
                0x2000041a        0x1 ./src/LoRaMac.o
 *fill*         0x2000041b        0x1 
 .bss.TxDelayedTimer
                0x2000041c       0x14 ./src/LoRaMac.o
 .bss.RxWindowTimer1
                0x20000430       0x14 ./src/LoRaMac.o
 .bss.RxWindowTimer2
                0x20000444       0x14 ./src/LoRaMac.o
 .bss.LoRaMacNetID
                0x20000458        0x4 ./src/LoRaMac.o
 .bss.RadioEvents
                0x2000045c       0x1c ./src/LoRaMac.o
 .bss.AdrAckCounter
                0x20000478        0x4 ./src/LoRaMac.o
 .bss.PublicNetwork
                0x2000047c        0x1 ./src/LoRaMac.o
 *fill*         0x2000047d        0x1 
 .bss.LoRaMacDevNonce
                0x2000047e        0x2 ./src/LoRaMac.o
 .bss.LoRaMacDevAddr
                0x20000480        0x4 ./src/LoRaMac.o
 .bss.AckTimeoutRetry
                0x20000484        0x1 ./src/LoRaMac.o
 .bss.LoRaMacNwkSKey
                0x20000485       0x10 ./src/LoRaMac.o
 .bss.LoRaMacBuffer
                0x20000495       0xff ./src/LoRaMac.o
 .bss.MacCommandsBufferToRepeatIndex
                0x20000594        0x1 ./src/LoRaMac.o
 *fill*         0x20000595        0x3 
 .bss.MulticastChannels
                0x20000598        0x4 ./src/LoRaMac.o
 .bss.LoRaMacDevEui
                0x2000059c        0x4 ./src/LoRaMac.o
 .bss.RxWindow1Delay
                0x200005a0        0x4 ./src/LoRaMac.o
 .bss.LoRaMacDeviceClass
                0x200005a4        0x1 ./src/LoRaMac.o
 .bss.LoRaMacAppSKey
                0x200005a5       0x10 ./src/LoRaMac.o
 .bss.RepeaterSupport
                0x200005b5        0x1 ./src/LoRaMac.o
 *fill*         0x200005b6        0x2 
 .bss.AggregatedLastTxDoneTime
                0x200005b8        0x4 ./src/LoRaMac.o
 .bss.AckTimeoutTimer
                0x200005bc       0x14 ./src/LoRaMac.o
 .bss.AesCmacCtx
                0x200005d0      0x118 ./src/LoRaMacCrypto.o
 .bss.sBlock    0x200006e8       0x10 ./src/LoRaMacCrypto.o
 .bss.AesContext
                0x200006f8       0xf1 ./src/LoRaMacCrypto.o
 .bss.Mic       0x200007e9       0x10 ./src/LoRaMacCrypto.o
 .bss.SystemWakeupTimeCalibrated
                0x200007f9        0x1 ./src/board.o
 .bss.McuInitialized
                0x200007fa        0x1 ./src/board.o
 *fill*         0x200007fb        0x1 
 .bss.CalibrateSystemWakeupTimeTimer
                0x200007fc       0x14 ./src/board.o
 .bss.GpioIrq   0x20000810       0x40 ./src/gpio-board.o
 .bss.DevAddr   0x20000850        0x4 ./src/main_telemic.o
 .bss.IsNetworkJoined
                0x20000854        0x1 ./src/main_telemic.o
 .bss.ScheduleNextTx
                0x20000855        0x1 ./src/main_telemic.o
 .bss.AppData   0x20000856       0x40 ./src/main_telemic.o
 *fill*         0x20000896        0x2 
 .bss.LoRaMacCallbacks
                0x20000898        0x8 ./src/main_telemic.o
 .bss.TxNextPacketTimer
                0x200008a0       0x14 ./src/main_telemic.o
 .bss.RtcHandle
                0x200008b4       0x24 ./src/rtc-board.o
                0x200008b4                RtcHandle
 .bss.LowPowerDisableDuringTask
                0x200008d8        0x1 ./src/rtc-board.o
 .bss.NonScheduledWakeUp
                0x200008d9        0x1 ./src/rtc-board.o
                0x200008d9                NonScheduledWakeUp
 *fill*         0x200008da        0x2 
 .bss.TimeoutValueError
                0x200008dc        0x4 ./src/rtc-board.o
 .bss.RtcInitalized
                0x200008e0        0x1 ./src/rtc-board.o
 *fill*         0x200008e1        0x3 
 .bss.McuWakeUpTime
                0x200008e4        0x4 ./src/rtc-board.o
                0x200008e4                McuWakeUpTime
 .bss.RtcTimerEventAllowsLowPower
                0x200008e8        0x1 ./src/rtc-board.o
 .bss.RadioIsActive
                0x200008e9        0x1 ./src/sx1272-board.o
 *fill*         0x200008ea        0x2 
 .bss.RadioEvents
                0x200008ec        0x4 ./src/sx1272.o
 .bss.RxTxBuffer
                0x200008f0      0x100 ./src/sx1272.o
 .bss.HasLoopedThroughMain
                0x200009f0        0x1 ./src/timer.o
                0x200009f0                HasLoopedThroughMain
 *fill*         0x200009f1        0x3 
 .bss.TimerListHead
                0x200009f4        0x4 ./src/timer.o
 *(COMMON)
 COMMON         0x200009f8        0x4 ./system/src/stm32l0xx/stm32l0xx_hal.o
                0x200009f8                uwTick
 COMMON         0x200009fc       0x64 ./src/LoRaMac.o
                0x200009fc                LoRaMacFlags
                0x20000a00                LoRaMacParamsDefaults
                0x20000a30                LoRaMacParams
 COMMON         0x20000a60       0x90 ./src/board.o
                0x20000a60                Adc
                0x20000acc                hcomp
 COMMON         0x20000af0       0x10 ./src/main_telemic.o
                0x20000af0                ComplianceTest
 COMMON         0x20000b00       0x1c ./src/rtc-board.o
                0x20000b00                RtcCalendarContext
 COMMON         0x20000b1c      0x174 ./src/sx1272.o
                0x20000b1c                SX1272
                0x20000c54                TxTimeoutTimer
                0x20000c68                RxTimeoutSyncWord
                0x20000c7c                RxTimeoutTimer
 *(.bss_end .bss_end.*)
                0x20000c90                . = ALIGN (0x4)
                0x20000c90                __bss_end__ = .
                0x20000c90                _ebss = .

.noinit_CCMRAM
 *(.noinit.CCMRAM .noinit.CCMRAM.*)

.noinit         0x20000c90        0x0
                0x20000c90                _noinit = .
 *(.noinit .noinit.*)
                0x20000c90                . = ALIGN (0x4)
                0x20000c90                _end_noinit = .
                [!provide]                PROVIDE (end, _end_noinit)
                [!provide]                PROVIDE (_end, _end_noinit)
                [!provide]                PROVIDE (__end, _end_noinit)
                [!provide]                PROVIDE (__end__, _end_noinit)

._check_stack   0x20000c90      0x100
                0x20000d90                . = (. + _Minimum_Stack_Size)
 *fill*         0x20000c90      0x100 

.b1text
 *(.b1text)
 *(.b1rodata)
 *(.b1rodata.*)

.eb0text
 *(.eb0text)
 *(.eb0rodata)
 *(.eb0rodata.*)

.eb1text
 *(.eb1text)
 *(.eb1rodata)
 *(.eb1rodata.*)

.eb2text
 *(.eb2text)
 *(.eb2rodata)
 *(.eb2rodata.*)

.eb3text
 *(.eb3text)
 *(.eb3rodata)
 *(.eb3rodata.*)

.stab
 *(.stab)

.stabstr
 *(.stabstr)

.stab.excl
 *(.stab.excl)

.stab.exclstr
 *(.stab.exclstr)

.stab.index
 *(.stab.index)

.stab.indexstr
 *(.stab.indexstr)

.comment        0x00000000       0x6e
 *(.comment)
 .comment       0x00000000       0x6e ./system/src/stm32l0xx/stm32l0xx_hal.o
                                 0x6f (size before relaxing)
 .comment       0x0000006e       0x6f ./system/src/stm32l0xx/stm32l0xx_hal_comp.o
 .comment       0x0000006e       0x6f ./system/src/stm32l0xx/stm32l0xx_hal_cortex.o
 .comment       0x0000006e       0x6f ./system/src/stm32l0xx/stm32l0xx_hal_gpio.o
 .comment       0x0000006e       0x6f ./system/src/stm32l0xx/stm32l0xx_hal_pwr.o
 .comment       0x0000006e       0x6f ./system/src/stm32l0xx/stm32l0xx_hal_pwr_ex.o
 .comment       0x0000006e       0x6f ./system/src/stm32l0xx/stm32l0xx_hal_rcc.o
 .comment       0x0000006e       0x6f ./system/src/stm32l0xx/stm32l0xx_hal_rcc_ex.o
 .comment       0x0000006e       0x6f ./system/src/stm32l0xx/stm32l0xx_hal_rtc.o
 .comment       0x0000006e       0x6f ./system/src/stm32l0xx/stm32l0xx_hal_rtc_ex.o
 .comment       0x0000006e       0x6f ./system/src/stm32l0xx/stm32l0xx_hal_spi.o
 .comment       0x0000006e       0x6f ./system/src/newlib/_exit.o
 .comment       0x0000006e       0x6f ./system/src/newlib/_startup.o
 .comment       0x0000006e       0x6f ./system/src/newlib/_syscalls.o
 .comment       0x0000006e       0x6f ./system/src/cortexm/_initialize_hardware.o
 .comment       0x0000006e       0x6f ./system/src/cortexm/_reset_hardware.o
 .comment       0x0000006e       0x6f ./system/src/cortexm/exception_handlers.o
 .comment       0x0000006e       0x6f ./system/src/cmsis/system_stm32l0xx.o
 .comment       0x0000006e       0x6f ./src/LoRaMac-api-v3.o
 .comment       0x0000006e       0x6f ./src/LoRaMac.o
 .comment       0x0000006e       0x6f ./src/LoRaMacCrypto.o
 .comment       0x0000006e       0x6f ./src/aes.o
 .comment       0x0000006e       0x6f ./src/board.o
 .comment       0x0000006e       0x6f ./src/cmac.o
 .comment       0x0000006e       0x6f ./src/delay.o
 .comment       0x0000006e       0x6f ./src/gpio-board.o
 .comment       0x0000006e       0x6f ./src/main_telemic.o
 .comment       0x0000006e       0x6f ./src/rtc-board.o
 .comment       0x0000006e       0x6f ./src/spi-board.o
 .comment       0x0000006e       0x6f ./src/stm32l0xx_hal_msp.o
 .comment       0x0000006e       0x6f ./src/stm32l0xx_it.o
 .comment       0x0000006e       0x6f ./src/sx1272-board.o
 .comment       0x0000006e       0x6f ./src/sx1272.o
 .comment       0x0000006e       0x6f ./src/timer.o
 .comment       0x0000006e       0x6f ./src/utilities.o

.ARM.attributes
                0x00000000       0x30
 .ARM.attributes
                0x00000000       0x32 ./system/src/stm32l0xx/stm32l0xx_hal.o
 .ARM.attributes
                0x00000032       0x32 ./system/src/stm32l0xx/stm32l0xx_hal_comp.o
 .ARM.attributes
                0x00000064       0x32 ./system/src/stm32l0xx/stm32l0xx_hal_cortex.o
 .ARM.attributes
                0x00000096       0x32 ./system/src/stm32l0xx/stm32l0xx_hal_gpio.o
 .ARM.attributes
                0x000000c8       0x32 ./system/src/stm32l0xx/stm32l0xx_hal_pwr.o
 .ARM.attributes
                0x000000fa       0x32 ./system/src/stm32l0xx/stm32l0xx_hal_pwr_ex.o
 .ARM.attributes
                0x0000012c       0x32 ./system/src/stm32l0xx/stm32l0xx_hal_rcc.o
 .ARM.attributes
                0x0000015e       0x32 ./system/src/stm32l0xx/stm32l0xx_hal_rcc_ex.o
 .ARM.attributes
                0x00000190       0x32 ./system/src/stm32l0xx/stm32l0xx_hal_rtc.o
 .ARM.attributes
                0x000001c2       0x32 ./system/src/stm32l0xx/stm32l0xx_hal_rtc_ex.o
 .ARM.attributes
                0x000001f4       0x32 ./system/src/stm32l0xx/stm32l0xx_hal_spi.o
 .ARM.attributes
                0x00000226       0x32 ./system/src/newlib/_exit.o
 .ARM.attributes
                0x00000258       0x32 ./system/src/newlib/_startup.o
 .ARM.attributes
                0x0000028a       0x32 ./system/src/newlib/_syscalls.o
 .ARM.attributes
                0x000002bc       0x32 ./system/src/cortexm/_initialize_hardware.o
 .ARM.attributes
                0x000002ee       0x32 ./system/src/cortexm/_reset_hardware.o
 .ARM.attributes
                0x00000320       0x32 ./system/src/cortexm/exception_handlers.o
 .ARM.attributes
                0x00000352       0x22 ./system/src/cmsis/startup_stm32l051xx.o
 .ARM.attributes
                0x00000374       0x32 ./system/src/cmsis/system_stm32l0xx.o
 .ARM.attributes
                0x000003a6       0x32 ./src/LoRaMac-api-v3.o
 .ARM.attributes
                0x000003d8       0x32 ./src/LoRaMac.o
 .ARM.attributes
                0x0000040a       0x32 ./src/LoRaMacCrypto.o
 .ARM.attributes
                0x0000043c       0x32 ./src/aes.o
 .ARM.attributes
                0x0000046e       0x32 ./src/board.o
 .ARM.attributes
                0x000004a0       0x32 ./src/cmac.o
 .ARM.attributes
                0x000004d2       0x32 ./src/delay.o
 .ARM.attributes
                0x00000504       0x32 ./src/gpio-board.o
 .ARM.attributes
                0x00000536       0x32 ./src/main_telemic.o
 .ARM.attributes
                0x00000568       0x32 ./src/rtc-board.o
 .ARM.attributes
                0x0000059a       0x32 ./src/spi-board.o
 .ARM.attributes
                0x000005cc       0x32 ./src/stm32l0xx_hal_msp.o
 .ARM.attributes
                0x000005fe       0x32 ./src/stm32l0xx_it.o
 .ARM.attributes
                0x00000630       0x32 ./src/sx1272-board.o
 .ARM.attributes
                0x00000662       0x32 ./src/sx1272.o
 .ARM.attributes
                0x00000694       0x32 ./src/timer.o
 .ARM.attributes
                0x000006c6       0x32 ./src/utilities.o
 .ARM.attributes
                0x000006f8       0x2c /home/hazem/lora/gcc-arm-none-eabi-5_4-2016q3/bin/../lib/gcc/arm-none-eabi/5.4.1/../../../../arm-none-eabi/lib/armv6-m/libm.a(lib_a-s_ceil.o)
 .ARM.attributes
                0x00000724       0x2c /home/hazem/lora/gcc-arm-none-eabi-5_4-2016q3/bin/../lib/gcc/arm-none-eabi/5.4.1/../../../../arm-none-eabi/lib/armv6-m/libm.a(lib_a-s_floor.o)
 .ARM.attributes
                0x00000750       0x2c /home/hazem/lora/gcc-arm-none-eabi-5_4-2016q3/bin/../lib/gcc/arm-none-eabi/5.4.1/../../../../arm-none-eabi/lib/armv6-m/libm.a(lib_a-s_round.o)
 .ARM.attributes
                0x0000077c       0x1e /home/hazem/lora/gcc-arm-none-eabi-5_4-2016q3/bin/../lib/gcc/arm-none-eabi/5.4.1/armv6-m/libgcc.a(_thumb1_case_uqi.o)
 .ARM.attributes
                0x0000079a       0x1e /home/hazem/lora/gcc-arm-none-eabi-5_4-2016q3/bin/../lib/gcc/arm-none-eabi/5.4.1/armv6-m/libgcc.a(_thumb1_case_uhi.o)
 .ARM.attributes
                0x000007b8       0x1e /home/hazem/lora/gcc-arm-none-eabi-5_4-2016q3/bin/../lib/gcc/arm-none-eabi/5.4.1/armv6-m/libgcc.a(_udivsi3.o)
 .ARM.attributes
                0x000007d6       0x1e /home/hazem/lora/gcc-arm-none-eabi-5_4-2016q3/bin/../lib/gcc/arm-none-eabi/5.4.1/armv6-m/libgcc.a(_divsi3.o)
 .ARM.attributes
                0x000007f4       0x1e /home/hazem/lora/gcc-arm-none-eabi-5_4-2016q3/bin/../lib/gcc/arm-none-eabi/5.4.1/armv6-m/libgcc.a(_dvmd_tls.o)
 .ARM.attributes
                0x00000812       0x1e /home/hazem/lora/gcc-arm-none-eabi-5_4-2016q3/bin/../lib/gcc/arm-none-eabi/5.4.1/armv6-m/libgcc.a(_arm_cmpdf2.o)
 .ARM.attributes
                0x00000830       0x1e /home/hazem/lora/gcc-arm-none-eabi-5_4-2016q3/bin/../lib/gcc/arm-none-eabi/5.4.1/armv6-m/libgcc.a(_clzsi2.o)
 .ARM.attributes
                0x0000084e       0x2c /home/hazem/lora/gcc-arm-none-eabi-5_4-2016q3/bin/../lib/gcc/arm-none-eabi/5.4.1/armv6-m/libgcc.a(_fixunsdfsi.o)
 .ARM.attributes
                0x0000087a       0x2c /home/hazem/lora/gcc-arm-none-eabi-5_4-2016q3/bin/../lib/gcc/arm-none-eabi/5.4.1/armv6-m/libgcc.a(adddf3.o)
 .ARM.attributes
                0x000008a6       0x2c /home/hazem/lora/gcc-arm-none-eabi-5_4-2016q3/bin/../lib/gcc/arm-none-eabi/5.4.1/armv6-m/libgcc.a(divdf3.o)
 .ARM.attributes
                0x000008d2       0x2c /home/hazem/lora/gcc-arm-none-eabi-5_4-2016q3/bin/../lib/gcc/arm-none-eabi/5.4.1/armv6-m/libgcc.a(eqdf2.o)
 .ARM.attributes
                0x000008fe       0x2c /home/hazem/lora/gcc-arm-none-eabi-5_4-2016q3/bin/../lib/gcc/arm-none-eabi/5.4.1/armv6-m/libgcc.a(gedf2.o)
 .ARM.attributes
                0x0000092a       0x2c /home/hazem/lora/gcc-arm-none-eabi-5_4-2016q3/bin/../lib/gcc/arm-none-eabi/5.4.1/armv6-m/libgcc.a(ledf2.o)
 .ARM.attributes
                0x00000956       0x2c /home/hazem/lora/gcc-arm-none-eabi-5_4-2016q3/bin/../lib/gcc/arm-none-eabi/5.4.1/armv6-m/libgcc.a(muldf3.o)
 .ARM.attributes
                0x00000982       0x2c /home/hazem/lora/gcc-arm-none-eabi-5_4-2016q3/bin/../lib/gcc/arm-none-eabi/5.4.1/armv6-m/libgcc.a(subdf3.o)
 .ARM.attributes
                0x000009ae       0x2c /home/hazem/lora/gcc-arm-none-eabi-5_4-2016q3/bin/../lib/gcc/arm-none-eabi/5.4.1/armv6-m/libgcc.a(fixdfsi.o)
 .ARM.attributes
                0x000009da       0x2c /home/hazem/lora/gcc-arm-none-eabi-5_4-2016q3/bin/../lib/gcc/arm-none-eabi/5.4.1/armv6-m/libgcc.a(floatsidf.o)
 .ARM.attributes
                0x00000a06       0x2c /home/hazem/lora/gcc-arm-none-eabi-5_4-2016q3/bin/../lib/gcc/arm-none-eabi/5.4.1/armv6-m/libgcc.a(floatunsidf.o)
 .ARM.attributes
                0x00000a32       0x2c /home/hazem/lora/gcc-arm-none-eabi-5_4-2016q3/bin/../lib/gcc/arm-none-eabi/5.4.1/../../../../arm-none-eabi/lib/armv6-m/libg_nano.a(lib_a-memset.o)

.debug
 *(.debug)

.line
 *(.line)

.debug_srcinfo
 *(.debug_srcinfo)

.debug_sfnames
 *(.debug_sfnames)

.debug_aranges  0x00000000      0xfd0
 *(.debug_aranges)
 .debug_aranges
                0x00000000       0xd8 ./system/src/stm32l0xx/stm32l0xx_hal.o
 .debug_aranges
                0x000000d8       0x60 ./system/src/stm32l0xx/stm32l0xx_hal_comp.o
 .debug_aranges
                0x00000138       0x80 ./system/src/stm32l0xx/stm32l0xx_hal_cortex.o
 .debug_aranges
                0x000001b8       0x58 ./system/src/stm32l0xx/stm32l0xx_hal_gpio.o
 .debug_aranges
                0x00000210       0xa0 ./system/src/stm32l0xx/stm32l0xx_hal_pwr.o
 .debug_aranges
                0x000002b0       0x48 ./system/src/stm32l0xx/stm32l0xx_hal_pwr_ex.o
 .debug_aranges
                0x000002f8       0x80 ./system/src/stm32l0xx/stm32l0xx_hal_rcc.o
 .debug_aranges
                0x00000378       0x58 ./system/src/stm32l0xx/stm32l0xx_hal_rcc_ex.o
 .debug_aranges
                0x000003d0       0xa8 ./system/src/stm32l0xx/stm32l0xx_hal_rtc.o
 .debug_aranges
                0x00000478      0x100 ./system/src/stm32l0xx/stm32l0xx_hal_rtc_ex.o
 .debug_aranges
                0x00000578      0x108 ./system/src/stm32l0xx/stm32l0xx_hal_spi.o
 .debug_aranges
                0x00000680       0x28 ./system/src/newlib/_exit.o
 .debug_aranges
                0x000006a8       0x40 ./system/src/newlib/_startup.o
 .debug_aranges
                0x000006e8       0x30 ./system/src/newlib/_syscalls.o
 .debug_aranges
                0x00000718       0x28 ./system/src/cortexm/_initialize_hardware.o
 .debug_aranges
                0x00000740       0x20 ./system/src/cortexm/_reset_hardware.o
 .debug_aranges
                0x00000760       0x50 ./system/src/cortexm/exception_handlers.o
 .debug_aranges
                0x000007b0       0x28 ./system/src/cmsis/startup_stm32l051xx.o
 .debug_aranges
                0x000007d8       0x28 ./system/src/cmsis/system_stm32l0xx.o
 .debug_aranges
                0x00000800      0x128 ./src/LoRaMac-api-v3.o
 .debug_aranges
                0x00000928      0x128 ./src/LoRaMac.o
 .debug_aranges
                0x00000a50       0x48 ./src/LoRaMacCrypto.o
 .debug_aranges
                0x00000a98       0x40 ./src/aes.o
 .debug_aranges
                0x00000ad8       0x70 ./src/board.o
 .debug_aranges
                0x00000b48       0x38 ./src/cmac.o
 .debug_aranges
                0x00000b80       0x28 ./src/delay.o
 .debug_aranges
                0x00000ba8       0x50 ./src/gpio-board.o
 .debug_aranges
                0x00000bf8       0x38 ./src/main_telemic.o
 .debug_aranges
                0x00000c30       0x78 ./src/rtc-board.o
 .debug_aranges
                0x00000ca8       0x48 ./src/spi-board.o
 .debug_aranges
                0x00000cf0       0x80 ./src/stm32l0xx_hal_msp.o
 .debug_aranges
                0x00000d70       0x28 ./src/stm32l0xx_it.o
 .debug_aranges
                0x00000d98       0x48 ./src/sx1272-board.o
 .debug_aranges
                0x00000de0      0x120 ./src/sx1272.o
 .debug_aranges
                0x00000f00       0x80 ./src/timer.o
 .debug_aranges
                0x00000f80       0x50 ./src/utilities.o

.debug_pubnames
 *(.debug_pubnames)

.debug_info     0x00000000    0x17a9f
 *(.debug_info .gnu.linkonce.wi.*)
 .debug_info    0x00000000      0x712 ./system/src/stm32l0xx/stm32l0xx_hal.o
 .debug_info    0x00000712      0x6df ./system/src/stm32l0xx/stm32l0xx_hal_comp.o
 .debug_info    0x00000df1      0x8a0 ./system/src/stm32l0xx/stm32l0xx_hal_cortex.o
 .debug_info    0x00001691      0x62b ./system/src/stm32l0xx/stm32l0xx_hal_gpio.o
 .debug_info    0x00001cbc      0x5cc ./system/src/stm32l0xx/stm32l0xx_hal_pwr.o
 .debug_info    0x00002288      0x192 ./system/src/stm32l0xx/stm32l0xx_hal_pwr_ex.o
 .debug_info    0x0000241a      0xa20 ./system/src/stm32l0xx/stm32l0xx_hal_rcc.o
 .debug_info    0x00002e3a      0x4a1 ./system/src/stm32l0xx/stm32l0xx_hal_rcc_ex.o
 .debug_info    0x000032db      0xce6 ./system/src/stm32l0xx/stm32l0xx_hal_rtc.o
 .debug_info    0x00003fc1      0xe69 ./system/src/stm32l0xx/stm32l0xx_hal_rtc_ex.o
 .debug_info    0x00004e2a     0x13fa ./system/src/stm32l0xx/stm32l0xx_hal_spi.o
 .debug_info    0x00006224      0x104 ./system/src/newlib/_exit.o
 .debug_info    0x00006328      0x3ec ./system/src/newlib/_startup.o
 .debug_info    0x00006714      0x1c3 ./system/src/newlib/_syscalls.o
 .debug_info    0x000068d7       0xd5 ./system/src/cortexm/_initialize_hardware.o
 .debug_info    0x000069ac      0x1a3 ./system/src/cortexm/_reset_hardware.o
 .debug_info    0x00006b4f      0x19c ./system/src/cortexm/exception_handlers.o
 .debug_info    0x00006ceb       0x7d ./system/src/cmsis/startup_stm32l051xx.o
 .debug_info    0x00006d68      0x361 ./system/src/cmsis/system_stm32l0xx.o
 .debug_info    0x000070c9     0x1a94 ./src/LoRaMac-api-v3.o
 .debug_info    0x00008b5d     0x38d7 ./src/LoRaMac.o
 .debug_info    0x0000c434      0x840 ./src/LoRaMacCrypto.o
 .debug_info    0x0000cc74      0x619 ./src/aes.o
 .debug_info    0x0000d28d     0x17cd ./src/board.o
 .debug_info    0x0000ea5a      0x4fe ./src/cmac.o
 .debug_info    0x0000ef58      0x13b ./src/delay.o
 .debug_info    0x0000f093      0x9f2 ./src/gpio-board.o
 .debug_info    0x0000fa85      0xad3 ./src/main_telemic.o
 .debug_info    0x00010558      0xebc ./src/rtc-board.o
 .debug_info    0x00011414      0xd33 ./src/spi-board.o
 .debug_info    0x00012147     0x14fe ./src/stm32l0xx_hal_msp.o
 .debug_info    0x00013645       0xa9 ./src/stm32l0xx_it.o
 .debug_info    0x000136ee     0x10f2 ./src/sx1272-board.o
 .debug_info    0x000147e0     0x2941 ./src/sx1272.o
 .debug_info    0x00017121      0x6ff ./src/timer.o
 .debug_info    0x00017820      0x27f ./src/utilities.o

.debug_abbrev   0x00000000     0x445a
 *(.debug_abbrev)
 .debug_abbrev  0x00000000      0x218 ./system/src/stm32l0xx/stm32l0xx_hal.o
 .debug_abbrev  0x00000218      0x23c ./system/src/stm32l0xx/stm32l0xx_hal_comp.o
 .debug_abbrev  0x00000454      0x28f ./system/src/stm32l0xx/stm32l0xx_hal_cortex.o
 .debug_abbrev  0x000006e3      0x1b9 ./system/src/stm32l0xx/stm32l0xx_hal_gpio.o
 .debug_abbrev  0x0000089c      0x19c ./system/src/stm32l0xx/stm32l0xx_hal_pwr.o
 .debug_abbrev  0x00000a38       0xdc ./system/src/stm32l0xx/stm32l0xx_hal_pwr_ex.o
 .debug_abbrev  0x00000b14      0x28f ./system/src/stm32l0xx/stm32l0xx_hal_rcc.o
 .debug_abbrev  0x00000da3      0x19c ./system/src/stm32l0xx/stm32l0xx_hal_rcc_ex.o
 .debug_abbrev  0x00000f3f      0x1e8 ./system/src/stm32l0xx/stm32l0xx_hal_rtc.o
 .debug_abbrev  0x00001127      0x1f9 ./system/src/stm32l0xx/stm32l0xx_hal_rtc_ex.o
 .debug_abbrev  0x00001320      0x2c5 ./system/src/stm32l0xx/stm32l0xx_hal_spi.o
 .debug_abbrev  0x000015e5       0xbb ./system/src/newlib/_exit.o
 .debug_abbrev  0x000016a0      0x19e ./system/src/newlib/_startup.o
 .debug_abbrev  0x0000183e       0xe9 ./system/src/newlib/_syscalls.o
 .debug_abbrev  0x00001927       0x60 ./system/src/cortexm/_initialize_hardware.o
 .debug_abbrev  0x00001987       0xe9 ./system/src/cortexm/_reset_hardware.o
 .debug_abbrev  0x00001a70       0xc4 ./system/src/cortexm/exception_handlers.o
 .debug_abbrev  0x00001b34       0x12 ./system/src/cmsis/startup_stm32l051xx.o
 .debug_abbrev  0x00001b46       0xf0 ./system/src/cmsis/system_stm32l0xx.o
 .debug_abbrev  0x00001c36      0x3a1 ./src/LoRaMac-api-v3.o
 .debug_abbrev  0x00001fd7      0x4b1 ./src/LoRaMac.o
 .debug_abbrev  0x00002488      0x169 ./src/LoRaMacCrypto.o
 .debug_abbrev  0x000025f1      0x209 ./src/aes.o
 .debug_abbrev  0x000027fa      0x34e ./src/board.o
 .debug_abbrev  0x00002b48      0x156 ./src/cmac.o
 .debug_abbrev  0x00002c9e       0xdd ./src/delay.o
 .debug_abbrev  0x00002d7b      0x225 ./src/gpio-board.o
 .debug_abbrev  0x00002fa0      0x2df ./src/main_telemic.o
 .debug_abbrev  0x0000327f      0x356 ./src/rtc-board.o
 .debug_abbrev  0x000035d5      0x252 ./src/spi-board.o
 .debug_abbrev  0x00003827      0x1d7 ./src/stm32l0xx_hal_msp.o
 .debug_abbrev  0x000039fe       0x66 ./src/stm32l0xx_it.o
 .debug_abbrev  0x00003a64      0x1dc ./src/sx1272-board.o
 .debug_abbrev  0x00003c40      0x3eb ./src/sx1272.o
 .debug_abbrev  0x0000402b      0x335 ./src/timer.o
 .debug_abbrev  0x00004360       0xfa ./src/utilities.o

.debug_line     0x00000000     0x7407
 *(.debug_line)
 .debug_line    0x00000000      0x35f ./system/src/stm32l0xx/stm32l0xx_hal.o
 .debug_line    0x0000035f      0x2d5 ./system/src/stm32l0xx/stm32l0xx_hal_comp.o
 .debug_line    0x00000634      0x2fe ./system/src/stm32l0xx/stm32l0xx_hal_cortex.o
 .debug_line    0x00000932      0x2dd ./system/src/stm32l0xx/stm32l0xx_hal_gpio.o
 .debug_line    0x00000c0f      0x2f0 ./system/src/stm32l0xx/stm32l0xx_hal_pwr.o
 .debug_line    0x00000eff      0x1c8 ./system/src/stm32l0xx/stm32l0xx_hal_pwr_ex.o
 .debug_line    0x000010c7      0x490 ./system/src/stm32l0xx/stm32l0xx_hal_rcc.o
 .debug_line    0x00001557      0x32c ./system/src/stm32l0xx/stm32l0xx_hal_rcc_ex.o
 .debug_line    0x00001883      0x540 ./system/src/stm32l0xx/stm32l0xx_hal_rtc.o
 .debug_line    0x00001dc3      0x8d7 ./system/src/stm32l0xx/stm32l0xx_hal_rtc_ex.o
 .debug_line    0x0000269a      0xa43 ./system/src/stm32l0xx/stm32l0xx_hal_spi.o
 .debug_line    0x000030dd      0x123 ./system/src/newlib/_exit.o
 .debug_line    0x00003200      0x104 ./system/src/newlib/_startup.o
 .debug_line    0x00003304      0x141 ./system/src/newlib/_syscalls.o
 .debug_line    0x00003445       0xa7 ./system/src/cortexm/_initialize_hardware.o
 .debug_line    0x000034ec      0x107 ./system/src/cortexm/_reset_hardware.o
 .debug_line    0x000035f3      0x104 ./system/src/cortexm/exception_handlers.o
 .debug_line    0x000036f7       0x8c ./system/src/cmsis/startup_stm32l051xx.o
 .debug_line    0x00003783      0x150 ./system/src/cmsis/system_stm32l0xx.o
 .debug_line    0x000038d3      0x497 ./src/LoRaMac-api-v3.o
 .debug_line    0x00003d6a      0xce3 ./src/LoRaMac.o
 .debug_line    0x00004a4d      0x1b3 ./src/LoRaMacCrypto.o
 .debug_line    0x00004c00      0x254 ./src/aes.o
 .debug_line    0x00004e54      0x3e2 ./src/board.o
 .debug_line    0x00005236      0x18a ./src/cmac.o
 .debug_line    0x000053c0      0x135 ./src/delay.o
 .debug_line    0x000054f5      0x289 ./src/gpio-board.o
 .debug_line    0x0000577e      0x25d ./src/main_telemic.o
 .debug_line    0x000059db      0x4d4 ./src/rtc-board.o
 .debug_line    0x00005eaf      0x2bd ./src/spi-board.o
 .debug_line    0x0000616c      0x310 ./src/stm32l0xx_hal_msp.o
 .debug_line    0x0000647c       0x57 ./src/stm32l0xx_it.o
 .debug_line    0x000064d3      0x243 ./src/sx1272-board.o
 .debug_line    0x00006716      0x881 ./src/sx1272.o
 .debug_line    0x00006f97      0x2fb ./src/timer.o
 .debug_line    0x00007292      0x175 ./src/utilities.o

.debug_frame    0x00000000     0x2ccc
 *(.debug_frame)
 .debug_frame   0x00000000      0x1c4 ./system/src/stm32l0xx/stm32l0xx_hal.o
 .debug_frame   0x000001c4       0xf0 ./system/src/stm32l0xx/stm32l0xx_hal_comp.o
 .debug_frame   0x000002b4       0xf4 ./system/src/stm32l0xx/stm32l0xx_hal_cortex.o
 .debug_frame   0x000003a8       0xbc ./system/src/stm32l0xx/stm32l0xx_hal_gpio.o
 .debug_frame   0x00000464      0x13c ./system/src/stm32l0xx/stm32l0xx_hal_pwr.o
 .debug_frame   0x000005a0       0x78 ./system/src/stm32l0xx/stm32l0xx_hal_pwr_ex.o
 .debug_frame   0x00000618      0x134 ./system/src/stm32l0xx/stm32l0xx_hal_rcc.o
 .debug_frame   0x0000074c       0xb8 ./system/src/stm32l0xx/stm32l0xx_hal_rcc_ex.o
 .debug_frame   0x00000804      0x230 ./system/src/stm32l0xx/stm32l0xx_hal_rtc.o
 .debug_frame   0x00000a34      0x37c ./system/src/stm32l0xx/stm32l0xx_hal_rtc_ex.o
 .debug_frame   0x00000db0      0x3c8 ./system/src/stm32l0xx/stm32l0xx_hal_spi.o
 .debug_frame   0x00001178       0x40 ./system/src/newlib/_exit.o
 .debug_frame   0x000011b8       0x88 ./system/src/newlib/_startup.o
 .debug_frame   0x00001240       0x50 ./system/src/newlib/_syscalls.o
 .debug_frame   0x00001290       0x40 ./system/src/cortexm/_initialize_hardware.o
 .debug_frame   0x000012d0       0x20 ./system/src/cortexm/_reset_hardware.o
 .debug_frame   0x000012f0       0x80 ./system/src/cortexm/exception_handlers.o
 .debug_frame   0x00001370       0x3c ./system/src/cmsis/system_stm32l0xx.o
 .debug_frame   0x000013ac      0x400 ./src/LoRaMac-api-v3.o
 .debug_frame   0x000017ac      0x3b8 ./src/LoRaMac.o
 .debug_frame   0x00001b64       0xd8 ./src/LoRaMacCrypto.o
 .debug_frame   0x00001c3c       0x98 ./src/aes.o
 .debug_frame   0x00001cd4      0x104 ./src/board.o
 .debug_frame   0x00001dd8       0x80 ./src/cmac.o
 .debug_frame   0x00001e58       0x40 ./src/delay.o
 .debug_frame   0x00001e98       0xd4 ./src/gpio-board.o
 .debug_frame   0x00001f6c       0x70 ./src/main_telemic.o
 .debug_frame   0x00001fdc      0x14c ./src/rtc-board.o
 .debug_frame   0x00002128       0xb0 ./src/spi-board.o
 .debug_frame   0x000021d8      0x13c ./src/stm32l0xx_hal_msp.o
 .debug_frame   0x00002314       0x50 ./src/stm32l0xx_it.o
 .debug_frame   0x00002364       0x98 ./src/sx1272-board.o
 .debug_frame   0x000023fc      0x390 ./src/sx1272.o
 .debug_frame   0x0000278c      0x14c ./src/timer.o
 .debug_frame   0x000028d8       0xa8 ./src/utilities.o
 .debug_frame   0x00002980       0x3c /home/hazem/lora/gcc-arm-none-eabi-5_4-2016q3/bin/../lib/gcc/arm-none-eabi/5.4.1/../../../../arm-none-eabi/lib/armv6-m/libm.a(lib_a-s_ceil.o)
 .debug_frame   0x000029bc       0x3c /home/hazem/lora/gcc-arm-none-eabi-5_4-2016q3/bin/../lib/gcc/arm-none-eabi/5.4.1/../../../../arm-none-eabi/lib/armv6-m/libm.a(lib_a-s_floor.o)
 .debug_frame   0x000029f8       0x30 /home/hazem/lora/gcc-arm-none-eabi-5_4-2016q3/bin/../lib/gcc/arm-none-eabi/5.4.1/../../../../arm-none-eabi/lib/armv6-m/libm.a(lib_a-s_round.o)
 .debug_frame   0x00002a28       0x20 /home/hazem/lora/gcc-arm-none-eabi-5_4-2016q3/bin/../lib/gcc/arm-none-eabi/5.4.1/armv6-m/libgcc.a(_udivsi3.o)
 .debug_frame   0x00002a48       0x20 /home/hazem/lora/gcc-arm-none-eabi-5_4-2016q3/bin/../lib/gcc/arm-none-eabi/5.4.1/armv6-m/libgcc.a(_divsi3.o)
 .debug_frame   0x00002a68       0x2c /home/hazem/lora/gcc-arm-none-eabi-5_4-2016q3/bin/../lib/gcc/arm-none-eabi/5.4.1/armv6-m/libgcc.a(_fixunsdfsi.o)
 .debug_frame   0x00002a94       0x3c /home/hazem/lora/gcc-arm-none-eabi-5_4-2016q3/bin/../lib/gcc/arm-none-eabi/5.4.1/armv6-m/libgcc.a(adddf3.o)
 .debug_frame   0x00002ad0       0x3c /home/hazem/lora/gcc-arm-none-eabi-5_4-2016q3/bin/../lib/gcc/arm-none-eabi/5.4.1/armv6-m/libgcc.a(divdf3.o)
 .debug_frame   0x00002b0c       0x38 /home/hazem/lora/gcc-arm-none-eabi-5_4-2016q3/bin/../lib/gcc/arm-none-eabi/5.4.1/armv6-m/libgcc.a(eqdf2.o)
 .debug_frame   0x00002b44       0x38 /home/hazem/lora/gcc-arm-none-eabi-5_4-2016q3/bin/../lib/gcc/arm-none-eabi/5.4.1/armv6-m/libgcc.a(gedf2.o)
 .debug_frame   0x00002b7c       0x38 /home/hazem/lora/gcc-arm-none-eabi-5_4-2016q3/bin/../lib/gcc/arm-none-eabi/5.4.1/armv6-m/libgcc.a(ledf2.o)
 .debug_frame   0x00002bb4       0x3c /home/hazem/lora/gcc-arm-none-eabi-5_4-2016q3/bin/../lib/gcc/arm-none-eabi/5.4.1/armv6-m/libgcc.a(muldf3.o)
 .debug_frame   0x00002bf0       0x38 /home/hazem/lora/gcc-arm-none-eabi-5_4-2016q3/bin/../lib/gcc/arm-none-eabi/5.4.1/armv6-m/libgcc.a(subdf3.o)
 .debug_frame   0x00002c28       0x2c /home/hazem/lora/gcc-arm-none-eabi-5_4-2016q3/bin/../lib/gcc/arm-none-eabi/5.4.1/armv6-m/libgcc.a(fixdfsi.o)
 .debug_frame   0x00002c54       0x2c /home/hazem/lora/gcc-arm-none-eabi-5_4-2016q3/bin/../lib/gcc/arm-none-eabi/5.4.1/armv6-m/libgcc.a(floatsidf.o)
 .debug_frame   0x00002c80       0x2c /home/hazem/lora/gcc-arm-none-eabi-5_4-2016q3/bin/../lib/gcc/arm-none-eabi/5.4.1/armv6-m/libgcc.a(floatunsidf.o)
 .debug_frame   0x00002cac       0x20 /home/hazem/lora/gcc-arm-none-eabi-5_4-2016q3/bin/../lib/gcc/arm-none-eabi/5.4.1/../../../../arm-none-eabi/lib/armv6-m/libg_nano.a(lib_a-memset.o)

.debug_str      0x00000000     0x5e97
 *(.debug_str)
 .debug_str     0x00000000      0x6f6 ./system/src/stm32l0xx/stm32l0xx_hal.o
                                0x743 (size before relaxing)
 .debug_str     0x000006f6      0x296 ./system/src/stm32l0xx/stm32l0xx_hal_comp.o
                                0x593 (size before relaxing)
 .debug_str     0x0000098c      0x2a7 ./system/src/stm32l0xx/stm32l0xx_hal_cortex.o
                                0x6b5 (size before relaxing)
 .debug_str     0x00000c33      0x175 ./system/src/stm32l0xx/stm32l0xx_hal_gpio.o
                                0x45b (size before relaxing)
 .debug_str     0x00000da8      0x218 ./system/src/stm32l0xx/stm32l0xx_hal_pwr.o
                                0x4b7 (size before relaxing)
 .debug_str     0x00000fc0       0xe4 ./system/src/stm32l0xx/stm32l0xx_hal_pwr_ex.o
                                0x2ef (size before relaxing)
 .debug_str     0x000010a4      0x31e ./system/src/stm32l0xx/stm32l0xx_hal_rcc.o
                                0x69b (size before relaxing)
 .debug_str     0x000013c2      0x1da ./system/src/stm32l0xx/stm32l0xx_hal_rcc_ex.o
                                0x4e1 (size before relaxing)
 .debug_str     0x0000159c      0x3f6 ./system/src/stm32l0xx/stm32l0xx_hal_rtc.o
                                0x6ad (size before relaxing)
 .debug_str     0x00001992      0x493 ./system/src/stm32l0xx/stm32l0xx_hal_rtc_ex.o
                                0x972 (size before relaxing)
 .debug_str     0x00001e25      0x5cc ./system/src/stm32l0xx/stm32l0xx_hal_spi.o
                                0x893 (size before relaxing)
 .debug_str     0x000023f1       0x4a ./system/src/newlib/_exit.o
                                0x1e2 (size before relaxing)
 .debug_str     0x0000243b      0x173 ./system/src/newlib/_startup.o
                                0x327 (size before relaxing)
 .debug_str     0x000025ae       0x5c ./system/src/newlib/_syscalls.o
                                0x217 (size before relaxing)
 .debug_str     0x0000260a       0x4e ./system/src/cortexm/_initialize_hardware.o
                                0x218 (size before relaxing)
 .debug_str     0x00002658       0x28 ./system/src/cortexm/_reset_hardware.o
                                0x226 (size before relaxing)
 .debug_str     0x00002680       0xb0 ./system/src/cortexm/exception_handlers.o
                                0x251 (size before relaxing)
 .debug_str     0x00002730       0x27 ./system/src/cmsis/system_stm32l0xx.o
                                0x311 (size before relaxing)
 .debug_str     0x00002757      0xf47 ./src/LoRaMac-api-v3.o
                               0x138e (size before relaxing)
 .debug_str     0x0000369e      0xe5b ./src/LoRaMac.o
                               0x1f63 (size before relaxing)
 .debug_str     0x000044f9      0x113 ./src/LoRaMacCrypto.o
                                0x38e (size before relaxing)
 .debug_str     0x0000460c       0xb5 ./src/aes.o
                                0x28b (size before relaxing)
 .debug_str     0x000046c1      0x6c6 ./src/board.o
                               0x1455 (size before relaxing)
 .debug_str     0x00004d87       0x1a ./src/cmac.o
                                0x260 (size before relaxing)
 .debug_str     0x00004da1       0x1d ./src/delay.o
                                0x1df (size before relaxing)
 .debug_str     0x00004dbe      0x232 ./src/gpio-board.o
                                0x86b (size before relaxing)
 .debug_str     0x00004ff0      0x126 ./src/main_telemic.o
                                0x962 (size before relaxing)
 .debug_str     0x00005116      0x392 ./src/rtc-board.o
                                0xa45 (size before relaxing)
 .debug_str     0x000054a8       0x84 ./src/spi-board.o
                                0x8c0 (size before relaxing)
 .debug_str     0x0000552c      0x402 ./src/stm32l0xx_hal_msp.o
                               0x1117 (size before relaxing)
 .debug_str     0x0000592e       0x16 ./src/stm32l0xx_it.o
                                0x1cf (size before relaxing)
 .debug_str     0x00005944       0x7c ./src/sx1272-board.o
                                0xc4b (size before relaxing)
 .debug_str     0x000059c0      0x370 ./src/sx1272.o
                                0xeeb (size before relaxing)
 .debug_str     0x00005d30      0x13b ./src/timer.o
                                0x4a6 (size before relaxing)
 .debug_str     0x00005e6b       0x2c ./src/utilities.o
                                0x25c (size before relaxing)

.debug_loc      0x00000000     0xacb3
 *(.debug_loc)
 .debug_loc     0x00000000       0xac ./system/src/stm32l0xx/stm32l0xx_hal.o
 .debug_loc     0x000000ac      0x28d ./system/src/stm32l0xx/stm32l0xx_hal_comp.o
 .debug_loc     0x00000339      0x3da ./system/src/stm32l0xx/stm32l0xx_hal_cortex.o
 .debug_loc     0x00000713      0x2cc ./system/src/stm32l0xx/stm32l0xx_hal_gpio.o
 .debug_loc     0x000009df      0x12f ./system/src/stm32l0xx/stm32l0xx_hal_pwr.o
 .debug_loc     0x00000b0e       0x1f ./system/src/stm32l0xx/stm32l0xx_hal_pwr_ex.o
 .debug_loc     0x00000b2d      0x49b ./system/src/stm32l0xx/stm32l0xx_hal_rcc.o
 .debug_loc     0x00000fc8      0x372 ./system/src/stm32l0xx/stm32l0xx_hal_rcc_ex.o
 .debug_loc     0x0000133a      0xab7 ./system/src/stm32l0xx/stm32l0xx_hal_rtc.o
 .debug_loc     0x00001df1      0xd82 ./system/src/stm32l0xx/stm32l0xx_hal_rtc_ex.o
 .debug_loc     0x00002b73      0xec6 ./system/src/stm32l0xx/stm32l0xx_hal_spi.o
 .debug_loc     0x00003a39       0x21 ./system/src/newlib/_exit.o
 .debug_loc     0x00003a5a      0x218 ./system/src/newlib/_startup.o
 .debug_loc     0x00003c72       0x63 ./system/src/newlib/_syscalls.o
 .debug_loc     0x00003cd5      0x123 ./system/src/cmsis/system_stm32l0xx.o
 .debug_loc     0x00003df8      0x85e ./src/LoRaMac-api-v3.o
 .debug_loc     0x00004656     0x2857 ./src/LoRaMac.o
 .debug_loc     0x00006ead      0x5f5 ./src/LoRaMacCrypto.o
 .debug_loc     0x000074a2      0x8be ./src/aes.o
 .debug_loc     0x00007d60       0x8d ./src/board.o
 .debug_loc     0x00007ded      0x390 ./src/cmac.o
 .debug_loc     0x0000817d       0x7e ./src/delay.o
 .debug_loc     0x000081fb      0x398 ./src/gpio-board.o
 .debug_loc     0x00008593       0xaa ./src/main_telemic.o
 .debug_loc     0x0000863d      0x87a ./src/rtc-board.o
 .debug_loc     0x00008eb7      0x36d ./src/spi-board.o
 .debug_loc     0x00009224       0xc6 ./src/stm32l0xx_hal_msp.o
 .debug_loc     0x000092ea       0x63 ./src/sx1272-board.o
 .debug_loc     0x0000934d     0x1209 ./src/sx1272.o
 .debug_loc     0x0000a556      0x4fa ./src/timer.o
 .debug_loc     0x0000aa50      0x263 ./src/utilities.o

.debug_macinfo
 *(.debug_macinfo)

.debug_weaknames
 *(.debug_weaknames)

.debug_funcnames
 *(.debug_funcnames)

.debug_typenames
 *(.debug_typenames)

.debug_varnames
 *(.debug_varnames)
OUTPUT(telemic_v1.elf elf32-littlearm)

.debug_ranges   0x00000000     0x11d0
 .debug_ranges  0x00000000       0xc8 ./system/src/stm32l0xx/stm32l0xx_hal.o
 .debug_ranges  0x000000c8       0x50 ./system/src/stm32l0xx/stm32l0xx_hal_comp.o
 .debug_ranges  0x00000118       0xf0 ./system/src/stm32l0xx/stm32l0xx_hal_cortex.o
 .debug_ranges  0x00000208       0x48 ./system/src/stm32l0xx/stm32l0xx_hal_gpio.o
 .debug_ranges  0x00000250       0x90 ./system/src/stm32l0xx/stm32l0xx_hal_pwr.o
 .debug_ranges  0x000002e0       0x38 ./system/src/stm32l0xx/stm32l0xx_hal_pwr_ex.o
 .debug_ranges  0x00000318       0xb8 ./system/src/stm32l0xx/stm32l0xx_hal_rcc.o
 .debug_ranges  0x000003d0       0x48 ./system/src/stm32l0xx/stm32l0xx_hal_rcc_ex.o
 .debug_ranges  0x00000418       0x98 ./system/src/stm32l0xx/stm32l0xx_hal_rtc.o
 .debug_ranges  0x000004b0       0xf0 ./system/src/stm32l0xx/stm32l0xx_hal_rtc_ex.o
 .debug_ranges  0x000005a0       0xf8 ./system/src/stm32l0xx/stm32l0xx_hal_spi.o
 .debug_ranges  0x00000698       0x18 ./system/src/newlib/_exit.o
 .debug_ranges  0x000006b0       0x48 ./system/src/newlib/_startup.o
 .debug_ranges  0x000006f8       0x20 ./system/src/newlib/_syscalls.o
 .debug_ranges  0x00000718       0x18 ./system/src/cortexm/_initialize_hardware.o
 .debug_ranges  0x00000730       0x10 ./system/src/cortexm/_reset_hardware.o
 .debug_ranges  0x00000740       0x40 ./system/src/cortexm/exception_handlers.o
 .debug_ranges  0x00000780       0x20 ./system/src/cmsis/startup_stm32l051xx.o
 .debug_ranges  0x000007a0       0x18 ./system/src/cmsis/system_stm32l0xx.o
 .debug_ranges  0x000007b8      0x118 ./src/LoRaMac-api-v3.o
 .debug_ranges  0x000008d0      0x298 ./src/LoRaMac.o
 .debug_ranges  0x00000b68       0x38 ./src/LoRaMacCrypto.o
 .debug_ranges  0x00000ba0       0xc8 ./src/aes.o
 .debug_ranges  0x00000c68       0x78 ./src/board.o
 .debug_ranges  0x00000ce0       0x28 ./src/cmac.o
 .debug_ranges  0x00000d08       0x18 ./src/delay.o
 .debug_ranges  0x00000d20       0xa0 ./src/gpio-board.o
 .debug_ranges  0x00000dc0       0x40 ./src/main_telemic.o
 .debug_ranges  0x00000e00      0x100 ./src/rtc-board.o
 .debug_ranges  0x00000f00       0x38 ./src/spi-board.o
 .debug_ranges  0x00000f38       0x70 ./src/stm32l0xx_hal_msp.o
 .debug_ranges  0x00000fa8       0x18 ./src/stm32l0xx_it.o
 .debug_ranges  0x00000fc0       0x38 ./src/sx1272-board.o
 .debug_ranges  0x00000ff8      0x110 ./src/sx1272.o
 .debug_ranges  0x00001108       0x88 ./src/timer.o
 .debug_ranges  0x00001190       0x40 ./src/utilities.o
